[0.070s] DEBUG:colcon:Command line arguments: ['/usr/bin/colcon', 'build']
[0.070s] DEBUG:colcon:Parsed command line arguments: Namespace(log_base=None, log_level=None, verb_name='build', build_base='build', install_base='install', merge_install=False, symlink_install=False, test_result_base=None, continue_on_error=False, executor='parallel', parallel_workers=16, event_handlers=None, ignore_user_meta=False, metas=['./colcon.meta'], base_paths=['.'], packages_ignore=None, packages_ignore_regex=None, paths=None, packages_up_to=None, packages_up_to_regex=None, packages_above=None, packages_above_and_dependencies=None, packages_above_depth=None, packages_select_by_dep=None, packages_skip_by_dep=None, packages_skip_up_to=None, packages_select_build_failed=False, packages_skip_build_finished=False, packages_select_test_failures=False, packages_skip_test_passed=False, packages_select=None, packages_skip=None, packages_select_regex=None, packages_skip_regex=None, packages_start=None, packages_end=None, allow_overriding=[], cmake_args=None, cmake_target=None, cmake_target_skip_unavailable=False, cmake_clean_cache=False, cmake_clean_first=False, cmake_force_configure=False, ament_cmake_args=None, catkin_cmake_args=None, catkin_skip_building_tests=False, mixin_files=None, mixin=None, verb_parser=<colcon_mixin.mixin.mixin_argument.MixinArgumentDecorator object at 0x7fd8e196bef0>, verb_extension=<colcon_core.verb.build.BuildVerb object at 0x7fd8e196bc50>, main=<bound method BuildVerb.main of <colcon_core.verb.build.BuildVerb object at 0x7fd8e196bc50>>, mixin_verb=('build',))
[0.100s] Level 1:colcon.colcon_core.package_discovery:discover_packages(colcon_meta) check parameters
[0.100s] Level 1:colcon.colcon_core.package_discovery:discover_packages(recursive) check parameters
[0.100s] Level 1:colcon.colcon_core.package_discovery:discover_packages(ignore) check parameters
[0.100s] Level 1:colcon.colcon_core.package_discovery:discover_packages(path) check parameters
[0.100s] Level 1:colcon.colcon_core.package_discovery:discover_packages(colcon_meta) discover
[0.100s] Level 1:colcon.colcon_core.package_discovery:discover_packages(recursive) discover
[0.100s] INFO:colcon.colcon_core.package_discovery:Crawling recursively for packages in '/home/yuanyan/LIO-SAM-ros2'
[0.100s] Level 1:colcon.colcon_core.package_identification:_identify(.) by extensions ['ignore', 'ignore_ament_install']
[0.100s] Level 1:colcon.colcon_core.package_identification:_identify(.) by extension 'ignore'
[0.100s] Level 1:colcon.colcon_core.package_identification:_identify(.) by extension 'ignore_ament_install'
[0.100s] Level 1:colcon.colcon_core.package_identification:_identify(.) by extensions ['colcon_pkg']
[0.100s] Level 1:colcon.colcon_core.package_identification:_identify(.) by extension 'colcon_pkg'
[0.100s] Level 1:colcon.colcon_core.package_identification:_identify(.) by extensions ['colcon_meta']
[0.100s] Level 1:colcon.colcon_core.package_identification:_identify(.) by extension 'colcon_meta'
[0.100s] Level 1:colcon.colcon_core.package_identification:_identify(.) by extensions ['ros']
[0.100s] Level 1:colcon.colcon_core.package_identification:_identify(.) by extension 'ros'
[0.120s] DEBUG:colcon.colcon_core.package_identification:Package '.' with type 'ros.ament_cmake' and name 'lio_sam'
[0.120s] Level 1:colcon.colcon_core.package_discovery:discover_packages(recursive) using defaults
[0.120s] Level 1:colcon.colcon_core.package_discovery:discover_packages(ignore) discover
[0.120s] Level 1:colcon.colcon_core.package_discovery:discover_packages(ignore) using defaults
[0.120s] Level 1:colcon.colcon_core.package_discovery:discover_packages(path) discover
[0.120s] Level 1:colcon.colcon_core.package_discovery:discover_packages(path) using defaults
[0.133s] Level 1:colcon.colcon_core.package_discovery:discover_packages(prefix_path) check parameters
[0.133s] Level 1:colcon.colcon_core.package_discovery:discover_packages(prefix_path) discover
[0.135s] DEBUG:colcon.colcon_installed_package_information.package_discovery:Found 372 installed packages in /opt/ros/jazzy
[0.136s] Level 1:colcon.colcon_core.package_discovery:discover_packages(prefix_path) using defaults
[0.165s] Level 5:colcon.colcon_core.verb:set package 'lio_sam' build argument 'cmake_args' from command line to 'None'
[0.165s] Level 5:colcon.colcon_core.verb:set package 'lio_sam' build argument 'cmake_target' from command line to 'None'
[0.165s] Level 5:colcon.colcon_core.verb:set package 'lio_sam' build argument 'cmake_target_skip_unavailable' from command line to 'False'
[0.165s] Level 5:colcon.colcon_core.verb:set package 'lio_sam' build argument 'cmake_clean_cache' from command line to 'False'
[0.165s] Level 5:colcon.colcon_core.verb:set package 'lio_sam' build argument 'cmake_clean_first' from command line to 'False'
[0.165s] Level 5:colcon.colcon_core.verb:set package 'lio_sam' build argument 'cmake_force_configure' from command line to 'False'
[0.165s] Level 5:colcon.colcon_core.verb:set package 'lio_sam' build argument 'ament_cmake_args' from command line to 'None'
[0.165s] Level 5:colcon.colcon_core.verb:set package 'lio_sam' build argument 'catkin_cmake_args' from command line to 'None'
[0.165s] Level 5:colcon.colcon_core.verb:set package 'lio_sam' build argument 'catkin_skip_building_tests' from command line to 'False'
[0.165s] DEBUG:colcon.colcon_core.verb:Building package 'lio_sam' with the following arguments: {'ament_cmake_args': None, 'build_base': '/home/yuanyan/LIO-SAM-ros2/build/lio_sam', 'catkin_cmake_args': None, 'catkin_skip_building_tests': False, 'cmake_args': None, 'cmake_clean_cache': False, 'cmake_clean_first': False, 'cmake_force_configure': False, 'cmake_target': None, 'cmake_target_skip_unavailable': False, 'install_base': '/home/yuanyan/LIO-SAM-ros2/install/lio_sam', 'merge_install': False, 'path': '/home/yuanyan/LIO-SAM-ros2', 'symlink_install': False, 'test_result_base': None}
[0.165s] INFO:colcon.colcon_core.executor:Executing jobs using 'parallel' executor
[0.166s] DEBUG:colcon.colcon_parallel_executor.executor.parallel:run_until_complete
[0.166s] INFO:colcon.colcon_ros.task.ament_cmake.build:Building ROS package in '/home/yuanyan/LIO-SAM-ros2' with build type 'ament_cmake'
[0.166s] INFO:colcon.colcon_cmake.task.cmake.build:Building CMake package in '/home/yuanyan/LIO-SAM-ros2'
[0.167s] INFO:colcon.colcon_core.plugin_system:Skipping extension 'colcon_core.shell.bat': Not used on non-Windows systems
[0.168s] INFO:colcon.colcon_core.shell:Skip shell extension 'powershell' for command environment: Not usable outside of PowerShell
[0.168s] DEBUG:colcon.colcon_core.shell:Skip shell extension 'dsv' for command environment
[0.174s] DEBUG:colcon.colcon_core.event_handler.log_command:Invoking command in '/home/yuanyan/LIO-SAM-ros2/build/lio_sam': CMAKE_PREFIX_PATH=${CMAKE_PREFIX_PATH}:/opt/ros/jazzy DEBUGINFOD_URLS=https://debuginfod.ubuntu.com /usr/bin/cmake --build /home/yuanyan/LIO-SAM-ros2/build/lio_sam -- -j16 -l16
[21.417s] DEBUG:colcon.colcon_core.event_handler.log_command:Invoked command in '/home/yuanyan/LIO-SAM-ros2/build/lio_sam' returned '0': CMAKE_PREFIX_PATH=${CMAKE_PREFIX_PATH}:/opt/ros/jazzy DEBUGINFOD_URLS=https://debuginfod.ubuntu.com /usr/bin/cmake --build /home/yuanyan/LIO-SAM-ros2/build/lio_sam -- -j16 -l16
[21.426s] DEBUG:colcon.colcon_core.event_handler.log_command:Invoking command in '/home/yuanyan/LIO-SAM-ros2/build/lio_sam': CMAKE_PREFIX_PATH=${CMAKE_PREFIX_PATH}:/opt/ros/jazzy DEBUGINFOD_URLS=https://debuginfod.ubuntu.com /usr/bin/cmake --install /home/yuanyan/LIO-SAM-ros2/build/lio_sam
[21.481s] Level 1:colcon.colcon_core.environment:create_environment_scripts_only(lio_sam)
[21.481s] DEBUG:colcon.colcon_core.event_handler.log_command:Invoked command in '/home/yuanyan/LIO-SAM-ros2/build/lio_sam' returned '0': CMAKE_PREFIX_PATH=${CMAKE_PREFIX_PATH}:/opt/ros/jazzy DEBUGINFOD_URLS=https://debuginfod.ubuntu.com /usr/bin/cmake --install /home/yuanyan/LIO-SAM-ros2/build/lio_sam
[21.483s] Level 1:colcon.colcon_core.environment:checking '/home/yuanyan/LIO-SAM-ros2/install/lio_sam' for CMake module files
[21.483s] Level 1:colcon.colcon_core.environment:checking '/home/yuanyan/LIO-SAM-ros2/install/lio_sam' for CMake config files
[21.483s] Level 1:colcon.colcon_core.shell:create_environment_hook('lio_sam', 'cmake_prefix_path')
[21.484s] INFO:colcon.colcon_core.shell:Creating environment hook '/home/yuanyan/LIO-SAM-ros2/install/lio_sam/share/lio_sam/hook/cmake_prefix_path.ps1'
[21.484s] INFO:colcon.colcon_core.shell:Creating environment descriptor '/home/yuanyan/LIO-SAM-ros2/install/lio_sam/share/lio_sam/hook/cmake_prefix_path.dsv'
[21.484s] INFO:colcon.colcon_core.shell:Creating environment hook '/home/yuanyan/LIO-SAM-ros2/install/lio_sam/share/lio_sam/hook/cmake_prefix_path.sh'
[21.485s] Level 1:colcon.colcon_core.environment:checking '/home/yuanyan/LIO-SAM-ros2/install/lio_sam/lib'
[21.485s] Level 1:colcon.colcon_core.shell:create_environment_hook('lio_sam', 'ld_library_path_lib')
[21.485s] INFO:colcon.colcon_core.shell:Creating environment hook '/home/yuanyan/LIO-SAM-ros2/install/lio_sam/share/lio_sam/hook/ld_library_path_lib.ps1'
[21.485s] INFO:colcon.colcon_core.shell:Creating environment descriptor '/home/yuanyan/LIO-SAM-ros2/install/lio_sam/share/lio_sam/hook/ld_library_path_lib.dsv'
[21.486s] INFO:colcon.colcon_core.shell:Creating environment hook '/home/yuanyan/LIO-SAM-ros2/install/lio_sam/share/lio_sam/hook/ld_library_path_lib.sh'
[21.486s] Level 1:colcon.colcon_core.environment:checking '/home/yuanyan/LIO-SAM-ros2/install/lio_sam/bin'
[21.486s] Level 1:colcon.colcon_core.environment:checking '/home/yuanyan/LIO-SAM-ros2/install/lio_sam/lib/pkgconfig/lio_sam.pc'
[21.486s] Level 1:colcon.colcon_core.environment:checking '/home/yuanyan/LIO-SAM-ros2/install/lio_sam/lib/python3.12/site-packages'
[21.486s] Level 1:colcon.colcon_core.shell:create_environment_hook('lio_sam', 'pythonpath')
[21.486s] INFO:colcon.colcon_core.shell:Creating environment hook '/home/yuanyan/LIO-SAM-ros2/install/lio_sam/share/lio_sam/hook/pythonpath.ps1'
[21.486s] INFO:colcon.colcon_core.shell:Creating environment descriptor '/home/yuanyan/LIO-SAM-ros2/install/lio_sam/share/lio_sam/hook/pythonpath.dsv'
[21.487s] INFO:colcon.colcon_core.shell:Creating environment hook '/home/yuanyan/LIO-SAM-ros2/install/lio_sam/share/lio_sam/hook/pythonpath.sh'
[21.487s] Level 1:colcon.colcon_core.environment:checking '/home/yuanyan/LIO-SAM-ros2/install/lio_sam/bin'
[21.487s] INFO:colcon.colcon_core.shell:Creating package script '/home/yuanyan/LIO-SAM-ros2/install/lio_sam/share/lio_sam/package.ps1'
[21.488s] INFO:colcon.colcon_core.shell:Creating package descriptor '/home/yuanyan/LIO-SAM-ros2/install/lio_sam/share/lio_sam/package.dsv'
[21.488s] INFO:colcon.colcon_core.shell:Creating package script '/home/yuanyan/LIO-SAM-ros2/install/lio_sam/share/lio_sam/package.sh'
[21.488s] INFO:colcon.colcon_core.shell:Creating package script '/home/yuanyan/LIO-SAM-ros2/install/lio_sam/share/lio_sam/package.bash'
[21.489s] INFO:colcon.colcon_core.shell:Creating package script '/home/yuanyan/LIO-SAM-ros2/install/lio_sam/share/lio_sam/package.zsh'
[21.490s] Level 1:colcon.colcon_core.environment:create_file_with_runtime_dependencies(/home/yuanyan/LIO-SAM-ros2/install/lio_sam/share/colcon-core/packages/lio_sam)
[21.490s] Level 1:colcon.colcon_core.environment:create_environment_scripts_only(lio_sam)
[21.490s] Level 1:colcon.colcon_core.environment:checking '/home/yuanyan/LIO-SAM-ros2/install/lio_sam' for CMake module files
[21.491s] Level 1:colcon.colcon_core.environment:checking '/home/yuanyan/LIO-SAM-ros2/install/lio_sam' for CMake config files
[21.492s] Level 1:colcon.colcon_core.shell:create_environment_hook('lio_sam', 'cmake_prefix_path')
[21.492s] INFO:colcon.colcon_core.shell:Creating environment hook '/home/yuanyan/LIO-SAM-ros2/install/lio_sam/share/lio_sam/hook/cmake_prefix_path.ps1'
[21.492s] INFO:colcon.colcon_core.shell:Creating environment descriptor '/home/yuanyan/LIO-SAM-ros2/install/lio_sam/share/lio_sam/hook/cmake_prefix_path.dsv'
[21.492s] INFO:colcon.colcon_core.shell:Creating environment hook '/home/yuanyan/LIO-SAM-ros2/install/lio_sam/share/lio_sam/hook/cmake_prefix_path.sh'
[21.493s] Level 1:colcon.colcon_core.environment:checking '/home/yuanyan/LIO-SAM-ros2/install/lio_sam/lib'
[21.493s] Level 1:colcon.colcon_core.shell:create_environment_hook('lio_sam', 'ld_library_path_lib')
[21.493s] INFO:colcon.colcon_core.shell:Creating environment hook '/home/yuanyan/LIO-SAM-ros2/install/lio_sam/share/lio_sam/hook/ld_library_path_lib.ps1'
[21.494s] INFO:colcon.colcon_core.shell:Creating environment descriptor '/home/yuanyan/LIO-SAM-ros2/install/lio_sam/share/lio_sam/hook/ld_library_path_lib.dsv'
[21.494s] INFO:colcon.colcon_core.shell:Creating environment hook '/home/yuanyan/LIO-SAM-ros2/install/lio_sam/share/lio_sam/hook/ld_library_path_lib.sh'
[21.494s] Level 1:colcon.colcon_core.environment:checking '/home/yuanyan/LIO-SAM-ros2/install/lio_sam/bin'
[21.494s] Level 1:colcon.colcon_core.environment:checking '/home/yuanyan/LIO-SAM-ros2/install/lio_sam/lib/pkgconfig/lio_sam.pc'
[21.494s] Level 1:colcon.colcon_core.environment:checking '/home/yuanyan/LIO-SAM-ros2/install/lio_sam/lib/python3.12/site-packages'
[21.494s] Level 1:colcon.colcon_core.shell:create_environment_hook('lio_sam', 'pythonpath')
[21.494s] INFO:colcon.colcon_core.shell:Creating environment hook '/home/yuanyan/LIO-SAM-ros2/install/lio_sam/share/lio_sam/hook/pythonpath.ps1'
[21.495s] INFO:colcon.colcon_core.shell:Creating environment descriptor '/home/yuanyan/LIO-SAM-ros2/install/lio_sam/share/lio_sam/hook/pythonpath.dsv'
[21.495s] INFO:colcon.colcon_core.shell:Creating environment hook '/home/yuanyan/LIO-SAM-ros2/install/lio_sam/share/lio_sam/hook/pythonpath.sh'
[21.495s] Level 1:colcon.colcon_core.environment:checking '/home/yuanyan/LIO-SAM-ros2/install/lio_sam/bin'
[21.495s] INFO:colcon.colcon_core.shell:Creating package script '/home/yuanyan/LIO-SAM-ros2/install/lio_sam/share/lio_sam/package.ps1'
[21.496s] INFO:colcon.colcon_core.shell:Creating package descriptor '/home/yuanyan/LIO-SAM-ros2/install/lio_sam/share/lio_sam/package.dsv'
[21.496s] INFO:colcon.colcon_core.shell:Creating package script '/home/yuanyan/LIO-SAM-ros2/install/lio_sam/share/lio_sam/package.sh'
[21.496s] INFO:colcon.colcon_core.shell:Creating package script '/home/yuanyan/LIO-SAM-ros2/install/lio_sam/share/lio_sam/package.bash'
[21.496s] INFO:colcon.colcon_core.shell:Creating package script '/home/yuanyan/LIO-SAM-ros2/install/lio_sam/share/lio_sam/package.zsh'
[21.497s] Level 1:colcon.colcon_core.environment:create_file_with_runtime_dependencies(/home/yuanyan/LIO-SAM-ros2/install/lio_sam/share/colcon-core/packages/lio_sam)
[21.497s] DEBUG:colcon.colcon_parallel_executor.executor.parallel:closing loop
[21.497s] DEBUG:colcon.colcon_parallel_executor.executor.parallel:loop closed
[21.497s] DEBUG:colcon.colcon_parallel_executor.executor.parallel:run_until_complete finished with '0'
[21.497s] DEBUG:colcon.colcon_core.event_reactor:joining thread
[21.501s] INFO:colcon.colcon_core.plugin_system:Skipping extension 'colcon_notification.desktop_notification.terminal_notifier': Not used on non-Darwin systems
[21.501s] INFO:colcon.colcon_core.plugin_system:Skipping extension 'colcon_notification.desktop_notification.win32': Not used on non-Windows systems
[21.501s] INFO:colcon.colcon_notification.desktop_notification:Sending desktop notification using 'notify2'
[21.521s] DEBUG:colcon.colcon_core.event_reactor:joined thread
[21.521s] INFO:colcon.colcon_core.shell:Creating prefix script '/home/yuanyan/LIO-SAM-ros2/install/local_setup.ps1'
[21.521s] INFO:colcon.colcon_core.shell:Creating prefix util module '/home/yuanyan/LIO-SAM-ros2/install/_local_setup_util_ps1.py'
[21.522s] INFO:colcon.colcon_core.shell:Creating prefix chain script '/home/yuanyan/LIO-SAM-ros2/install/setup.ps1'
[21.523s] INFO:colcon.colcon_core.shell:Creating prefix script '/home/yuanyan/LIO-SAM-ros2/install/local_setup.sh'
[21.523s] INFO:colcon.colcon_core.shell:Creating prefix util module '/home/yuanyan/LIO-SAM-ros2/install/_local_setup_util_sh.py'
[21.524s] INFO:colcon.colcon_core.shell:Creating prefix chain script '/home/yuanyan/LIO-SAM-ros2/install/setup.sh'
[21.524s] INFO:colcon.colcon_core.shell:Creating prefix script '/home/yuanyan/LIO-SAM-ros2/install/local_setup.bash'
[21.524s] INFO:colcon.colcon_core.shell:Creating prefix chain script '/home/yuanyan/LIO-SAM-ros2/install/setup.bash'
[21.525s] INFO:colcon.colcon_core.shell:Creating prefix script '/home/yuanyan/LIO-SAM-ros2/install/local_setup.zsh'
[21.526s] INFO:colcon.colcon_core.shell:Creating prefix chain script '/home/yuanyan/LIO-SAM-ros2/install/setup.zsh'
