[33mCMake Warning (dev) at /usr/lib/x86_64-linux-gnu/cmake/pcl/Modules/FindFLANN.cmake:45 (find_package):
  Policy CMP0144 is not set: find_package uses upper-case <PACKAGENAME>_ROOT
  variables.  Run "cmake --help-policy CMP0144" for policy details.  Use the
  cmake_policy command to set the policy and suppress this warning.

  CMake variable FLANN_ROOT is set to:

    /usr

  For compatibility, find_package is ignoring the variable, but code in a
  .cmake module might still use it.
Call Stack (most recent call first):
  /usr/lib/x86_64-linux-gnu/cmake/pcl/PCLConfig.cmake:261 (find_package)
  /usr/lib/x86_64-linux-gnu/cmake/pcl/PCLConfig.cmake:306 (find_flann)
  /usr/lib/x86_64-linux-gnu/cmake/pcl/PCLConfig.cmake:570 (find_external_library)
  CMakeLists.txt:27 (find_package)
This warning is for project developers.  Use -Wno-dev to suppress it.
[0m
[0m** WARNING ** io features related to pcap will be disabled[0m
[0mCMake Deprecation Warning at /opt/ros/jazzy/share/rosidl_cmake/cmake/rosidl_target_interfaces.cmake:32 (message):
  Use rosidl_get_typesupport_target() and target_link_libraries() instead of
  rosidl_target_interfaces().  i.e:

    rosidl_get_typesupport_target(cpp_typesupport_target "${PROJECT_NAME}" "rosidl_typesupport_cpp")
    target_link_libraries(${PROJECT_NAME}_node "${cpp_typesupport_target}")

Call Stack (most recent call first):
  CMakeLists.txt:40 (rosidl_target_interfaces)

[0m
[0mCMake Deprecation Warning at /opt/ros/jazzy/share/rosidl_cmake/cmake/rosidl_target_interfaces.cmake:32 (message):
  Use rosidl_get_typesupport_target() and target_link_libraries() instead of
  rosidl_target_interfaces().  i.e:

    rosidl_get_typesupport_target(cpp_typesupport_target "${PROJECT_NAME}" "rosidl_typesupport_cpp")
    target_link_libraries(${PROJECT_NAME}_node "${cpp_typesupport_target}")

Call Stack (most recent call first):
  CMakeLists.txt:44 (rosidl_target_interfaces)

[0m
[0mCMake Deprecation Warning at /opt/ros/jazzy/share/rosidl_cmake/cmake/rosidl_target_interfaces.cmake:32 (message):
  Use rosidl_get_typesupport_target() and target_link_libraries() instead of
  rosidl_target_interfaces().  i.e:

    rosidl_get_typesupport_target(cpp_typesupport_target "${PROJECT_NAME}" "rosidl_typesupport_cpp")
    target_link_libraries(${PROJECT_NAME}_node "${cpp_typesupport_target}")

Call Stack (most recent call first):
  CMakeLists.txt:49 (rosidl_target_interfaces)

[0m
[0mCMake Deprecation Warning at /opt/ros/jazzy/share/rosidl_cmake/cmake/rosidl_target_interfaces.cmake:32 (message):
  Use rosidl_get_typesupport_target() and target_link_libraries() instead of
  rosidl_target_interfaces().  i.e:

    rosidl_get_typesupport_target(cpp_typesupport_target "${PROJECT_NAME}" "rosidl_typesupport_cpp")
    target_link_libraries(${PROJECT_NAME}_node "${cpp_typesupport_target}")

Call Stack (most recent call first):
  CMakeLists.txt:54 (rosidl_target_interfaces)

[0m
In file included from [01m[K/usr/local/include/gtsam/base/Matrix.h:28[m[K,
                 from [01m[K/usr/local/include/gtsam/base/Manifold.h:22[m[K,
                 from [01m[K/usr/local/include/gtsam/base/Lie.h:26[m[K,
                 from [01m[K/usr/local/include/gtsam/base/VectorSpace.h:11[m[K,
                 from [01m[K/usr/local/include/gtsam/geometry/Point2.h:20[m[K,
                 from [01m[K/usr/local/include/gtsam/geometry/Unit3.h:23[m[K,
                 from [01m[K/usr/local/include/gtsam/geometry/Rot3.h:26[m[K,
                 from [01m[K/home/yuanyan/LIO-SAM-ros2/src/imuPreintegration.cpp:3[m[K:
[01m[K/usr/local/include/gtsam/base/Vector.h:75:30:[m[K [01;31m[Kerror: [m[Kstatic assertion failed: Error: GTSAM was built against a different version of Eigen
   75 |     GTSAM_EIGEN_VERSION_MAJOR[01;31m[K=[m[K=EIGEN_MAJOR_VERSION,
      |                              [01;31m[K^[m[K
[01m[K/usr/local/include/gtsam/base/Vector.h:75:30:[m[K [01;36m[Knote: [m[Kthe comparison reduces to ‘[01m[K(3 == 4)[m[K’
In file included from [01m[K/usr/local/include/gtsam/base/Matrix.h:28[m[K,
                 from [01m[K/usr/local/include/gtsam/base/Manifold.h:22[m[K,
                 from [01m[K/usr/local/include/gtsam/base/Lie.h:26[m[K,
                 from [01m[K/usr/local/include/gtsam/base/VectorSpace.h:11[m[K,
                 from [01m[K/usr/local/include/gtsam/geometry/Point2.h:20[m[K,
                 from [01m[K/usr/local/include/gtsam/geometry/Unit3.h:23[m[K,
                 from [01m[K/usr/local/include/gtsam/geometry/Rot3.h:26[m[K,
                 from [01m[K/home/yuanyan/LIO-SAM-ros2/src/mapOptmization.cpp:4[m[K:
[01m[K/usr/local/include/gtsam/base/Vector.h:75:30:[m[K [01;31m[Kerror: [m[Kstatic assertion failed: Error: GTSAM was built against a different version of Eigen
   75 |     GTSAM_EIGEN_VERSION_MAJOR[01;31m[K=[m[K=EIGEN_MAJOR_VERSION,
      |                              [01;31m[K^[m[K
[01m[K/usr/local/include/gtsam/base/Vector.h:75:30:[m[K [01;36m[Knote: [m[Kthe comparison reduces to ‘[01m[K(3 == 4)[m[K’
gmake[2]: *** [CMakeFiles/lio_sam_imuPreintegration.dir/build.make:76: CMakeFiles/lio_sam_imuPreintegration.dir/src/imuPreintegration.cpp.o] Error 1
gmake[1]: *** [CMakeFiles/Makefile2:690: CMakeFiles/lio_sam_imuPreintegration.dir/all] Error 2
gmake[1]: *** Waiting for unfinished jobs....
gmake[2]: *** [CMakeFiles/lio_sam_mapOptimization.dir/build.make:76: CMakeFiles/lio_sam_mapOptimization.dir/src/mapOptmization.cpp.o] Error 1
gmake[1]: *** [CMakeFiles/Makefile2:719: CMakeFiles/lio_sam_mapOptimization.dir/all] Error 2
gmake: *** [Makefile:146: all] Error 2
