[0.017s] Invoking command in '/home/yuanyan/Robot/build/terrain_analysis': CMAKE_PREFIX_PATH=${CMAKE_PREFIX_PATH}:/opt/ros/jazzy DEBUGINFOD_URLS=https://debuginfod.ubuntu.com /usr/bin/cmake --build /home/yuanyan/Robot/build/terrain_analysis -- -j16 -l16
[0.067s] [100%] Built target terrainAnalysis
[0.080s] Invoked command in '/home/yuanyan/Robot/build/terrain_analysis' returned '0': CMAKE_PREFIX_PATH=${CMAKE_PREFIX_PATH}:/opt/ros/jazzy DEBUGINFOD_URLS=https://debuginfod.ubuntu.com /usr/bin/cmake --build /home/yuanyan/Robot/build/terrain_analysis -- -j16 -l16
[0.081s] Invoking command in '/home/yuanyan/Robot/build/terrain_analysis': CMAKE_PREFIX_PATH=${CMAKE_PREFIX_PATH}:/opt/ros/jazzy DEBUGINFOD_URLS=https://debuginfod.ubuntu.com /usr/bin/cmake --install /home/yuanyan/Robot/build/terrain_analysis
[0.086s] -- Install configuration: ""
[0.087s] -- Execute custom install script
[0.088s] -- Up-to-date symlink: /home/yuanyan/Robot/install/terrain_analysis/lib/terrain_analysis/terrainAnalysis
[0.088s] -- Up-to-date symlink: /home/yuanyan/Robot/install/terrain_analysis/share/terrain_analysis/launch/terrain_analysis.launch
[0.088s] -- Up-to-date symlink: /home/yuanyan/Robot/install/terrain_analysis/share/ament_index/resource_index/package_run_dependencies/terrain_analysis
[0.088s] -- Up-to-date symlink: /home/yuanyan/Robot/install/terrain_analysis/share/ament_index/resource_index/parent_prefix_path/terrain_analysis
[0.088s] -- Up-to-date symlink: /home/yuanyan/Robot/install/terrain_analysis/share/terrain_analysis/environment/ament_prefix_path.sh
[0.088s] -- Up-to-date symlink: /home/yuanyan/Robot/install/terrain_analysis/share/terrain_analysis/environment/ament_prefix_path.dsv
[0.088s] -- Up-to-date symlink: /home/yuanyan/Robot/install/terrain_analysis/share/terrain_analysis/environment/path.sh
[0.089s] -- Up-to-date symlink: /home/yuanyan/Robot/install/terrain_analysis/share/terrain_analysis/environment/path.dsv
[0.089s] -- Up-to-date symlink: /home/yuanyan/Robot/install/terrain_analysis/share/terrain_analysis/local_setup.bash
[0.089s] -- Up-to-date symlink: /home/yuanyan/Robot/install/terrain_analysis/share/terrain_analysis/local_setup.sh
[0.089s] -- Up-to-date symlink: /home/yuanyan/Robot/install/terrain_analysis/share/terrain_analysis/local_setup.zsh
[0.089s] -- Up-to-date symlink: /home/yuanyan/Robot/install/terrain_analysis/share/terrain_analysis/local_setup.dsv
[0.089s] -- Symlinking: /home/yuanyan/Robot/install/terrain_analysis/share/terrain_analysis/package.dsv
[0.103s] -- Up-to-date symlink: /home/yuanyan/Robot/install/terrain_analysis/share/ament_index/resource_index/packages/terrain_analysis
[0.103s] -- Up-to-date symlink: /home/yuanyan/Robot/install/terrain_analysis/share/terrain_analysis/cmake/terrain_analysisConfig.cmake
[0.104s] -- Up-to-date symlink: /home/yuanyan/Robot/install/terrain_analysis/share/terrain_analysis/cmake/terrain_analysisConfig-version.cmake
[0.104s] -- Up-to-date symlink: /home/yuanyan/Robot/install/terrain_analysis/share/terrain_analysis/package.xml
[0.126s] Invoked command in '/home/yuanyan/Robot/build/terrain_analysis' returned '0': CMAKE_PREFIX_PATH=${CMAKE_PREFIX_PATH}:/opt/ros/jazzy DEBUGINFOD_URLS=https://debuginfod.ubuntu.com /usr/bin/cmake --install /home/yuanyan/Robot/build/terrain_analysis
