[0.006s] Invoking command in '/home/yuanyan/LIO-SAM-ros2/build/lio_sam': CMAKE_PREFIX_PATH=${CMAKE_PREFIX_PATH}:/opt/ros/jazzy DEBUGINFOD_URLS=https://debuginfod.ubuntu.com /usr/bin/cmake /home/yuanyan/LIO-SAM-ros2 -DAMENT_CMAKE_SYMLINK_INSTALL=1 -DCMAKE_INSTALL_PREFIX=/home/yuanyan/LIO-SAM-ros2/install/lio_sam
[0.044s] -- The C compiler identification is GNU 13.3.0
[0.081s] -- The CXX compiler identification is GNU 13.3.0
[0.093s] -- Detecting C compiler ABI info
[0.155s] -- Detecting C compiler ABI info - done
[0.160s] -- Check for working C compiler: /usr/bin/cc - skipped
[0.161s] -- Detecting C compile features
[0.161s] -- Detecting C compile features - done
[0.167s] -- Detecting CXX compiler ABI info
[0.233s] -- Detecting CXX compiler ABI info - done
[0.239s] -- Check for working CXX compiler: /usr/bin/c++ - skipped
[0.239s] -- Detecting CXX compile features
[0.240s] -- Detecting CXX compile features - done
[0.242s] -- Found ament_cmake: 2.5.3 (/opt/ros/jazzy/share/ament_cmake/cmake)
[0.336s] -- Found Python3: /usr/bin/python3 (found version "3.12.3") found components: Interpreter 
[0.379s] -- Override CMake install command with custom implementation using symlinks instead of copying resources
[0.405s] -- Found rosidl_default_generators: 1.6.0 (/opt/ros/jazzy/share/rosidl_default_generators/cmake)
[0.409s] -- Using all available rosidl_typesupport_c: rosidl_typesupport_fastrtps_c;rosidl_typesupport_introspection_c
[0.444s] -- Using all available rosidl_typesupport_cpp: rosidl_typesupport_fastrtps_cpp;rosidl_typesupport_introspection_cpp
[0.473s] -- Found rosidl_adapter: 4.6.5 (/opt/ros/jazzy/share/rosidl_adapter/cmake)
[0.475s] -- Found rclcpp: 28.1.6 (/opt/ros/jazzy/share/rclcpp/cmake)
[0.530s] -- Found rmw_implementation_cmake: 7.3.1 (/opt/ros/jazzy/share/rmw_implementation_cmake/cmake)
[0.532s] -- Found rmw_fastrtps_cpp: 8.4.1 (/opt/ros/jazzy/share/rmw_fastrtps_cpp/cmake)
[0.598s] -- Found OpenSSL: /usr/lib/x86_64-linux-gnu/libcrypto.so (found version "3.0.13")  
[0.611s] -- Found FastRTPS: /opt/ros/jazzy/include (Required is at least version "2.13") 
[0.628s] -- Using RMW implementation 'rmw_fastrtps_cpp' as default
[0.678s] -- Found rclpy: 7.1.3 (/opt/ros/jazzy/share/rclpy/cmake)
[0.680s] -- Found cv_bridge: 4.1.0 (/opt/ros/jazzy/share/cv_bridge/cmake)
[0.727s] -- Found nav_msgs: 5.3.5 (/opt/ros/jazzy/share/nav_msgs/cmake)
[0.744s] -- Found visualization_msgs: 5.3.5 (/opt/ros/jazzy/share/visualization_msgs/cmake)
[0.763s] -- Found pcl_msgs: 1.0.0 (/opt/ros/jazzy/share/pcl_msgs/cmake)
[0.779s] -- Found tf2: 0.36.8 (/opt/ros/jazzy/share/tf2/cmake)
[0.782s] -- Found tf2_geometry_msgs: 0.36.8 (/opt/ros/jazzy/share/tf2_geometry_msgs/cmake)
[0.793s] -- Found eigen3_cmake_module: 0.3.0 (/opt/ros/jazzy/share/eigen3_cmake_module/cmake)
[0.793s] -- Found Eigen3: TRUE (found version "3.4.0") 
[0.794s] -- Ensuring Eigen3 include directory is part of orocos-kdl CMake target
[0.878s] -- Found tf2_sensor_msgs: 0.36.8 (/opt/ros/jazzy/share/tf2_sensor_msgs/cmake)
[0.882s] -- Found tf2_eigen: 0.36.8 (/opt/ros/jazzy/share/tf2_eigen/cmake)
[0.886s] -- Found OpenCV: /usr (found version "4.6.0") 
[0.908s] -- Found Boost: /usr/lib/x86_64-linux-gnu/cmake/Boost-1.83.0/BoostConfig.cmake (found suitable version "1.83.0", minimum required is "1.65.0") found components: system filesystem iostreams serialization 
[0.909s] [33mCMake Warning (dev) at /usr/lib/x86_64-linux-gnu/cmake/pcl/Modules/FindFLANN.cmake:45 (find_package):
[0.909s]   Policy CMP0144 is not set: find_package uses upper-case <PACKAGENAME>_ROOT
[0.909s]   variables.  Run "cmake --help-policy CMP0144" for policy details.  Use the
[0.909s]   cmake_policy command to set the policy and suppress this warning.
[0.909s] 
[0.909s]   CMake variable FLANN_ROOT is set to:
[0.909s] 
[0.909s]     /usr
[0.909s] 
[0.909s]   For compatibility, find_package is ignoring the variable, but code in a
[0.909s]   .cmake module might still use it.
[0.909s] Call Stack (most recent call first):
[0.910s]   /usr/lib/x86_64-linux-gnu/cmake/pcl/PCLConfig.cmake:261 (find_package)
[0.910s]   /usr/lib/x86_64-linux-gnu/cmake/pcl/PCLConfig.cmake:306 (find_flann)
[0.910s]   /usr/lib/x86_64-linux-gnu/cmake/pcl/PCLConfig.cmake:570 (find_external_library)
[0.910s]   CMakeLists.txt:27 (find_package)
[0.910s] This warning is for project developers.  Use -Wno-dev to suppress it.
[0.910s] [0m
[0.910s] -- Found flann version 1.9.2
[1.110s] -- Found OpenMP_CXX: -fopenmp (found version "4.5") 
[1.110s] -- Found OpenMP: TRUE (found version "4.5") found components: CXX 
[1.133s] -- Performing Test CMAKE_HAVE_LIBC_PTHREAD
[1.194s] -- Performing Test CMAKE_HAVE_LIBC_PTHREAD - Success
[1.195s] -- Found Threads: TRUE  
[1.196s] -- Found GLEW: /usr/lib/x86_64-linux-gnu/libGLEW.so  
[1.201s] -- Found OpenGL: /usr/lib/x86_64-linux-gnu/libOpenGL.so  found components: OpenGL GLX 
[1.321s] -- Found MPI_C: /usr/lib/x86_64-linux-gnu/libmpi.so (found version "3.1") 
[1.322s] -- Found MPI: TRUE (found version "3.1") found components: C 
[1.323s] -- Found JsonCpp: /usr/lib/x86_64-linux-gnu/libjsoncpp.so (found suitable version "1.9.5", minimum required is "0.7.0") 
[1.333s] -- Found ZLIB: /usr/lib/x86_64-linux-gnu/libz.so (found version "1.3")  
[1.347s] -- Found PNG: /usr/lib/x86_64-linux-gnu/libpng.so (found version "1.6.43") 
[1.354s] -- Found Eigen3: /usr/include/eigen3 (found version "3.4.0") 
[1.455s] -- Found X11: /usr/include   
[1.455s] -- Looking for XOpenDisplay in /usr/lib/x86_64-linux-gnu/libX11.so;/usr/lib/x86_64-linux-gnu/libXext.so
[1.512s] -- Looking for XOpenDisplay in /usr/lib/x86_64-linux-gnu/libX11.so;/usr/lib/x86_64-linux-gnu/libXext.so - found
[1.512s] -- Looking for gethostbyname
[1.572s] -- Looking for gethostbyname - found
[1.572s] -- Looking for connect
[1.631s] -- Looking for connect - found
[1.631s] -- Looking for remove
[1.688s] -- Looking for remove - found
[1.688s] -- Looking for shmat
[1.745s] -- Looking for shmat - found
[1.745s] -- Looking for IceConnectionNumber in ICE
[1.805s] -- Looking for IceConnectionNumber in ICE - found
[1.903s] -- Found EXPAT: /usr/lib/x86_64-linux-gnu/libexpat.so (found version "2.6.1") 
[1.904s] -- Found double-conversion: /usr/lib/x86_64-linux-gnu/libdouble-conversion.so  
[1.906s] -- Found LZ4: /usr/lib/x86_64-linux-gnu/liblz4.so (found version "1.9.4") 
[1.907s] -- Found LZMA: /usr/lib/x86_64-linux-gnu/liblzma.so (found version "5.4.5") 
[1.916s] -- Found JPEG: /usr/lib/x86_64-linux-gnu/libjpeg.so (found version "80") 
[1.927s] -- Found TIFF: /usr/lib/x86_64-linux-gnu/libtiff.so (found version "4.5.1")  
[1.930s] -- Found Freetype: /usr/lib/x86_64-linux-gnu/libfreetype.so (found version "2.13.2") 
[1.933s] -- Found utf8cpp: /usr/include/utf8cpp  
[1.998s] -- Checking for module 'libusb-1.0'
[2.010s] --   Found libusb-1.0, version 1.0.27
[2.039s] -- Found libusb: /usr/lib/x86_64-linux-gnu/libusb-1.0.so  
[2.040s] -- Found OpenNI: /usr/lib/libOpenNI.so;libusb::libusb (found version "1.5.4.0") 
[2.040s] -- OpenNI found (version: 1.5.4.0, include: /usr/include/ni, lib: /usr/lib/libOpenNI.so;libusb::libusb)
[2.085s] -- Found OpenNI2: /usr/lib/x86_64-linux-gnu/libOpenNI2.so;libusb::libusb (found version "2.2.0.33") 
[2.085s] -- OpenNI2 found (version: 2.2.0.33, include: /usr/include/openni2, lib: /usr/lib/x86_64-linux-gnu/libOpenNI2.so;libusb::libusb)
[2.087s] -- Could NOT find Pcap (missing: PCAP_LIBRARIES PCAP_INCLUDE_DIRS) 
[2.087s] [0m** WARNING ** io features related to pcap will be disabled[0m
[2.383s] -- OpenNI found (version: 1.5.4.0, include: /usr/include/ni, lib: /usr/lib/libOpenNI.so;libusb::libusb)
[2.388s] -- OpenNI2 found (version: 2.2.0.33, include: /usr/include/openni2, lib: /usr/lib/x86_64-linux-gnu/libOpenNI2.so;libusb::libusb)
[2.639s] -- Found Qhull version 8.0.2
[2.912s] -- OpenNI found (version: 1.5.4.0, include: /usr/include/ni, lib: /usr/lib/libOpenNI.so;libusb::libusb)
[3.170s] -- looking for PCL_COMMON
[3.171s] -- Found PCL_COMMON: /usr/lib/x86_64-linux-gnu/libpcl_common.so  
[3.171s] -- looking for PCL_KDTREE
[3.172s] -- Found PCL_KDTREE: /usr/lib/x86_64-linux-gnu/libpcl_kdtree.so  
[3.172s] -- looking for PCL_OCTREE
[3.172s] -- Found PCL_OCTREE: /usr/lib/x86_64-linux-gnu/libpcl_octree.so  
[3.172s] -- looking for PCL_SEARCH
[3.173s] -- Found PCL_SEARCH: /usr/lib/x86_64-linux-gnu/libpcl_search.so  
[3.173s] -- looking for PCL_SAMPLE_CONSENSUS
[3.174s] -- Found PCL_SAMPLE_CONSENSUS: /usr/lib/x86_64-linux-gnu/libpcl_sample_consensus.so  
[3.174s] -- looking for PCL_FILTERS
[3.174s] -- Found PCL_FILTERS: /usr/lib/x86_64-linux-gnu/libpcl_filters.so  
[3.174s] -- looking for PCL_2D
[3.174s] -- Found PCL_2D: /usr/include/pcl-1.14  
[3.175s] -- looking for PCL_GEOMETRY
[3.175s] -- Found PCL_GEOMETRY: /usr/include/pcl-1.14  
[3.175s] -- looking for PCL_IO
[3.175s] -- Found PCL_IO: /usr/lib/x86_64-linux-gnu/libpcl_io.so  
[3.176s] -- looking for PCL_FEATURES
[3.176s] -- Found PCL_FEATURES: /usr/lib/x86_64-linux-gnu/libpcl_features.so  
[3.176s] -- looking for PCL_ML
[3.177s] -- Found PCL_ML: /usr/lib/x86_64-linux-gnu/libpcl_ml.so  
[3.177s] -- looking for PCL_SEGMENTATION
[3.177s] -- Found PCL_SEGMENTATION: /usr/lib/x86_64-linux-gnu/libpcl_segmentation.so  
[3.178s] -- looking for PCL_VISUALIZATION
[3.178s] -- Found PCL_VISUALIZATION: /usr/lib/x86_64-linux-gnu/libpcl_visualization.so  
[3.178s] -- looking for PCL_SURFACE
[3.179s] -- Found PCL_SURFACE: /usr/lib/x86_64-linux-gnu/libpcl_surface.so  
[3.179s] -- looking for PCL_REGISTRATION
[3.180s] -- Found PCL_REGISTRATION: /usr/lib/x86_64-linux-gnu/libpcl_registration.so  
[3.180s] -- looking for PCL_KEYPOINTS
[3.180s] -- Found PCL_KEYPOINTS: /usr/lib/x86_64-linux-gnu/libpcl_keypoints.so  
[3.181s] -- looking for PCL_TRACKING
[3.181s] -- Found PCL_TRACKING: /usr/lib/x86_64-linux-gnu/libpcl_tracking.so  
[3.181s] -- looking for PCL_RECOGNITION
[3.182s] -- Found PCL_RECOGNITION: /usr/lib/x86_64-linux-gnu/libpcl_recognition.so  
[3.182s] -- looking for PCL_STEREO
[3.183s] -- Found PCL_STEREO: /usr/lib/x86_64-linux-gnu/libpcl_stereo.so  
[3.183s] -- looking for PCL_APPS
[3.183s] -- Found PCL_APPS: /usr/lib/x86_64-linux-gnu/libpcl_apps.so  
[3.184s] -- looking for PCL_IN_HAND_SCANNER
[3.184s] -- Found PCL_IN_HAND_SCANNER: /usr/include/pcl-1.14  
[3.184s] -- looking for PCL_MODELER
[3.184s] -- Found PCL_MODELER: /usr/include/pcl-1.14  
[3.184s] -- looking for PCL_POINT_CLOUD_EDITOR
[3.184s] -- Found PCL_POINT_CLOUD_EDITOR: /usr/include/pcl-1.14  
[3.184s] -- looking for PCL_OUTOFCORE
[3.185s] -- Found PCL_OUTOFCORE: /usr/lib/x86_64-linux-gnu/libpcl_outofcore.so  
[3.185s] -- looking for PCL_PEOPLE
[3.186s] -- Found PCL_PEOPLE: /usr/lib/x86_64-linux-gnu/libpcl_people.so  
[3.186s] -- Found PCL: pcl_common;pcl_kdtree;pcl_octree;pcl_search;pcl_sample_consensus;pcl_filters;pcl_io;pcl_features;pcl_ml;pcl_segmentation;pcl_visualization;pcl_surface;pcl_registration;pcl_keypoints;pcl_tracking;pcl_recognition;pcl_stereo;pcl_apps;pcl_outofcore;pcl_people;Boost::system;Boost::filesystem;Boost::iostreams;Boost::serialization;/usr/lib/libOpenNI.so;libusb::libusb;/usr/lib/x86_64-linux-gnu/libOpenNI2.so;libusb::libusb;VTK::ChartsCore;VTK::CommonColor;VTK::CommonComputationalGeometry;VTK::CommonCore;VTK::CommonDataModel;VTK::CommonExecutionModel;VTK::CommonMath;VTK::CommonMisc;VTK::CommonTransforms;VTK::FiltersCore;VTK::FiltersExtraction;VTK::FiltersGeneral;VTK::FiltersGeometry;VTK::FiltersModeling;VTK::FiltersSources;VTK::ImagingCore;VTK::ImagingSources;VTK::InteractionImage;VTK::InteractionStyle;VTK::InteractionWidgets;VTK::IOCore;VTK::IOGeometry;VTK::IOImage;VTK::IOLegacy;VTK::IOPLY;VTK::RenderingAnnotation;VTK::RenderingCore;VTK::RenderingContext2D;VTK::RenderingLOD;VTK::RenderingFreeType;VTK::ViewsCore;VTK::ViewsContext2D;VTK::RenderingOpenGL2;VTK::RenderingContextOpenGL2;VTK::GUISupportQt;FLANN::FLANN;QHULL::QHULL  
[3.205s] -- Found Boost: /usr/lib/x86_64-linux-gnu/cmake/Boost-1.83.0/BoostConfig.cmake (found suitable version "1.83.0", minimum required is "1.65") found components: serialization system filesystem thread program_options date_time timer chrono regex 
[3.206s] -- GTSAM include directory:  /usr/local/lib/cmake/GTSAM/../../../include
[3.207s] -- Found Eigen3: TRUE (found version "3.4.0") 
[3.209s] -- Found pcl_conversions: 2.6.2 (/opt/ros/jazzy/share/pcl_conversions/cmake)
[3.627s] -- Found ament_cmake_ros: 0.12.0 (/opt/ros/jazzy/share/ament_cmake_ros/cmake)
[3.977s] -- Using all available rosidl_typesupport_c: rosidl_typesupport_fastrtps_c;rosidl_typesupport_introspection_c
[4.440s] -- Using all available rosidl_typesupport_cpp: rosidl_typesupport_fastrtps_cpp;rosidl_typesupport_introspection_cpp
[4.442s] -- Found python_cmake_module: 0.11.1 (/opt/ros/jazzy/share/python_cmake_module/cmake)
[4.531s] -- Found PythonExtra: /usr/bin/python3  
[4.813s] -- Found Python3: /usr/bin/python3 (found version "3.12.3") found components: Interpreter Development NumPy Development.Module Development.Embed 
[4.881s] [0mCMake Deprecation Warning at /opt/ros/jazzy/share/rosidl_cmake/cmake/rosidl_target_interfaces.cmake:32 (message):
[4.881s]   Use rosidl_get_typesupport_target() and target_link_libraries() instead of
[4.881s]   rosidl_target_interfaces().  i.e:
[4.881s] 
[4.881s]     rosidl_get_typesupport_target(cpp_typesupport_target "${PROJECT_NAME}" "rosidl_typesupport_cpp")
[4.881s]     target_link_libraries(${PROJECT_NAME}_node "${cpp_typesupport_target}")
[4.881s] 
[4.881s] Call Stack (most recent call first):
[4.881s]   CMakeLists.txt:40 (rosidl_target_interfaces)
[4.881s] 
[4.881s] [0m
[4.899s] [0mCMake Deprecation Warning at /opt/ros/jazzy/share/rosidl_cmake/cmake/rosidl_target_interfaces.cmake:32 (message):
[4.899s]   Use rosidl_get_typesupport_target() and target_link_libraries() instead of
[4.899s]   rosidl_target_interfaces().  i.e:
[4.899s] 
[4.899s]     rosidl_get_typesupport_target(cpp_typesupport_target "${PROJECT_NAME}" "rosidl_typesupport_cpp")
[4.899s]     target_link_libraries(${PROJECT_NAME}_node "${cpp_typesupport_target}")
[4.899s] 
[4.899s] Call Stack (most recent call first):
[4.899s]   CMakeLists.txt:44 (rosidl_target_interfaces)
[4.899s] 
[4.899s] [0m
[4.918s] [0mCMake Deprecation Warning at /opt/ros/jazzy/share/rosidl_cmake/cmake/rosidl_target_interfaces.cmake:32 (message):
[4.918s]   Use rosidl_get_typesupport_target() and target_link_libraries() instead of
[4.918s]   rosidl_target_interfaces().  i.e:
[4.918s] 
[4.918s]     rosidl_get_typesupport_target(cpp_typesupport_target "${PROJECT_NAME}" "rosidl_typesupport_cpp")
[4.918s]     target_link_libraries(${PROJECT_NAME}_node "${cpp_typesupport_target}")
[4.918s] 
[4.918s] Call Stack (most recent call first):
[4.918s]   CMakeLists.txt:49 (rosidl_target_interfaces)
[4.918s] 
[4.918s] [0m
[4.936s] [0mCMake Deprecation Warning at /opt/ros/jazzy/share/rosidl_cmake/cmake/rosidl_target_interfaces.cmake:32 (message):
[4.936s]   Use rosidl_get_typesupport_target() and target_link_libraries() instead of
[4.936s]   rosidl_target_interfaces().  i.e:
[4.936s] 
[4.936s]     rosidl_get_typesupport_target(cpp_typesupport_target "${PROJECT_NAME}" "rosidl_typesupport_cpp")
[4.936s]     target_link_libraries(${PROJECT_NAME}_node "${cpp_typesupport_target}")
[4.936s] 
[4.936s] Call Stack (most recent call first):
[4.936s]   CMakeLists.txt:54 (rosidl_target_interfaces)
[4.936s] 
[4.936s] [0m
[4.938s] -- Found ament_lint_auto: 0.17.1 (/opt/ros/jazzy/share/ament_lint_auto/cmake)
[4.957s] -- Added test 'copyright' to check source files copyright and LICENSE
[4.971s] -- Added test 'cppcheck' to perform static code analysis on C / C++ code
[4.973s] -- Configured cppcheck include dirs: /home/yuanyan/LIO-SAM-ros2/include/lio_sam;$<BUILD_INTERFACE:/home/yuanyan/LIO-SAM-ros2/build/lio_sam/rosidl_generator_c>;$<BUILD_INTERFACE:/home/yuanyan/LIO-SAM-ros2/build/lio_sam/rosidl_typesupport_fastrtps_c>;$<BUILD_INTERFACE:/home/yuanyan/LIO-SAM-ros2/build/lio_sam/rosidl_typesupport_introspection_c>;$<BUILD_INTERFACE:/home/yuanyan/LIO-SAM-ros2/build/lio_sam/rosidl_generator_cpp>;$<BUILD_INTERFACE:/home/yuanyan/LIO-SAM-ros2/build/lio_sam/rosidl_typesupport_fastrtps_cpp>;$<BUILD_INTERFACE:/home/yuanyan/LIO-SAM-ros2/build/lio_sam/rosidl_typesupport_introspection_cpp>;/home/yuanyan/LIO-SAM-ros2/build/lio_sam/rosidl_generator_c;/home/yuanyan/LIO-SAM-ros2/build/lio_sam/rosidl_generator_py
[4.973s] -- Configured cppcheck exclude dirs and/or files: 
[4.986s] -- Added test 'cpplint' to check C / C++ code against the Google style
[4.986s] -- Configured cpplint exclude dirs and/or files: 
[4.988s] -- Added test 'flake8' to check Python code syntax and style conventions
[4.988s] -- Configured 'flake8' exclude dirs and/or files: 
[4.992s] -- Added test 'lint_cmake' to check CMake code style
[4.994s] -- Added test 'pep257' to check Python code against some of the docstring style conventions in PEP 257
[5.008s] -- Added test 'uncrustify' to check C / C++ code style
[5.008s] -- Configured uncrustify additional arguments: 
[5.010s] -- Added test 'xmllint' to check XML markup files
[5.012s] -- Configuring done (5.0s)
[5.102s] -- Generating done (0.1s)
[5.119s] -- Build files have been written to: /home/yuanyan/LIO-SAM-ros2/build/lio_sam
[5.136s] Invoked command in '/home/yuanyan/LIO-SAM-ros2/build/lio_sam' returned '0': CMAKE_PREFIX_PATH=${CMAKE_PREFIX_PATH}:/opt/ros/jazzy DEBUGINFOD_URLS=https://debuginfod.ubuntu.com /usr/bin/cmake /home/yuanyan/LIO-SAM-ros2 -DAMENT_CMAKE_SYMLINK_INSTALL=1 -DCMAKE_INSTALL_PREFIX=/home/yuanyan/LIO-SAM-ros2/install/lio_sam
[5.136s] Invoking command in '/home/yuanyan/LIO-SAM-ros2/build/lio_sam': CMAKE_PREFIX_PATH=${CMAKE_PREFIX_PATH}:/opt/ros/jazzy DEBUGINFOD_URLS=https://debuginfod.ubuntu.com /usr/bin/cmake --build /home/yuanyan/LIO-SAM-ros2/build/lio_sam -- -j16 -l16
[5.184s] [  1%] Built target lio_sam__rosidl_generator_type_description
[5.184s] [  1%] Built target ament_cmake_python_symlink_lio_sam
[5.199s] [ 17%] Built target lio_sam__rosidl_generator_c
[5.200s] [ 19%] Built target lio_sam__cpp
[5.216s] [ 34%] Built target lio_sam__rosidl_typesupport_fastrtps_c
[5.216s] [ 32%] Built target lio_sam__rosidl_typesupport_fastrtps_cpp
[5.216s] [ 42%] Built target lio_sam__rosidl_typesupport_introspection_c
[5.217s] [ 50%] Built target lio_sam__rosidl_typesupport_cpp
[5.217s] [ 57%] Built target lio_sam__rosidl_typesupport_c
[5.219s] [ 65%] Built target lio_sam__rosidl_typesupport_introspection_cpp
[5.235s] [ 65%] Built target lio_sam
[5.249s] [ 67%] [32mBuilding CXX object CMakeFiles/lio_sam_featureExtraction.dir/src/featureExtraction.cpp.o[0m
[5.249s] [ 69%] [32mBuilding CXX object CMakeFiles/lio_sam_imageProjection.dir/src/imageProjection.cpp.o[0m
[5.249s] [ 71%] [32mBuilding CXX object CMakeFiles/lio_sam_mapOptimization.dir/src/mapOptmization.cpp.o[0m
[5.249s] [ 73%] [32mBuilding CXX object CMakeFiles/lio_sam_imuPreintegration.dir/src/imuPreintegration.cpp.o[0m
[5.252s] [ 75%] Built target lio_sam__py
[5.269s] [ 80%] Built target lio_sam__rosidl_generator_py
[5.283s] [ 84%] Built target lio_sam_s__rosidl_typesupport_fastrtps_c
[5.286s] [ 88%] Built target lio_sam_s__rosidl_typesupport_c
[5.287s] [ 92%] Built target lio_sam_s__rosidl_typesupport_introspection_c
[5.319s] running egg_info
[5.330s] writing lio_sam.egg-info/PKG-INFO
[5.330s] writing dependency_links to lio_sam.egg-info/dependency_links.txt
[5.330s] writing top-level names to lio_sam.egg-info/top_level.txt
[5.362s] reading manifest file 'lio_sam.egg-info/SOURCES.txt'
[5.363s] writing manifest file 'lio_sam.egg-info/SOURCES.txt'
[5.384s] [ 92%] Built target ament_cmake_python_build_lio_sam_egg
[6.471s] In file included from [01m[K/home/yuanyan/LIO-SAM-ros2/src/imageProjection.cpp:1[m[K:
[6.471s] [01m[K/home/yuanyan/LIO-SAM-ros2/include/lio_sam/utility.hpp:42:10:[m[K [01;31m[Kfatal error: [m[Ktf2_geometry_msgs/tf2_geometry_msgs.h: No such file or directory
[6.471s]    42 | #include [01;31m[K<tf2_geometry_msgs/tf2_geometry_msgs.h>[m[K
[6.471s]       |          [01;31m[K^~~~~~~~~~~~~~~~~~~~~~~~~~~~~~~~~~~~~~~[m[K
[6.471s] compilation terminated.
[6.473s] In file included from [01m[K/home/yuanyan/LIO-SAM-ros2/src/featureExtraction.cpp:1[m[K:
[6.474s] [01m[K/home/yuanyan/LIO-SAM-ros2/include/lio_sam/utility.hpp:42:10:[m[K [01;31m[Kfatal error: [m[Ktf2_geometry_msgs/tf2_geometry_msgs.h: No such file or directory
[6.474s]    42 | #include [01;31m[K<tf2_geometry_msgs/tf2_geometry_msgs.h>[m[K
[6.474s]       |          [01;31m[K^~~~~~~~~~~~~~~~~~~~~~~~~~~~~~~~~~~~~~~[m[K
[6.474s] compilation terminated.
[6.489s] gmake[2]: *** [CMakeFiles/lio_sam_featureExtraction.dir/build.make:76: CMakeFiles/lio_sam_featureExtraction.dir/src/featureExtraction.cpp.o] Error 1
[6.489s] gmake[2]: *** [CMakeFiles/lio_sam_imageProjection.dir/build.make:76: CMakeFiles/lio_sam_imageProjection.dir/src/imageProjection.cpp.o] Error 1
[6.489s] gmake[1]: *** [CMakeFiles/Makefile2:632: CMakeFiles/lio_sam_featureExtraction.dir/all] Error 2
[6.489s] gmake[1]: *** Waiting for unfinished jobs....
[6.489s] gmake[1]: *** [CMakeFiles/Makefile2:661: CMakeFiles/lio_sam_imageProjection.dir/all] Error 2
[6.505s] In file included from [01m[K/home/yuanyan/LIO-SAM-ros2/src/imuPreintegration.cpp:1[m[K:
[6.505s] [01m[K/home/yuanyan/LIO-SAM-ros2/include/lio_sam/utility.hpp:42:10:[m[K [01;31m[Kfatal error: [m[Ktf2_geometry_msgs/tf2_geometry_msgs.h: No such file or directory
[6.506s]    42 | #include [01;31m[K<tf2_geometry_msgs/tf2_geometry_msgs.h>[m[K
[6.506s]       |          [01;31m[K^~~~~~~~~~~~~~~~~~~~~~~~~~~~~~~~~~~~~~~[m[K
[6.506s] compilation terminated.
[6.506s] In file included from [01m[K/home/yuanyan/LIO-SAM-ros2/src/mapOptmization.cpp:1[m[K:
[6.506s] [01m[K/home/yuanyan/LIO-SAM-ros2/include/lio_sam/utility.hpp:42:10:[m[K [01;31m[Kfatal error: [m[Ktf2_geometry_msgs/tf2_geometry_msgs.h: No such file or directory
[6.506s]    42 | #include [01;31m[K<tf2_geometry_msgs/tf2_geometry_msgs.h>[m[K
[6.506s]       |          [01;31m[K^~~~~~~~~~~~~~~~~~~~~~~~~~~~~~~~~~~~~~~[m[K
[6.506s] compilation terminated.
[6.516s] gmake[2]: *** [CMakeFiles/lio_sam_imuPreintegration.dir/build.make:76: CMakeFiles/lio_sam_imuPreintegration.dir/src/imuPreintegration.cpp.o] Error 1
[6.516s] gmake[1]: *** [CMakeFiles/Makefile2:690: CMakeFiles/lio_sam_imuPreintegration.dir/all] Error 2
[6.516s] gmake[2]: *** [CMakeFiles/lio_sam_mapOptimization.dir/build.make:76: CMakeFiles/lio_sam_mapOptimization.dir/src/mapOptmization.cpp.o] Error 1
[6.516s] gmake[1]: *** [CMakeFiles/Makefile2:719: CMakeFiles/lio_sam_mapOptimization.dir/all] Error 2
[6.516s] gmake: *** [Makefile:146: all] Error 2
[6.518s] Invoked command in '/home/yuanyan/LIO-SAM-ros2/build/lio_sam' returned '2': CMAKE_PREFIX_PATH=${CMAKE_PREFIX_PATH}:/opt/ros/jazzy DEBUGINFOD_URLS=https://debuginfod.ubuntu.com /usr/bin/cmake --build /home/yuanyan/LIO-SAM-ros2/build/lio_sam -- -j16 -l16
