[0.005s] Invoking command in '/home/yuanyan/LIO-SAM-ros2/build/lio_sam': CMAKE_PREFIX_PATH=${CMAKE_PREFIX_PATH}:/opt/ros/jazzy DEBUGINFOD_URLS=https://debuginfod.ubuntu.com /usr/bin/cmake /home/yuanyan/LIO-SAM-ros2 -DAMENT_CMAKE_SYMLINK_INSTALL=1 -DCMAKE_INSTALL_PREFIX=/home/yuanyan/LIO-SAM-ros2/install/lio_sam
[0.044s] -- The C compiler identification is GNU 13.3.0
[0.079s] -- The CXX compiler identification is GNU 13.3.0
[0.091s] -- Detecting C compiler ABI info
[0.149s] -- Detecting C compiler ABI info - done
[0.155s] -- Check for working C compiler: /usr/bin/cc - skipped
[0.155s] -- Detecting C compile features
[0.155s] -- Detecting C compile features - done
[0.163s] -- Detecting CXX compiler ABI info
[0.232s] -- Detecting CXX compiler ABI info - done
[0.238s] -- Check for working CXX compiler: /usr/bin/c++ - skipped
[0.238s] -- Detecting CXX compile features
[0.238s] -- Detecting CXX compile features - done
[0.240s] -- Found ament_cmake: 2.5.3 (/opt/ros/jazzy/share/ament_cmake/cmake)
[0.337s] -- Found Python3: /usr/bin/python3 (found version "3.12.3") found components: Interpreter 
[0.383s] -- Override CMake install command with custom implementation using symlinks instead of copying resources
[0.410s] -- Found rosidl_default_generators: 1.6.0 (/opt/ros/jazzy/share/rosidl_default_generators/cmake)
[0.414s] -- Using all available rosidl_typesupport_c: rosidl_typesupport_fastrtps_c;rosidl_typesupport_introspection_c
[0.450s] -- Using all available rosidl_typesupport_cpp: rosidl_typesupport_fastrtps_cpp;rosidl_typesupport_introspection_cpp
[0.479s] -- Found rosidl_adapter: 4.6.5 (/opt/ros/jazzy/share/rosidl_adapter/cmake)
[0.481s] -- Found rclcpp: 28.1.6 (/opt/ros/jazzy/share/rclcpp/cmake)
[0.533s] -- Found rmw_implementation_cmake: 7.3.1 (/opt/ros/jazzy/share/rmw_implementation_cmake/cmake)
[0.536s] -- Found rmw_fastrtps_cpp: 8.4.1 (/opt/ros/jazzy/share/rmw_fastrtps_cpp/cmake)
[0.597s] -- Found OpenSSL: /usr/lib/x86_64-linux-gnu/libcrypto.so (found version "3.0.13")  
[0.613s] -- Found FastRTPS: /opt/ros/jazzy/include (Required is at least version "2.13") 
[0.627s] -- Using RMW implementation 'rmw_fastrtps_cpp' as default
[0.676s] -- Found rclpy: 7.1.3 (/opt/ros/jazzy/share/rclpy/cmake)
[0.678s] -- Found cv_bridge: 4.1.0 (/opt/ros/jazzy/share/cv_bridge/cmake)
[0.726s] -- Found nav_msgs: 5.3.5 (/opt/ros/jazzy/share/nav_msgs/cmake)
[0.743s] -- Found visualization_msgs: 5.3.5 (/opt/ros/jazzy/share/visualization_msgs/cmake)
[0.762s] -- Found pcl_msgs: 1.0.0 (/opt/ros/jazzy/share/pcl_msgs/cmake)
[0.778s] -- Found tf2: 0.36.8 (/opt/ros/jazzy/share/tf2/cmake)
[0.781s] -- Found tf2_geometry_msgs: 0.36.8 (/opt/ros/jazzy/share/tf2_geometry_msgs/cmake)
[0.792s] -- Found eigen3_cmake_module: 0.3.0 (/opt/ros/jazzy/share/eigen3_cmake_module/cmake)
[0.793s] -- Found Eigen3: TRUE (found version "3.4.0") 
[0.793s] -- Ensuring Eigen3 include directory is part of orocos-kdl CMake target
[0.879s] -- Found tf2_sensor_msgs: 0.36.8 (/opt/ros/jazzy/share/tf2_sensor_msgs/cmake)
[0.883s] -- Found tf2_eigen: 0.36.8 (/opt/ros/jazzy/share/tf2_eigen/cmake)
[0.887s] -- Found OpenCV: /usr (found version "4.6.0") 
[0.910s] -- Found Boost: /usr/lib/x86_64-linux-gnu/cmake/Boost-1.83.0/BoostConfig.cmake (found suitable version "1.83.0", minimum required is "1.65.0") found components: system filesystem iostreams serialization 
[0.911s] [33mCMake Warning (dev) at /usr/lib/x86_64-linux-gnu/cmake/pcl/Modules/FindFLANN.cmake:45 (find_package):
[0.911s]   Policy CMP0144 is not set: find_package uses upper-case <PACKAGENAME>_ROOT
[0.911s]   variables.  Run "cmake --help-policy CMP0144" for policy details.  Use the
[0.911s]   cmake_policy command to set the policy and suppress this warning.
[0.911s] 
[0.911s]   CMake variable FLANN_ROOT is set to:
[0.911s] 
[0.911s]     /usr
[0.911s] 
[0.911s]   For compatibility, find_package is ignoring the variable, but code in a
[0.911s]   .cmake module might still use it.
[0.911s] Call Stack (most recent call first):
[0.911s]   /usr/lib/x86_64-linux-gnu/cmake/pcl/PCLConfig.cmake:261 (find_package)
[0.911s]   /usr/lib/x86_64-linux-gnu/cmake/pcl/PCLConfig.cmake:306 (find_flann)
[0.911s]   /usr/lib/x86_64-linux-gnu/cmake/pcl/PCLConfig.cmake:570 (find_external_library)
[0.911s]   CMakeLists.txt:27 (find_package)
[0.912s] This warning is for project developers.  Use -Wno-dev to suppress it.
[0.912s] [0m
[0.912s] -- Found flann version 1.9.2
[1.112s] -- Found OpenMP_CXX: -fopenmp (found version "4.5") 
[1.112s] -- Found OpenMP: TRUE (found version "4.5") found components: CXX 
[1.137s] -- Performing Test CMAKE_HAVE_LIBC_PTHREAD
[1.197s] -- Performing Test CMAKE_HAVE_LIBC_PTHREAD - Success
[1.198s] -- Found Threads: TRUE  
[1.199s] -- Found GLEW: /usr/lib/x86_64-linux-gnu/libGLEW.so  
[1.204s] -- Found OpenGL: /usr/lib/x86_64-linux-gnu/libOpenGL.so  found components: OpenGL GLX 
[1.320s] -- Found MPI_C: /usr/lib/x86_64-linux-gnu/libmpi.so (found version "3.1") 
[1.320s] -- Found MPI: TRUE (found version "3.1") found components: C 
[1.322s] -- Found JsonCpp: /usr/lib/x86_64-linux-gnu/libjsoncpp.so (found suitable version "1.9.5", minimum required is "0.7.0") 
[1.331s] -- Found ZLIB: /usr/lib/x86_64-linux-gnu/libz.so (found version "1.3")  
[1.346s] -- Found PNG: /usr/lib/x86_64-linux-gnu/libpng.so (found version "1.6.43") 
[1.353s] -- Found Eigen3: /usr/include/eigen3 (found version "3.4.0") 
[1.454s] -- Found X11: /usr/include   
[1.454s] -- Looking for XOpenDisplay in /usr/lib/x86_64-linux-gnu/libX11.so;/usr/lib/x86_64-linux-gnu/libXext.so
[1.513s] -- Looking for XOpenDisplay in /usr/lib/x86_64-linux-gnu/libX11.so;/usr/lib/x86_64-linux-gnu/libXext.so - found
[1.514s] -- Looking for gethostbyname
[1.569s] -- Looking for gethostbyname - found
[1.569s] -- Looking for connect
[1.625s] -- Looking for connect - found
[1.625s] -- Looking for remove
[1.683s] -- Looking for remove - found
[1.683s] -- Looking for shmat
[1.741s] -- Looking for shmat - found
[1.742s] -- Looking for IceConnectionNumber in ICE
[1.805s] -- Looking for IceConnectionNumber in ICE - found
[1.901s] -- Found EXPAT: /usr/lib/x86_64-linux-gnu/libexpat.so (found version "2.6.1") 
[1.902s] -- Found double-conversion: /usr/lib/x86_64-linux-gnu/libdouble-conversion.so  
[1.904s] -- Found LZ4: /usr/lib/x86_64-linux-gnu/liblz4.so (found version "1.9.4") 
[1.905s] -- Found LZMA: /usr/lib/x86_64-linux-gnu/liblzma.so (found version "5.4.5") 
[1.914s] -- Found JPEG: /usr/lib/x86_64-linux-gnu/libjpeg.so (found version "80") 
[1.924s] -- Found TIFF: /usr/lib/x86_64-linux-gnu/libtiff.so (found version "4.5.1")  
[1.927s] -- Found Freetype: /usr/lib/x86_64-linux-gnu/libfreetype.so (found version "2.13.2") 
[1.931s] -- Found utf8cpp: /usr/include/utf8cpp  
[1.999s] -- Checking for module 'libusb-1.0'
[2.010s] --   Found libusb-1.0, version 1.0.27
[2.039s] -- Found libusb: /usr/lib/x86_64-linux-gnu/libusb-1.0.so  
[2.040s] -- Found OpenNI: /usr/lib/libOpenNI.so;libusb::libusb (found version "1.5.4.0") 
[2.040s] -- OpenNI found (version: 1.5.4.0, include: /usr/include/ni, lib: /usr/lib/libOpenNI.so;libusb::libusb)
[2.086s] -- Found OpenNI2: /usr/lib/x86_64-linux-gnu/libOpenNI2.so;libusb::libusb (found version "2.2.0.33") 
[2.086s] -- OpenNI2 found (version: 2.2.0.33, include: /usr/include/openni2, lib: /usr/lib/x86_64-linux-gnu/libOpenNI2.so;libusb::libusb)
[2.088s] -- Could NOT find Pcap (missing: PCAP_LIBRARIES PCAP_INCLUDE_DIRS) 
[2.088s] [0m** WARNING ** io features related to pcap will be disabled[0m
[2.373s] -- OpenNI found (version: 1.5.4.0, include: /usr/include/ni, lib: /usr/lib/libOpenNI.so;libusb::libusb)
[2.378s] -- OpenNI2 found (version: 2.2.0.33, include: /usr/include/openni2, lib: /usr/lib/x86_64-linux-gnu/libOpenNI2.so;libusb::libusb)
[2.641s] -- Found Qhull version 8.0.2
[2.910s] -- OpenNI found (version: 1.5.4.0, include: /usr/include/ni, lib: /usr/lib/libOpenNI.so;libusb::libusb)
[3.168s] -- looking for PCL_COMMON
[3.169s] -- Found PCL_COMMON: /usr/lib/x86_64-linux-gnu/libpcl_common.so  
[3.169s] -- looking for PCL_KDTREE
[3.169s] -- Found PCL_KDTREE: /usr/lib/x86_64-linux-gnu/libpcl_kdtree.so  
[3.169s] -- looking for PCL_OCTREE
[3.170s] -- Found PCL_OCTREE: /usr/lib/x86_64-linux-gnu/libpcl_octree.so  
[3.170s] -- looking for PCL_SEARCH
[3.171s] -- Found PCL_SEARCH: /usr/lib/x86_64-linux-gnu/libpcl_search.so  
[3.171s] -- looking for PCL_SAMPLE_CONSENSUS
[3.171s] -- Found PCL_SAMPLE_CONSENSUS: /usr/lib/x86_64-linux-gnu/libpcl_sample_consensus.so  
[3.171s] -- looking for PCL_FILTERS
[3.172s] -- Found PCL_FILTERS: /usr/lib/x86_64-linux-gnu/libpcl_filters.so  
[3.172s] -- looking for PCL_2D
[3.172s] -- Found PCL_2D: /usr/include/pcl-1.14  
[3.172s] -- looking for PCL_GEOMETRY
[3.172s] -- Found PCL_GEOMETRY: /usr/include/pcl-1.14  
[3.173s] -- looking for PCL_IO
[3.173s] -- Found PCL_IO: /usr/lib/x86_64-linux-gnu/libpcl_io.so  
[3.173s] -- looking for PCL_FEATURES
[3.174s] -- Found PCL_FEATURES: /usr/lib/x86_64-linux-gnu/libpcl_features.so  
[3.174s] -- looking for PCL_ML
[3.175s] -- Found PCL_ML: /usr/lib/x86_64-linux-gnu/libpcl_ml.so  
[3.175s] -- looking for PCL_SEGMENTATION
[3.175s] -- Found PCL_SEGMENTATION: /usr/lib/x86_64-linux-gnu/libpcl_segmentation.so  
[3.175s] -- looking for PCL_VISUALIZATION
[3.176s] -- Found PCL_VISUALIZATION: /usr/lib/x86_64-linux-gnu/libpcl_visualization.so  
[3.176s] -- looking for PCL_SURFACE
[3.177s] -- Found PCL_SURFACE: /usr/lib/x86_64-linux-gnu/libpcl_surface.so  
[3.177s] -- looking for PCL_REGISTRATION
[3.178s] -- Found PCL_REGISTRATION: /usr/lib/x86_64-linux-gnu/libpcl_registration.so  
[3.178s] -- looking for PCL_KEYPOINTS
[3.179s] -- Found PCL_KEYPOINTS: /usr/lib/x86_64-linux-gnu/libpcl_keypoints.so  
[3.179s] -- looking for PCL_TRACKING
[3.179s] -- Found PCL_TRACKING: /usr/lib/x86_64-linux-gnu/libpcl_tracking.so  
[3.179s] -- looking for PCL_RECOGNITION
[3.180s] -- Found PCL_RECOGNITION: /usr/lib/x86_64-linux-gnu/libpcl_recognition.so  
[3.180s] -- looking for PCL_STEREO
[3.181s] -- Found PCL_STEREO: /usr/lib/x86_64-linux-gnu/libpcl_stereo.so  
[3.181s] -- looking for PCL_APPS
[3.182s] -- Found PCL_APPS: /usr/lib/x86_64-linux-gnu/libpcl_apps.so  
[3.182s] -- looking for PCL_IN_HAND_SCANNER
[3.182s] -- Found PCL_IN_HAND_SCANNER: /usr/include/pcl-1.14  
[3.182s] -- looking for PCL_MODELER
[3.183s] -- Found PCL_MODELER: /usr/include/pcl-1.14  
[3.183s] -- looking for PCL_POINT_CLOUD_EDITOR
[3.183s] -- Found PCL_POINT_CLOUD_EDITOR: /usr/include/pcl-1.14  
[3.183s] -- looking for PCL_OUTOFCORE
[3.184s] -- Found PCL_OUTOFCORE: /usr/lib/x86_64-linux-gnu/libpcl_outofcore.so  
[3.184s] -- looking for PCL_PEOPLE
[3.185s] -- Found PCL_PEOPLE: /usr/lib/x86_64-linux-gnu/libpcl_people.so  
[3.185s] -- Found PCL: pcl_common;pcl_kdtree;pcl_octree;pcl_search;pcl_sample_consensus;pcl_filters;pcl_io;pcl_features;pcl_ml;pcl_segmentation;pcl_visualization;pcl_surface;pcl_registration;pcl_keypoints;pcl_tracking;pcl_recognition;pcl_stereo;pcl_apps;pcl_outofcore;pcl_people;Boost::system;Boost::filesystem;Boost::iostreams;Boost::serialization;/usr/lib/libOpenNI.so;libusb::libusb;/usr/lib/x86_64-linux-gnu/libOpenNI2.so;libusb::libusb;VTK::ChartsCore;VTK::CommonColor;VTK::CommonComputationalGeometry;VTK::CommonCore;VTK::CommonDataModel;VTK::CommonExecutionModel;VTK::CommonMath;VTK::CommonMisc;VTK::CommonTransforms;VTK::FiltersCore;VTK::FiltersExtraction;VTK::FiltersGeneral;VTK::FiltersGeometry;VTK::FiltersModeling;VTK::FiltersSources;VTK::ImagingCore;VTK::ImagingSources;VTK::InteractionImage;VTK::InteractionStyle;VTK::InteractionWidgets;VTK::IOCore;VTK::IOGeometry;VTK::IOImage;VTK::IOLegacy;VTK::IOPLY;VTK::RenderingAnnotation;VTK::RenderingCore;VTK::RenderingContext2D;VTK::RenderingLOD;VTK::RenderingFreeType;VTK::ViewsCore;VTK::ViewsContext2D;VTK::RenderingOpenGL2;VTK::RenderingContextOpenGL2;VTK::GUISupportQt;FLANN::FLANN;QHULL::QHULL  
[3.206s] -- Found Boost: /usr/lib/x86_64-linux-gnu/cmake/Boost-1.83.0/BoostConfig.cmake (found suitable version "1.83.0", minimum required is "1.65") found components: serialization system filesystem thread program_options date_time timer chrono regex 
[3.208s] -- GTSAM include directory:  /usr/local/lib/cmake/GTSAM/../../../include
[3.208s] -- Found Eigen3: TRUE (found version "3.4.0") 
[3.210s] -- Found pcl_conversions: 2.6.2 (/opt/ros/jazzy/share/pcl_conversions/cmake)
[3.644s] -- Found ament_cmake_ros: 0.12.0 (/opt/ros/jazzy/share/ament_cmake_ros/cmake)
[3.988s] -- Using all available rosidl_typesupport_c: rosidl_typesupport_fastrtps_c;rosidl_typesupport_introspection_c
[4.451s] -- Using all available rosidl_typesupport_cpp: rosidl_typesupport_fastrtps_cpp;rosidl_typesupport_introspection_cpp
[4.454s] -- Found python_cmake_module: 0.11.1 (/opt/ros/jazzy/share/python_cmake_module/cmake)
[4.541s] -- Found PythonExtra: /usr/bin/python3  
[4.815s] -- Found Python3: /usr/bin/python3 (found version "3.12.3") found components: Interpreter Development NumPy Development.Module Development.Embed 
[4.880s] [0mCMake Deprecation Warning at /opt/ros/jazzy/share/rosidl_cmake/cmake/rosidl_target_interfaces.cmake:32 (message):
[4.880s]   Use rosidl_get_typesupport_target() and target_link_libraries() instead of
[4.880s]   rosidl_target_interfaces().  i.e:
[4.880s] 
[4.880s]     rosidl_get_typesupport_target(cpp_typesupport_target "${PROJECT_NAME}" "rosidl_typesupport_cpp")
[4.881s]     target_link_libraries(${PROJECT_NAME}_node "${cpp_typesupport_target}")
[4.881s] 
[4.881s] Call Stack (most recent call first):
[4.881s]   CMakeLists.txt:40 (rosidl_target_interfaces)
[4.881s] 
[4.881s] [0m
[4.898s] [0mCMake Deprecation Warning at /opt/ros/jazzy/share/rosidl_cmake/cmake/rosidl_target_interfaces.cmake:32 (message):
[4.899s]   Use rosidl_get_typesupport_target() and target_link_libraries() instead of
[4.899s]   rosidl_target_interfaces().  i.e:
[4.899s] 
[4.899s]     rosidl_get_typesupport_target(cpp_typesupport_target "${PROJECT_NAME}" "rosidl_typesupport_cpp")
[4.899s]     target_link_libraries(${PROJECT_NAME}_node "${cpp_typesupport_target}")
[4.899s] 
[4.899s] Call Stack (most recent call first):
[4.899s]   CMakeLists.txt:44 (rosidl_target_interfaces)
[4.899s] 
[4.899s] [0m
[4.917s] [0mCMake Deprecation Warning at /opt/ros/jazzy/share/rosidl_cmake/cmake/rosidl_target_interfaces.cmake:32 (message):
[4.917s]   Use rosidl_get_typesupport_target() and target_link_libraries() instead of
[4.917s]   rosidl_target_interfaces().  i.e:
[4.917s] 
[4.917s]     rosidl_get_typesupport_target(cpp_typesupport_target "${PROJECT_NAME}" "rosidl_typesupport_cpp")
[4.917s]     target_link_libraries(${PROJECT_NAME}_node "${cpp_typesupport_target}")
[4.917s] 
[4.917s] Call Stack (most recent call first):
[4.918s]   CMakeLists.txt:49 (rosidl_target_interfaces)
[4.918s] 
[4.918s] [0m
[4.935s] [0mCMake Deprecation Warning at /opt/ros/jazzy/share/rosidl_cmake/cmake/rosidl_target_interfaces.cmake:32 (message):
[4.935s]   Use rosidl_get_typesupport_target() and target_link_libraries() instead of
[4.935s]   rosidl_target_interfaces().  i.e:
[4.935s] 
[4.935s]     rosidl_get_typesupport_target(cpp_typesupport_target "${PROJECT_NAME}" "rosidl_typesupport_cpp")
[4.935s]     target_link_libraries(${PROJECT_NAME}_node "${cpp_typesupport_target}")
[4.935s] 
[4.935s] Call Stack (most recent call first):
[4.935s]   CMakeLists.txt:54 (rosidl_target_interfaces)
[4.935s] 
[4.935s] [0m
[4.937s] -- Found ament_lint_auto: 0.17.1 (/opt/ros/jazzy/share/ament_lint_auto/cmake)
[4.955s] -- Added test 'copyright' to check source files copyright and LICENSE
[4.970s] -- Added test 'cppcheck' to perform static code analysis on C / C++ code
[4.972s] -- Configured cppcheck include dirs: /home/yuanyan/LIO-SAM-ros2/include/lio_sam;$<BUILD_INTERFACE:/home/yuanyan/LIO-SAM-ros2/build/lio_sam/rosidl_generator_c>;$<BUILD_INTERFACE:/home/yuanyan/LIO-SAM-ros2/build/lio_sam/rosidl_typesupport_fastrtps_c>;$<BUILD_INTERFACE:/home/yuanyan/LIO-SAM-ros2/build/lio_sam/rosidl_typesupport_introspection_c>;$<BUILD_INTERFACE:/home/yuanyan/LIO-SAM-ros2/build/lio_sam/rosidl_generator_cpp>;$<BUILD_INTERFACE:/home/yuanyan/LIO-SAM-ros2/build/lio_sam/rosidl_typesupport_fastrtps_cpp>;$<BUILD_INTERFACE:/home/yuanyan/LIO-SAM-ros2/build/lio_sam/rosidl_typesupport_introspection_cpp>;/home/yuanyan/LIO-SAM-ros2/build/lio_sam/rosidl_generator_c;/home/yuanyan/LIO-SAM-ros2/build/lio_sam/rosidl_generator_py
[4.972s] -- Configured cppcheck exclude dirs and/or files: 
[4.986s] -- Added test 'cpplint' to check C / C++ code against the Google style
[4.986s] -- Configured cpplint exclude dirs and/or files: 
[4.988s] -- Added test 'flake8' to check Python code syntax and style conventions
[4.988s] -- Configured 'flake8' exclude dirs and/or files: 
[4.992s] -- Added test 'lint_cmake' to check CMake code style
[4.994s] -- Added test 'pep257' to check Python code against some of the docstring style conventions in PEP 257
[5.008s] -- Added test 'uncrustify' to check C / C++ code style
[5.008s] -- Configured uncrustify additional arguments: 
[5.011s] -- Added test 'xmllint' to check XML markup files
[5.012s] -- Configuring done (5.0s)
[5.103s] -- Generating done (0.1s)
[5.121s] -- Build files have been written to: /home/yuanyan/LIO-SAM-ros2/build/lio_sam
[5.137s] Invoked command in '/home/yuanyan/LIO-SAM-ros2/build/lio_sam' returned '0': CMAKE_PREFIX_PATH=${CMAKE_PREFIX_PATH}:/opt/ros/jazzy DEBUGINFOD_URLS=https://debuginfod.ubuntu.com /usr/bin/cmake /home/yuanyan/LIO-SAM-ros2 -DAMENT_CMAKE_SYMLINK_INSTALL=1 -DCMAKE_INSTALL_PREFIX=/home/yuanyan/LIO-SAM-ros2/install/lio_sam
[5.138s] Invoking command in '/home/yuanyan/LIO-SAM-ros2/build/lio_sam': CMAKE_PREFIX_PATH=${CMAKE_PREFIX_PATH}:/opt/ros/jazzy DEBUGINFOD_URLS=https://debuginfod.ubuntu.com /usr/bin/cmake --build /home/yuanyan/LIO-SAM-ros2/build/lio_sam -- -j16 -l16
[5.179s] [  1%] Built target lio_sam__rosidl_generator_type_description
[5.183s] [  1%] Built target ament_cmake_python_symlink_lio_sam
[5.195s] [  3%] Built target lio_sam__cpp
[5.196s] [ 19%] Built target lio_sam__rosidl_generator_c
[5.213s] [ 38%] Built target lio_sam__rosidl_typesupport_cpp
[5.214s] [ 40%] Built target lio_sam__rosidl_typesupport_introspection_c
[5.214s] [ 42%] Built target lio_sam__rosidl_typesupport_fastrtps_c
[5.214s] [ 50%] Built target lio_sam__rosidl_typesupport_introspection_cpp
[5.214s] [ 57%] Built target lio_sam__rosidl_typesupport_c
[5.216s] [ 65%] Built target lio_sam__rosidl_typesupport_fastrtps_cpp
[5.230s] [ 65%] Built target lio_sam
[5.245s] [ 67%] Built target lio_sam__py
[5.259s] [ 71%] Built target lio_sam_imageProjection
[5.261s] [ 76%] Built target lio_sam__rosidl_generator_py
[5.268s] [ 80%] Built target lio_sam_featureExtraction
[5.270s] [ 82%] [32mBuilding CXX object CMakeFiles/lio_sam_mapOptimization.dir/src/mapOptmization.cpp.o[0m
[5.270s] [ 84%] [32mBuilding CXX object CMakeFiles/lio_sam_imuPreintegration.dir/src/imuPreintegration.cpp.o[0m
[5.276s] [ 88%] Built target lio_sam_s__rosidl_typesupport_fastrtps_c
[5.277s] [ 92%] Built target lio_sam_s__rosidl_typesupport_introspection_c
[5.280s] [ 96%] Built target lio_sam_s__rosidl_typesupport_c
[5.318s] running egg_info
[5.330s] writing lio_sam.egg-info/PKG-INFO
[5.330s] writing dependency_links to lio_sam.egg-info/dependency_links.txt
[5.330s] writing top-level names to lio_sam.egg-info/top_level.txt
[5.362s] reading manifest file 'lio_sam.egg-info/SOURCES.txt'
[5.362s] writing manifest file 'lio_sam.egg-info/SOURCES.txt'
[5.381s] [ 96%] Built target ament_cmake_python_build_lio_sam_egg
[11.417s] [01m[K/home/yuanyan/LIO-SAM-ros2/src/imuPreintegration.cpp:[m[K In constructor ‘[01m[KIMUPreintegration::[01;32m[KIMUPreintegration[m[K(const rclcpp::NodeOptions&)[m[K’:
[11.417s] [01m[K/home/yuanyan/LIO-SAM-ros2/src/imuPreintegration.cpp:248:100:[m[K [01;31m[Kerror: [m[Kconversion from ‘[01m[Kstd::shared_ptr<gtsam::PreintegrationParams>[m[K’ to non-scalar type ‘[01m[Kboost::shared_ptr<gtsam::PreintegrationParams>[m[K’ requested
[11.417s]   248 |         boost::shared_ptr<gtsam::PreintegrationParams> p = [01;31m[Kgtsam::PreintegrationParams::MakeSharedU(imuGravity)[m[K;
[11.417s]       |                                                            [01;31m[K~~~~~~~~~~~~~~~~~~~~~~~~~~~~~~~~~~~~~~~~^~~~~~~~~~~~[m[K
[11.425s] [01m[K/home/yuanyan/LIO-SAM-ros2/src/imuPreintegration.cpp:261:86:[m[K [01;31m[Kerror: [m[Kno matching function for call to ‘[01m[Kgtsam::PreintegratedImuMeasurements::PreintegratedImuMeasurements(boost::shared_ptr<gtsam::PreintegrationParams>&, gtsam::imuBias::ConstantBias&)[m[K’
[11.425s]   261 |         imuIntegratorImu_ = new gtsam::PreintegratedImuMeasurements(p, prior_imu_bias[01;31m[K)[m[K; // setting up the IMU integration for IMU message thread
[11.425s]       |                                                                                      [01;31m[K^[m[K
[11.425s] In file included from [01m[K/home/yuanyan/LIO-SAM-ros2/src/imuPreintegration.cpp:8[m[K:
[11.425s] [01m[K/usr/local/include/gtsam/navigation/ImuFactor.h:101:3:[m[K [01;36m[Knote: [m[Kcandidate: ‘[01m[Kgtsam::PreintegratedImuMeasurements::[01;32m[KPreintegratedImuMeasurements[m[K(const gtsam::PreintegrationType&, const gtsam::Matrix9&)[m[K’
[11.425s]   101 |   [01;36m[KPreintegratedImuMeasurements[m[K(const PreintegrationType& base, const Matrix9& preintMeasCov)
[11.425s]       |   [01;36m[K^~~~~~~~~~~~~~~~~~~~~~~~~~~~[m[K
[11.425s] [01m[K/usr/local/include/gtsam/navigation/ImuFactor.h:101:58:[m[K [01;36m[Knote: [m[K  no known conversion for argument 1 from ‘[01m[Kboost::shared_ptr<gtsam::PreintegrationParams>[m[K’ to ‘[01m[Kconst gtsam::PreintegrationType&[m[K’ {aka ‘[01m[Kconst gtsam::TangentPreintegration&[m[K’}
[11.425s]   101 |   PreintegratedImuMeasurements([01;36m[Kconst PreintegrationType& base[m[K, const Matrix9& preintMeasCov)
[11.426s]       |                                [01;36m[K~~~~~~~~~~~~~~~~~~~~~~~~~~^~~~[m[K
[11.426s] [01m[K/usr/local/include/gtsam/navigation/ImuFactor.h:90:3:[m[K [01;36m[Knote: [m[Kcandidate: ‘[01m[Kgtsam::PreintegratedImuMeasurements::[01;32m[KPreintegratedImuMeasurements[m[K(const std::shared_ptr<gtsam::PreintegrationParams>&, const gtsam::imuBias::ConstantBias&)[m[K’
[11.426s]    90 |   [01;36m[KPreintegratedImuMeasurements[m[K(const std::shared_ptr<PreintegrationParams>& p,
[11.426s]       |   [01;36m[K^~~~~~~~~~~~~~~~~~~~~~~~~~~~[m[K
[11.426s] [01m[K/usr/local/include/gtsam/navigation/ImuFactor.h:90:77:[m[K [01;36m[Knote: [m[K  no known conversion for argument 1 from ‘[01m[Kboost::shared_ptr<gtsam::PreintegrationParams>[m[K’ to ‘[01m[Kconst std::shared_ptr<gtsam::PreintegrationParams>&[m[K’
[11.426s]    90 |   PreintegratedImuMeasurements([01;36m[Kconst std::shared_ptr<PreintegrationParams>& p[m[K,
[11.426s]       |                                [01;36m[K~~~~~~~~~~~~~~~~~~~~~~~~~~~~~~~~~~~~~~~~~~~~~^[m[K
[11.426s] [01m[K/usr/local/include/gtsam/navigation/ImuFactor.h:81:3:[m[K [01;36m[Knote: [m[Kcandidate: ‘[01m[Kgtsam::PreintegratedImuMeasurements::[01;32m[KPreintegratedImuMeasurements[m[K()[m[K’
[11.426s]    81 |   [01;36m[KPreintegratedImuMeasurements[m[K() {
[11.426s]       |   [01;36m[K^~~~~~~~~~~~~~~~~~~~~~~~~~~~[m[K
[11.426s] [01m[K/usr/local/include/gtsam/navigation/ImuFactor.h:81:3:[m[K [01;36m[Knote: [m[K  candidate expects 0 arguments, 2 provided
[11.426s] [01m[K/usr/local/include/gtsam/navigation/ImuFactor.h:68:20:[m[K [01;36m[Knote: [m[Kcandidate: ‘[01m[Kgtsam::PreintegratedImuMeasurements::[01;32m[KPreintegratedImuMeasurements[m[K(const gtsam::PreintegratedImuMeasurements&)[m[K’
[11.426s]    68 | class GTSAM_EXPORT [01;36m[KPreintegratedImuMeasurements[m[K: public PreintegrationType {
[11.426s]       |                    [01;36m[K^~~~~~~~~~~~~~~~~~~~~~~~~~~~[m[K
[11.426s] [01m[K/usr/local/include/gtsam/navigation/ImuFactor.h:68:20:[m[K [01;36m[Knote: [m[K  candidate expects 1 argument, 2 provided
[11.426s] [01m[K/home/yuanyan/LIO-SAM-ros2/src/imuPreintegration.cpp:262:86:[m[K [01;31m[Kerror: [m[Kno matching function for call to ‘[01m[Kgtsam::PreintegratedImuMeasurements::PreintegratedImuMeasurements(boost::shared_ptr<gtsam::PreintegrationParams>&, gtsam::imuBias::ConstantBias&)[m[K’
[11.426s]   262 |         imuIntegratorOpt_ = new gtsam::PreintegratedImuMeasurements(p, prior_imu_bias[01;31m[K)[m[K; // setting up the IMU integration for optimization
[11.426s]       |                                                                                      [01;31m[K^[m[K
[11.426s] [01m[K/usr/local/include/gtsam/navigation/ImuFactor.h:101:3:[m[K [01;36m[Knote: [m[Kcandidate: ‘[01m[Kgtsam::PreintegratedImuMeasurements::[01;32m[KPreintegratedImuMeasurements[m[K(const gtsam::PreintegrationType&, const gtsam::Matrix9&)[m[K’
[11.426s]   101 |   [01;36m[KPreintegratedImuMeasurements[m[K(const PreintegrationType& base, const Matrix9& preintMeasCov)
[11.426s]       |   [01;36m[K^~~~~~~~~~~~~~~~~~~~~~~~~~~~[m[K
[11.426s] [01m[K/usr/local/include/gtsam/navigation/ImuFactor.h:101:58:[m[K [01;36m[Knote: [m[K  no known conversion for argument 1 from ‘[01m[Kboost::shared_ptr<gtsam::PreintegrationParams>[m[K’ to ‘[01m[Kconst gtsam::PreintegrationType&[m[K’ {aka ‘[01m[Kconst gtsam::TangentPreintegration&[m[K’}
[11.426s]   101 |   PreintegratedImuMeasurements([01;36m[Kconst PreintegrationType& base[m[K, const Matrix9& preintMeasCov)
[11.426s]       |                                [01;36m[K~~~~~~~~~~~~~~~~~~~~~~~~~~^~~~[m[K
[11.426s] [01m[K/usr/local/include/gtsam/navigation/ImuFactor.h:90:3:[m[K [01;36m[Knote: [m[Kcandidate: ‘[01m[Kgtsam::PreintegratedImuMeasurements::[01;32m[KPreintegratedImuMeasurements[m[K(const std::shared_ptr<gtsam::PreintegrationParams>&, const gtsam::imuBias::ConstantBias&)[m[K’
[11.426s]    90 |   [01;36m[KPreintegratedImuMeasurements[m[K(const std::shared_ptr<PreintegrationParams>& p,
[11.426s]       |   [01;36m[K^~~~~~~~~~~~~~~~~~~~~~~~~~~~[m[K
[11.426s] [01m[K/usr/local/include/gtsam/navigation/ImuFactor.h:90:77:[m[K [01;36m[Knote: [m[K  no known conversion for argument 1 from ‘[01m[Kboost::shared_ptr<gtsam::PreintegrationParams>[m[K’ to ‘[01m[Kconst std::shared_ptr<gtsam::PreintegrationParams>&[m[K’
[11.426s]    90 |   PreintegratedImuMeasurements([01;36m[Kconst std::shared_ptr<PreintegrationParams>& p[m[K,
[11.426s]       |                                [01;36m[K~~~~~~~~~~~~~~~~~~~~~~~~~~~~~~~~~~~~~~~~~~~~~^[m[K
[11.426s] [01m[K/usr/local/include/gtsam/navigation/ImuFactor.h:81:3:[m[K [01;36m[Knote: [m[Kcandidate: ‘[01m[Kgtsam::PreintegratedImuMeasurements::[01;32m[KPreintegratedImuMeasurements[m[K()[m[K’
[11.427s]    81 |   [01;36m[KPreintegratedImuMeasurements[m[K() {
[11.427s]       |   [01;36m[K^~~~~~~~~~~~~~~~~~~~~~~~~~~~[m[K
[11.427s] [01m[K/usr/local/include/gtsam/navigation/ImuFactor.h:81:3:[m[K [01;36m[Knote: [m[K  candidate expects 0 arguments, 2 provided
[11.427s] [01m[K/usr/local/include/gtsam/navigation/ImuFactor.h:68:20:[m[K [01;36m[Knote: [m[Kcandidate: ‘[01m[Kgtsam::PreintegratedImuMeasurements::[01;32m[KPreintegratedImuMeasurements[m[K(const gtsam::PreintegratedImuMeasurements&)[m[K’
[11.427s]    68 | class GTSAM_EXPORT [01;36m[KPreintegratedImuMeasurements[m[K: public PreintegrationType {
[11.427s]       |                    [01;36m[K^~~~~~~~~~~~~~~~~~~~~~~~~~~~[m[K
[11.427s] [01m[K/usr/local/include/gtsam/navigation/ImuFactor.h:68:20:[m[K [01;36m[Knote: [m[K  candidate expects 1 argument, 2 provided
[16.151s] gmake[2]: *** [CMakeFiles/lio_sam_imuPreintegration.dir/build.make:76: CMakeFiles/lio_sam_imuPreintegration.dir/src/imuPreintegration.cpp.o] Error 1
[16.151s] gmake[1]: *** [CMakeFiles/Makefile2:690: CMakeFiles/lio_sam_imuPreintegration.dir/all] Error 2
[16.151s] gmake[1]: *** Waiting for unfinished jobs....
[36.287s] [ 98%] [32m[1mLinking CXX executable lio_sam_mapOptimization[0m
[36.890s] [ 98%] Built target lio_sam_mapOptimization
[36.891s] gmake: *** [Makefile:146: all] Error 2
[36.892s] Invoked command in '/home/yuanyan/LIO-SAM-ros2/build/lio_sam' returned '2': CMAKE_PREFIX_PATH=${CMAKE_PREFIX_PATH}:/opt/ros/jazzy DEBUGINFOD_URLS=https://debuginfod.ubuntu.com /usr/bin/cmake --build /home/yuanyan/LIO-SAM-ros2/build/lio_sam -- -j16 -l16
