[0.006s] Invoking command in '/home/yuanyan/LIO-SAM-ros2/build/lio_sam': CMAKE_PREFIX_PATH=${CMAKE_PREFIX_PATH}:/opt/ros/jazzy DEBUGINFOD_URLS=https://debuginfod.ubuntu.com /usr/bin/cmake /home/yuanyan/LIO-SAM-ros2 -DCMAKE_INSTALL_PREFIX=/home/yuanyan/LIO-SAM-ros2/install/lio_sam
[0.016s] -- Found ament_cmake: 2.5.3 (/opt/ros/jazzy/share/ament_cmake/cmake)
[0.033s] -- Found Python3: /usr/bin/python3 (found version "3.12.3") found components: Interpreter 
[0.078s] -- Override CMake install command with custom implementation using symlinks instead of copying resources
[0.082s] -- Found rosidl_default_generators: 1.6.0 (/opt/ros/jazzy/share/rosidl_default_generators/cmake)
[0.083s] -- Using all available rosidl_typesupport_c: rosidl_typesupport_fastrtps_c;rosidl_typesupport_introspection_c
[0.104s] -- Using all available rosidl_typesupport_cpp: rosidl_typesupport_fastrtps_cpp;rosidl_typesupport_introspection_cpp
[0.121s] -- Found rosidl_adapter: 4.6.5 (/opt/ros/jazzy/share/rosidl_adapter/cmake)
[0.122s] -- Found rclcpp: 28.1.6 (/opt/ros/jazzy/share/rclcpp/cmake)
[0.160s] -- Found rmw_implementation_cmake: 7.3.1 (/opt/ros/jazzy/share/rmw_implementation_cmake/cmake)
[0.160s] -- Found rmw_fastrtps_cpp: 8.4.1 (/opt/ros/jazzy/share/rmw_fastrtps_cpp/cmake)
[0.203s] -- Using RMW implementation 'rmw_fastrtps_cpp' as default
[0.241s] -- Found rclpy: 7.1.3 (/opt/ros/jazzy/share/rclpy/cmake)
[0.242s] -- Found cv_bridge: 4.1.0 (/opt/ros/jazzy/share/cv_bridge/cmake)
[0.282s] -- Found nav_msgs: 5.3.5 (/opt/ros/jazzy/share/nav_msgs/cmake)
[0.297s] -- Found visualization_msgs: 5.3.5 (/opt/ros/jazzy/share/visualization_msgs/cmake)
[0.315s] -- Found pcl_msgs: 1.0.0 (/opt/ros/jazzy/share/pcl_msgs/cmake)
[0.329s] -- Found tf2: 0.36.8 (/opt/ros/jazzy/share/tf2/cmake)
[0.331s] -- Found tf2_geometry_msgs: 0.36.8 (/opt/ros/jazzy/share/tf2_geometry_msgs/cmake)
[0.333s] -- Found eigen3_cmake_module: 0.3.0 (/opt/ros/jazzy/share/eigen3_cmake_module/cmake)
[0.334s] -- Ensuring Eigen3 include directory is part of orocos-kdl CMake target
[0.399s] -- Found tf2_sensor_msgs: 0.36.8 (/opt/ros/jazzy/share/tf2_sensor_msgs/cmake)
[0.402s] -- Found tf2_eigen: 0.36.8 (/opt/ros/jazzy/share/tf2_eigen/cmake)
[0.416s] -- Found Boost: /usr/lib/x86_64-linux-gnu/cmake/Boost-1.83.0/BoostConfig.cmake (found suitable version "1.83.0", minimum required is "1.65.0") found components: system filesystem iostreams serialization 
[0.417s] [33mCMake Warning (dev) at /usr/lib/x86_64-linux-gnu/cmake/pcl/Modules/FindFLANN.cmake:45 (find_package):
[0.417s]   Policy CMP0144 is not set: find_package uses upper-case <PACKAGENAME>_ROOT
[0.418s]   variables.  Run "cmake --help-policy CMP0144" for policy details.  Use the
[0.418s]   cmake_policy command to set the policy and suppress this warning.
[0.418s] 
[0.418s]   CMake variable FLANN_ROOT is set to:
[0.418s] 
[0.418s]     /usr
[0.418s] 
[0.418s]   For compatibility, find_package is ignoring the variable, but code in a
[0.418s]   .cmake module might still use it.
[0.418s] Call Stack (most recent call first):
[0.418s]   /usr/lib/x86_64-linux-gnu/cmake/pcl/PCLConfig.cmake:261 (find_package)
[0.418s]   /usr/lib/x86_64-linux-gnu/cmake/pcl/PCLConfig.cmake:306 (find_flann)
[0.419s]   /usr/lib/x86_64-linux-gnu/cmake/pcl/PCLConfig.cmake:570 (find_external_library)
[0.419s]   CMakeLists.txt:27 (find_package)
[0.419s] This warning is for project developers.  Use -Wno-dev to suppress it.
[0.419s] [0m
[0.419s] -- Found flann version 1.9.2
[0.558s] -- Found Eigen3: /usr/include/eigen3 (found version "3.4.0") 
[0.696s] -- OpenNI found (version: 1.5.4.0, include: /usr/include/ni, lib: /usr/lib/libOpenNI.so;libusb::libusb)
[0.701s] -- OpenNI2 found (version: 2.2.0.33, include: /usr/include/openni2, lib: /usr/lib/x86_64-linux-gnu/libOpenNI2.so;libusb::libusb)
[0.703s] -- Could NOT find Pcap (missing: PCAP_LIBRARIES PCAP_INCLUDE_DIRS) 
[0.703s] [0m** WARNING ** io features related to pcap will be disabled[0m
[0.992s] -- OpenNI found (version: 1.5.4.0, include: /usr/include/ni, lib: /usr/lib/libOpenNI.so;libusb::libusb)
[0.998s] -- OpenNI2 found (version: 2.2.0.33, include: /usr/include/openni2, lib: /usr/lib/x86_64-linux-gnu/libOpenNI2.so;libusb::libusb)
[1.248s] -- Found Qhull version 8.0.2
[1.507s] -- OpenNI found (version: 1.5.4.0, include: /usr/include/ni, lib: /usr/lib/libOpenNI.so;libusb::libusb)
[1.762s] -- looking for PCL_COMMON
[1.762s] -- looking for PCL_KDTREE
[1.762s] -- looking for PCL_OCTREE
[1.762s] -- looking for PCL_SEARCH
[1.762s] -- looking for PCL_SAMPLE_CONSENSUS
[1.763s] -- looking for PCL_FILTERS
[1.763s] -- looking for PCL_2D
[1.763s] -- looking for PCL_GEOMETRY
[1.763s] -- looking for PCL_IO
[1.764s] -- looking for PCL_FEATURES
[1.764s] -- looking for PCL_ML
[1.764s] -- looking for PCL_SEGMENTATION
[1.764s] -- looking for PCL_VISUALIZATION
[1.765s] -- looking for PCL_SURFACE
[1.765s] -- looking for PCL_REGISTRATION
[1.765s] -- looking for PCL_KEYPOINTS
[1.765s] -- looking for PCL_TRACKING
[1.766s] -- looking for PCL_RECOGNITION
[1.766s] -- looking for PCL_STEREO
[1.766s] -- looking for PCL_APPS
[1.767s] -- looking for PCL_IN_HAND_SCANNER
[1.767s] -- looking for PCL_MODELER
[1.767s] -- looking for PCL_POINT_CLOUD_EDITOR
[1.767s] -- looking for PCL_OUTOFCORE
[1.768s] -- looking for PCL_PEOPLE
[1.777s] -- Found Boost: /usr/lib/x86_64-linux-gnu/cmake/Boost-1.83.0/BoostConfig.cmake (found suitable version "1.83.0", minimum required is "1.65") found components: serialization system filesystem thread program_options date_time timer chrono regex 
[1.779s] -- GTSAM include directory:  /usr/local/lib/cmake/GTSAM/../../../include
[1.780s] -- Found Eigen3: TRUE (found version "3.4.0") 
[1.780s] -- Found pcl_conversions: 2.6.2 (/opt/ros/jazzy/share/pcl_conversions/cmake)
[1.974s] -- Found ament_cmake_ros: 0.12.0 (/opt/ros/jazzy/share/ament_cmake_ros/cmake)
[2.095s] -- Using all available rosidl_typesupport_c: rosidl_typesupport_fastrtps_c;rosidl_typesupport_introspection_c
[2.258s] -- Using all available rosidl_typesupport_cpp: rosidl_typesupport_fastrtps_cpp;rosidl_typesupport_introspection_cpp
[2.258s] -- Found python_cmake_module: 0.11.1 (/opt/ros/jazzy/share/python_cmake_module/cmake)
[2.420s] -- Found Python3: /usr/bin/python3 (found version "3.12.3") found components: Interpreter Development NumPy Development.Module Development.Embed 
[2.467s] [0mCMake Deprecation Warning at /opt/ros/jazzy/share/rosidl_cmake/cmake/rosidl_target_interfaces.cmake:32 (message):
[2.467s]   Use rosidl_get_typesupport_target() and target_link_libraries() instead of
[2.467s]   rosidl_target_interfaces().  i.e:
[2.467s] 
[2.467s]     rosidl_get_typesupport_target(cpp_typesupport_target "${PROJECT_NAME}" "rosidl_typesupport_cpp")
[2.467s]     target_link_libraries(${PROJECT_NAME}_node "${cpp_typesupport_target}")
[2.467s] 
[2.467s] Call Stack (most recent call first):
[2.467s]   CMakeLists.txt:40 (rosidl_target_interfaces)
[2.467s] 
[2.467s] [0m
[2.485s] [0mCMake Deprecation Warning at /opt/ros/jazzy/share/rosidl_cmake/cmake/rosidl_target_interfaces.cmake:32 (message):
[2.485s]   Use rosidl_get_typesupport_target() and target_link_libraries() instead of
[2.485s]   rosidl_target_interfaces().  i.e:
[2.485s] 
[2.485s]     rosidl_get_typesupport_target(cpp_typesupport_target "${PROJECT_NAME}" "rosidl_typesupport_cpp")
[2.485s]     target_link_libraries(${PROJECT_NAME}_node "${cpp_typesupport_target}")
[2.485s] 
[2.485s] Call Stack (most recent call first):
[2.485s]   CMakeLists.txt:44 (rosidl_target_interfaces)
[2.485s] 
[2.485s] [0m
[2.503s] [0mCMake Deprecation Warning at /opt/ros/jazzy/share/rosidl_cmake/cmake/rosidl_target_interfaces.cmake:32 (message):
[2.503s]   Use rosidl_get_typesupport_target() and target_link_libraries() instead of
[2.503s]   rosidl_target_interfaces().  i.e:
[2.503s] 
[2.503s]     rosidl_get_typesupport_target(cpp_typesupport_target "${PROJECT_NAME}" "rosidl_typesupport_cpp")
[2.503s]     target_link_libraries(${PROJECT_NAME}_node "${cpp_typesupport_target}")
[2.503s] 
[2.503s] Call Stack (most recent call first):
[2.503s]   CMakeLists.txt:49 (rosidl_target_interfaces)
[2.503s] 
[2.503s] [0m
[2.520s] [0mCMake Deprecation Warning at /opt/ros/jazzy/share/rosidl_cmake/cmake/rosidl_target_interfaces.cmake:32 (message):
[2.520s]   Use rosidl_get_typesupport_target() and target_link_libraries() instead of
[2.521s]   rosidl_target_interfaces().  i.e:
[2.521s] 
[2.521s]     rosidl_get_typesupport_target(cpp_typesupport_target "${PROJECT_NAME}" "rosidl_typesupport_cpp")
[2.521s]     target_link_libraries(${PROJECT_NAME}_node "${cpp_typesupport_target}")
[2.521s] 
[2.521s] Call Stack (most recent call first):
[2.521s]   CMakeLists.txt:54 (rosidl_target_interfaces)
[2.521s] 
[2.521s] [0m
[2.521s] -- Found ament_lint_auto: 0.17.1 (/opt/ros/jazzy/share/ament_lint_auto/cmake)
[2.527s] -- Added test 'copyright' to check source files copyright and LICENSE
[2.545s] -- Added test 'cppcheck' to perform static code analysis on C / C++ code
[2.546s] -- Configured cppcheck include dirs: /home/yuanyan/LIO-SAM-ros2/include/lio_sam;$<BUILD_INTERFACE:/home/yuanyan/LIO-SAM-ros2/build/lio_sam/rosidl_generator_c>;$<BUILD_INTERFACE:/home/yuanyan/LIO-SAM-ros2/build/lio_sam/rosidl_typesupport_fastrtps_c>;$<BUILD_INTERFACE:/home/yuanyan/LIO-SAM-ros2/build/lio_sam/rosidl_typesupport_introspection_c>;$<BUILD_INTERFACE:/home/yuanyan/LIO-SAM-ros2/build/lio_sam/rosidl_generator_cpp>;$<BUILD_INTERFACE:/home/yuanyan/LIO-SAM-ros2/build/lio_sam/rosidl_typesupport_fastrtps_cpp>;$<BUILD_INTERFACE:/home/yuanyan/LIO-SAM-ros2/build/lio_sam/rosidl_typesupport_introspection_cpp>;/home/yuanyan/LIO-SAM-ros2/build/lio_sam/rosidl_generator_c;/home/yuanyan/LIO-SAM-ros2/build/lio_sam/rosidl_generator_py
[2.546s] -- Configured cppcheck exclude dirs and/or files: 
[2.563s] -- Added test 'cpplint' to check C / C++ code against the Google style
[2.563s] -- Configured cpplint exclude dirs and/or files: 
[2.565s] -- Added test 'flake8' to check Python code syntax and style conventions
[2.565s] -- Configured 'flake8' exclude dirs and/or files: 
[2.570s] -- Added test 'lint_cmake' to check CMake code style
[2.572s] -- Added test 'pep257' to check Python code against some of the docstring style conventions in PEP 257
[2.589s] -- Added test 'uncrustify' to check C / C++ code style
[2.589s] -- Configured uncrustify additional arguments: 
[2.591s] -- Added test 'xmllint' to check XML markup files
[2.593s] -- Configuring done (2.6s)
[2.682s] -- Generating done (0.1s)
[2.698s] -- Build files have been written to: /home/yuanyan/LIO-SAM-ros2/build/lio_sam
[2.713s] Invoked command in '/home/yuanyan/LIO-SAM-ros2/build/lio_sam' returned '0': CMAKE_PREFIX_PATH=${CMAKE_PREFIX_PATH}:/opt/ros/jazzy DEBUGINFOD_URLS=https://debuginfod.ubuntu.com /usr/bin/cmake /home/yuanyan/LIO-SAM-ros2 -DCMAKE_INSTALL_PREFIX=/home/yuanyan/LIO-SAM-ros2/install/lio_sam
[2.713s] Invoking command in '/home/yuanyan/LIO-SAM-ros2/build/lio_sam': CMAKE_PREFIX_PATH=${CMAKE_PREFIX_PATH}:/opt/ros/jazzy DEBUGINFOD_URLS=https://debuginfod.ubuntu.com /usr/bin/cmake --build /home/yuanyan/LIO-SAM-ros2/build/lio_sam -- -j16 -l16
[2.758s] [  1%] Built target lio_sam__rosidl_generator_type_description
[2.764s] [  1%] Built target ament_cmake_python_symlink_lio_sam
[2.772s] [  3%] Built target lio_sam__cpp
[2.772s] [ 19%] Built target lio_sam__rosidl_generator_c
[2.787s] [ 26%] Built target lio_sam__rosidl_typesupport_introspection_c
[2.788s] [ 34%] Built target lio_sam__rosidl_typesupport_c
[2.788s] [ 42%] Built target lio_sam__rosidl_typesupport_fastrtps_cpp
[2.790s] [ 50%] Built target lio_sam__rosidl_typesupport_fastrtps_c
[2.790s] [ 57%] Built target lio_sam__rosidl_typesupport_cpp
[2.791s] [ 65%] Built target lio_sam__rosidl_typesupport_introspection_cpp
[2.808s] [ 65%] Built target lio_sam
[2.827s] [ 67%] Built target lio_sam__py
[2.838s] [ 71%] Built target lio_sam_featureExtraction
[2.840s] [ 75%] Built target lio_sam_imuPreintegration
[2.840s] [ 78%] Built target lio_sam_mapOptimization
[2.843s] [ 82%] Built target lio_sam_imageProjection
[2.845s] [ 88%] Built target lio_sam__rosidl_generator_py
[2.860s] [ 92%] Built target lio_sam_s__rosidl_typesupport_c
[2.860s] [ 96%] Built target lio_sam_s__rosidl_typesupport_introspection_c
[2.863s] [100%] Built target lio_sam_s__rosidl_typesupport_fastrtps_c
[2.900s] running egg_info
[2.911s] writing lio_sam.egg-info/PKG-INFO
[2.911s] writing dependency_links to lio_sam.egg-info/dependency_links.txt
[2.911s] writing top-level names to lio_sam.egg-info/top_level.txt
[2.940s] reading manifest file 'lio_sam.egg-info/SOURCES.txt'
[2.941s] writing manifest file 'lio_sam.egg-info/SOURCES.txt'
[2.960s] [100%] Built target ament_cmake_python_build_lio_sam_egg
[2.970s] Invoked command in '/home/yuanyan/LIO-SAM-ros2/build/lio_sam' returned '0': CMAKE_PREFIX_PATH=${CMAKE_PREFIX_PATH}:/opt/ros/jazzy DEBUGINFOD_URLS=https://debuginfod.ubuntu.com /usr/bin/cmake --build /home/yuanyan/LIO-SAM-ros2/build/lio_sam -- -j16 -l16
[2.977s] Invoking command in '/home/yuanyan/LIO-SAM-ros2/build/lio_sam': CMAKE_PREFIX_PATH=${CMAKE_PREFIX_PATH}:/opt/ros/jazzy DEBUGINFOD_URLS=https://debuginfod.ubuntu.com /usr/bin/cmake --install /home/yuanyan/LIO-SAM-ros2/build/lio_sam
[2.983s] -- Install configuration: "Release"
[2.983s] -- Execute custom install script
[2.983s] -- Up-to-date symlink: /home/yuanyan/LIO-SAM-ros2/install/lio_sam/share/ament_index/resource_index/rosidl_interfaces/lio_sam
[2.983s] -- Up-to-date symlink: /home/yuanyan/LIO-SAM-ros2/install/lio_sam/share/lio_sam/msg/CloudInfo.json
[2.983s] -- Up-to-date symlink: /home/yuanyan/LIO-SAM-ros2/install/lio_sam/share/lio_sam/srv/SaveMap.json
[2.984s] -- Up-to-date symlink: /home/yuanyan/LIO-SAM-ros2/install/lio_sam/include/lio_sam/lio_sam/msg/cloud_info.h
[2.984s] -- Up-to-date symlink: /home/yuanyan/LIO-SAM-ros2/install/lio_sam/include/lio_sam/lio_sam/msg/detail/cloud_info__functions.h
[2.984s] -- Up-to-date symlink: /home/yuanyan/LIO-SAM-ros2/install/lio_sam/include/lio_sam/lio_sam/msg/detail/cloud_info__struct.h
[2.984s] -- Up-to-date symlink: /home/yuanyan/LIO-SAM-ros2/install/lio_sam/include/lio_sam/lio_sam/msg/detail/cloud_info__type_support.h
[2.984s] -- Up-to-date symlink: /home/yuanyan/LIO-SAM-ros2/install/lio_sam/include/lio_sam/lio_sam/msg/rosidl_generator_c__visibility_control.h
[2.984s] -- Up-to-date symlink: /home/yuanyan/LIO-SAM-ros2/install/lio_sam/include/lio_sam/lio_sam/srv/detail/save_map__functions.h
[2.984s] -- Up-to-date symlink: /home/yuanyan/LIO-SAM-ros2/install/lio_sam/include/lio_sam/lio_sam/srv/detail/save_map__struct.h
[2.984s] -- Up-to-date symlink: /home/yuanyan/LIO-SAM-ros2/install/lio_sam/include/lio_sam/lio_sam/srv/detail/save_map__type_support.h
[2.984s] -- Up-to-date symlink: /home/yuanyan/LIO-SAM-ros2/install/lio_sam/include/lio_sam/lio_sam/srv/save_map.h
[2.984s] -- Up-to-date symlink: /home/yuanyan/LIO-SAM-ros2/install/lio_sam/share/lio_sam/environment/library_path.sh
[2.984s] -- Up-to-date symlink: /home/yuanyan/LIO-SAM-ros2/install/lio_sam/share/lio_sam/environment/library_path.dsv
[2.984s] -- Up-to-date symlink: /home/yuanyan/LIO-SAM-ros2/install/lio_sam/include/lio_sam/lio_sam/msg/detail/cloud_info__rosidl_typesupport_fastrtps_c.h
[2.984s] -- Up-to-date symlink: /home/yuanyan/LIO-SAM-ros2/install/lio_sam/include/lio_sam/lio_sam/msg/rosidl_typesupport_fastrtps_c__visibility_control.h
[2.984s] -- Up-to-date symlink: /home/yuanyan/LIO-SAM-ros2/install/lio_sam/include/lio_sam/lio_sam/srv/detail/save_map__rosidl_typesupport_fastrtps_c.h
[2.985s] -- Up-to-date symlink: /home/yuanyan/LIO-SAM-ros2/install/lio_sam/include/lio_sam/lio_sam/msg/detail/cloud_info__rosidl_typesupport_introspection_c.h
[2.985s] -- Up-to-date symlink: /home/yuanyan/LIO-SAM-ros2/install/lio_sam/include/lio_sam/lio_sam/msg/rosidl_typesupport_introspection_c__visibility_control.h
[2.985s] -- Up-to-date symlink: /home/yuanyan/LIO-SAM-ros2/install/lio_sam/include/lio_sam/lio_sam/srv/detail/save_map__rosidl_typesupport_introspection_c.h
[2.985s] -- Up-to-date symlink: /home/yuanyan/LIO-SAM-ros2/install/lio_sam/include/lio_sam/lio_sam/msg/cloud_info.hpp
[2.985s] -- Up-to-date symlink: /home/yuanyan/LIO-SAM-ros2/install/lio_sam/include/lio_sam/lio_sam/msg/detail/cloud_info__builder.hpp
[2.985s] -- Up-to-date symlink: /home/yuanyan/LIO-SAM-ros2/install/lio_sam/include/lio_sam/lio_sam/msg/detail/cloud_info__struct.hpp
[2.985s] -- Up-to-date symlink: /home/yuanyan/LIO-SAM-ros2/install/lio_sam/include/lio_sam/lio_sam/msg/detail/cloud_info__traits.hpp
[2.985s] -- Up-to-date symlink: /home/yuanyan/LIO-SAM-ros2/install/lio_sam/include/lio_sam/lio_sam/msg/detail/cloud_info__type_support.hpp
[2.985s] -- Up-to-date symlink: /home/yuanyan/LIO-SAM-ros2/install/lio_sam/include/lio_sam/lio_sam/msg/rosidl_generator_cpp__visibility_control.hpp
[2.985s] -- Up-to-date symlink: /home/yuanyan/LIO-SAM-ros2/install/lio_sam/include/lio_sam/lio_sam/srv/detail/save_map__builder.hpp
[2.985s] -- Up-to-date symlink: /home/yuanyan/LIO-SAM-ros2/install/lio_sam/include/lio_sam/lio_sam/srv/detail/save_map__struct.hpp
[2.985s] -- Up-to-date symlink: /home/yuanyan/LIO-SAM-ros2/install/lio_sam/include/lio_sam/lio_sam/srv/detail/save_map__traits.hpp
[2.985s] -- Up-to-date symlink: /home/yuanyan/LIO-SAM-ros2/install/lio_sam/include/lio_sam/lio_sam/srv/detail/save_map__type_support.hpp
[2.985s] -- Up-to-date symlink: /home/yuanyan/LIO-SAM-ros2/install/lio_sam/include/lio_sam/lio_sam/srv/save_map.hpp
[2.985s] -- Up-to-date symlink: /home/yuanyan/LIO-SAM-ros2/install/lio_sam/include/lio_sam/lio_sam/msg/detail/cloud_info__rosidl_typesupport_fastrtps_cpp.hpp
[2.985s] -- Up-to-date symlink: /home/yuanyan/LIO-SAM-ros2/install/lio_sam/include/lio_sam/lio_sam/msg/rosidl_typesupport_fastrtps_cpp__visibility_control.h
[2.986s] -- Up-to-date symlink: /home/yuanyan/LIO-SAM-ros2/install/lio_sam/include/lio_sam/lio_sam/srv/detail/save_map__rosidl_typesupport_fastrtps_cpp.hpp
[2.986s] -- Up-to-date symlink: /home/yuanyan/LIO-SAM-ros2/install/lio_sam/include/lio_sam/lio_sam/msg/detail/cloud_info__rosidl_typesupport_introspection_cpp.hpp
[2.986s] -- Up-to-date symlink: /home/yuanyan/LIO-SAM-ros2/install/lio_sam/include/lio_sam/lio_sam/srv/detail/save_map__rosidl_typesupport_introspection_cpp.hpp
[2.986s] -- Up-to-date symlink: /home/yuanyan/LIO-SAM-ros2/install/lio_sam/share/lio_sam/environment/pythonpath.sh
[2.986s] -- Up-to-date symlink: /home/yuanyan/LIO-SAM-ros2/install/lio_sam/share/lio_sam/environment/pythonpath.dsv
[2.986s] -- Up-to-date symlink: /home/yuanyan/LIO-SAM-ros2/install/lio_sam/lib/python3.12/site-packages/lio_sam-1.0.0-py3.12.egg-info/PKG-INFO
[2.986s] -- Up-to-date symlink: /home/yuanyan/LIO-SAM-ros2/install/lio_sam/lib/python3.12/site-packages/lio_sam-1.0.0-py3.12.egg-info/SOURCES.txt
[2.986s] -- Up-to-date symlink: /home/yuanyan/LIO-SAM-ros2/install/lio_sam/lib/python3.12/site-packages/lio_sam-1.0.0-py3.12.egg-info/dependency_links.txt
[2.986s] -- Up-to-date symlink: /home/yuanyan/LIO-SAM-ros2/install/lio_sam/lib/python3.12/site-packages/lio_sam-1.0.0-py3.12.egg-info/top_level.txt
[2.986s] -- Up-to-date symlink: /home/yuanyan/LIO-SAM-ros2/install/lio_sam/lib/python3.12/site-packages/lio_sam/__init__.py
[2.986s] -- Up-to-date symlink: /home/yuanyan/LIO-SAM-ros2/install/lio_sam/lib/python3.12/site-packages/lio_sam/_lio_sam_s.ep.rosidl_typesupport_c.c
[2.986s] -- Up-to-date symlink: /home/yuanyan/LIO-SAM-ros2/install/lio_sam/lib/python3.12/site-packages/lio_sam/_lio_sam_s.ep.rosidl_typesupport_fastrtps_c.c
[2.987s] -- Up-to-date symlink: /home/yuanyan/LIO-SAM-ros2/install/lio_sam/lib/python3.12/site-packages/lio_sam/_lio_sam_s.ep.rosidl_typesupport_introspection_c.c
[2.987s] -- Up-to-date symlink: /home/yuanyan/LIO-SAM-ros2/install/lio_sam/lib/python3.12/site-packages/lio_sam/lio_sam_s__rosidl_typesupport_c.so
[2.987s] -- Up-to-date symlink: /home/yuanyan/LIO-SAM-ros2/install/lio_sam/lib/python3.12/site-packages/lio_sam/lio_sam_s__rosidl_typesupport_fastrtps_c.so
[2.987s] -- Up-to-date symlink: /home/yuanyan/LIO-SAM-ros2/install/lio_sam/lib/python3.12/site-packages/lio_sam/lio_sam_s__rosidl_typesupport_introspection_c.so
[2.987s] -- Up-to-date symlink: /home/yuanyan/LIO-SAM-ros2/install/lio_sam/lib/python3.12/site-packages/lio_sam/msg/__init__.py
[2.987s] -- Up-to-date symlink: /home/yuanyan/LIO-SAM-ros2/install/lio_sam/lib/python3.12/site-packages/lio_sam/msg/_cloud_info.py
[2.987s] -- Up-to-date symlink: /home/yuanyan/LIO-SAM-ros2/install/lio_sam/lib/python3.12/site-packages/lio_sam/msg/_cloud_info_s.c
[2.987s] -- Up-to-date symlink: /home/yuanyan/LIO-SAM-ros2/install/lio_sam/lib/python3.12/site-packages/lio_sam/srv/__init__.py
[2.987s] -- Up-to-date symlink: /home/yuanyan/LIO-SAM-ros2/install/lio_sam/lib/python3.12/site-packages/lio_sam/srv/_save_map.py
[2.987s] -- Up-to-date symlink: /home/yuanyan/LIO-SAM-ros2/install/lio_sam/lib/python3.12/site-packages/lio_sam/srv/_save_map_s.c
[2.987s] -- Up-to-date symlink: /home/yuanyan/LIO-SAM-ros2/install/lio_sam/lib/python3.12/site-packages/lio_sam/lio_sam_s__rosidl_typesupport_fastrtps_c.so
[2.987s] -- Up-to-date symlink: /home/yuanyan/LIO-SAM-ros2/install/lio_sam/lib/python3.12/site-packages/lio_sam/lio_sam_s__rosidl_typesupport_introspection_c.so
[2.987s] -- Up-to-date symlink: /home/yuanyan/LIO-SAM-ros2/install/lio_sam/lib/python3.12/site-packages/lio_sam/lio_sam_s__rosidl_typesupport_c.so
[2.987s] -- Up-to-date symlink: /home/yuanyan/LIO-SAM-ros2/install/lio_sam/share/lio_sam/msg/CloudInfo.idl
[2.987s] -- Up-to-date symlink: /home/yuanyan/LIO-SAM-ros2/install/lio_sam/share/lio_sam/srv/SaveMap.idl
[2.987s] -- Up-to-date symlink: /home/yuanyan/LIO-SAM-ros2/install/lio_sam/share/lio_sam/msg/CloudInfo.msg
[2.988s] -- Up-to-date symlink: /home/yuanyan/LIO-SAM-ros2/install/lio_sam/share/lio_sam/srv/SaveMap.srv
[2.988s] -- Up-to-date symlink: /home/yuanyan/LIO-SAM-ros2/install/lio_sam/share/lio_sam//launch/run.launch.py
[2.988s] -- Up-to-date symlink: /home/yuanyan/LIO-SAM-ros2/install/lio_sam/share/lio_sam//config/doc/demo.gif
[2.988s] -- Up-to-date symlink: /home/yuanyan/LIO-SAM-ros2/install/lio_sam/share/lio_sam//config/doc/device-boat.png
[2.988s] -- Up-to-date symlink: /home/yuanyan/LIO-SAM-ros2/install/lio_sam/share/lio_sam//config/doc/device-hand-2.png
[2.988s] -- Up-to-date symlink: /home/yuanyan/LIO-SAM-ros2/install/lio_sam/share/lio_sam//config/doc/device-hand.png
[2.988s] -- Up-to-date symlink: /home/yuanyan/LIO-SAM-ros2/install/lio_sam/share/lio_sam//config/doc/device-jackal.png
[2.988s] -- Up-to-date symlink: /home/yuanyan/LIO-SAM-ros2/install/lio_sam/share/lio_sam//config/doc/gps-demo.gif
[2.988s] -- Up-to-date symlink: /home/yuanyan/LIO-SAM-ros2/install/lio_sam/share/lio_sam//config/doc/imu-debug.gif
[2.988s] -- Up-to-date symlink: /home/yuanyan/LIO-SAM-ros2/install/lio_sam/share/lio_sam//config/doc/imu-transform.png
[2.988s] -- Up-to-date symlink: /home/yuanyan/LIO-SAM-ros2/install/lio_sam/share/lio_sam//config/doc/kitti-demo.gif
[2.988s] -- Up-to-date symlink: /home/yuanyan/LIO-SAM-ros2/install/lio_sam/share/lio_sam//config/doc/kitti-map.png
[2.988s] -- Up-to-date symlink: /home/yuanyan/LIO-SAM-ros2/install/lio_sam/share/lio_sam//config/doc/kitti2bag/README.md
[2.988s] -- Up-to-date symlink: /home/yuanyan/LIO-SAM-ros2/install/lio_sam/share/lio_sam//config/doc/kitti2bag/kitti2bag.py
[2.988s] -- Up-to-date symlink: /home/yuanyan/LIO-SAM-ros2/install/lio_sam/share/lio_sam//config/doc/loop-closure-2.gif
[2.988s] -- Up-to-date symlink: /home/yuanyan/LIO-SAM-ros2/install/lio_sam/share/lio_sam//config/doc/loop-closure.gif
[2.988s] -- Up-to-date symlink: /home/yuanyan/LIO-SAM-ros2/install/lio_sam/share/lio_sam//config/doc/ouster-demo.gif
[2.989s] -- Up-to-date symlink: /home/yuanyan/LIO-SAM-ros2/install/lio_sam/share/lio_sam//config/doc/ouster-device.jpg
[2.989s] -- Up-to-date symlink: /home/yuanyan/LIO-SAM-ros2/install/lio_sam/share/lio_sam//config/doc/paper.pdf
[2.989s] -- Up-to-date symlink: /home/yuanyan/LIO-SAM-ros2/install/lio_sam/share/lio_sam//config/doc/system.png
[2.989s] -- Up-to-date symlink: /home/yuanyan/LIO-SAM-ros2/install/lio_sam/share/lio_sam//config/params.yaml
[2.989s] -- Up-to-date symlink: /home/yuanyan/LIO-SAM-ros2/install/lio_sam/share/lio_sam//config/robot.urdf.xacro
[2.989s] -- Up-to-date symlink: /home/yuanyan/LIO-SAM-ros2/install/lio_sam/share/lio_sam//config/rviz2.rviz
[2.989s] -- Up-to-date symlink: /home/yuanyan/LIO-SAM-ros2/install/lio_sam/lib/lio_sam/lio_sam_imageProjection
[2.989s] -- Up-to-date symlink: /home/yuanyan/LIO-SAM-ros2/install/lio_sam/lib/lio_sam/lio_sam_imuPreintegration
[2.989s] -- Up-to-date symlink: /home/yuanyan/LIO-SAM-ros2/install/lio_sam/lib/lio_sam/lio_sam_featureExtraction
[2.989s] -- Up-to-date symlink: /home/yuanyan/LIO-SAM-ros2/install/lio_sam/lib/lio_sam/lio_sam_mapOptimization
[2.989s] -- Up-to-date symlink: /home/yuanyan/LIO-SAM-ros2/install/lio_sam/include/lio_sam/utility.hpp
[2.989s] -- Up-to-date symlink: /home/yuanyan/LIO-SAM-ros2/install/lio_sam/share/ament_index/resource_index/package_run_dependencies/lio_sam
[2.989s] -- Up-to-date symlink: /home/yuanyan/LIO-SAM-ros2/install/lio_sam/share/ament_index/resource_index/parent_prefix_path/lio_sam
[2.989s] -- Up-to-date symlink: /home/yuanyan/LIO-SAM-ros2/install/lio_sam/share/lio_sam/environment/ament_prefix_path.sh
[2.990s] -- Up-to-date symlink: /home/yuanyan/LIO-SAM-ros2/install/lio_sam/share/lio_sam/environment/ament_prefix_path.dsv
[2.990s] -- Up-to-date symlink: /home/yuanyan/LIO-SAM-ros2/install/lio_sam/share/lio_sam/environment/path.sh
[2.990s] -- Up-to-date symlink: /home/yuanyan/LIO-SAM-ros2/install/lio_sam/share/lio_sam/environment/path.dsv
[2.990s] -- Up-to-date symlink: /home/yuanyan/LIO-SAM-ros2/install/lio_sam/share/lio_sam/local_setup.bash
[2.990s] -- Up-to-date symlink: /home/yuanyan/LIO-SAM-ros2/install/lio_sam/share/lio_sam/local_setup.sh
[2.990s] -- Up-to-date symlink: /home/yuanyan/LIO-SAM-ros2/install/lio_sam/share/lio_sam/local_setup.zsh
[2.990s] -- Up-to-date symlink: /home/yuanyan/LIO-SAM-ros2/install/lio_sam/share/lio_sam/local_setup.dsv
[2.990s] -- Symlinking: /home/yuanyan/LIO-SAM-ros2/install/lio_sam/share/lio_sam/package.dsv
[2.995s] -- Up-to-date symlink: /home/yuanyan/LIO-SAM-ros2/install/lio_sam/share/ament_index/resource_index/packages/lio_sam
[2.995s] -- Up-to-date symlink: /home/yuanyan/LIO-SAM-ros2/install/lio_sam/share/lio_sam/cmake/rosidl_cmake-extras.cmake
[2.996s] -- Up-to-date symlink: /home/yuanyan/LIO-SAM-ros2/install/lio_sam/share/lio_sam/cmake/ament_cmake_export_dependencies-extras.cmake
[2.996s] -- Up-to-date symlink: /home/yuanyan/LIO-SAM-ros2/install/lio_sam/share/lio_sam/cmake/ament_cmake_export_include_directories-extras.cmake
[2.996s] -- Up-to-date symlink: /home/yuanyan/LIO-SAM-ros2/install/lio_sam/share/lio_sam/cmake/ament_cmake_export_libraries-extras.cmake
[2.996s] -- Up-to-date symlink: /home/yuanyan/LIO-SAM-ros2/install/lio_sam/share/lio_sam/cmake/ament_cmake_export_targets-extras.cmake
[2.996s] -- Up-to-date symlink: /home/yuanyan/LIO-SAM-ros2/install/lio_sam/share/lio_sam/cmake/rosidl_cmake_export_typesupport_targets-extras.cmake
[2.996s] -- Up-to-date symlink: /home/yuanyan/LIO-SAM-ros2/install/lio_sam/share/lio_sam/cmake/rosidl_cmake_export_typesupport_libraries-extras.cmake
[2.996s] -- Up-to-date symlink: /home/yuanyan/LIO-SAM-ros2/install/lio_sam/share/lio_sam/cmake/lio_samConfig.cmake
[2.996s] -- Up-to-date symlink: /home/yuanyan/LIO-SAM-ros2/install/lio_sam/share/lio_sam/cmake/lio_samConfig-version.cmake
[2.996s] -- Up-to-date symlink: /home/yuanyan/LIO-SAM-ros2/install/lio_sam/share/lio_sam/package.xml
[2.996s] -- Up-to-date: /home/yuanyan/LIO-SAM-ros2/install/lio_sam/lib/liblio_sam__rosidl_generator_c.so
[2.996s] -- Up-to-date: /home/yuanyan/LIO-SAM-ros2/install/lio_sam/lib/liblio_sam__rosidl_typesupport_fastrtps_c.so
[2.996s] -- Up-to-date: /home/yuanyan/LIO-SAM-ros2/install/lio_sam/lib/liblio_sam__rosidl_typesupport_introspection_c.so
[2.997s] -- Up-to-date: /home/yuanyan/LIO-SAM-ros2/install/lio_sam/lib/liblio_sam__rosidl_typesupport_c.so
[2.997s] -- Up-to-date: /home/yuanyan/LIO-SAM-ros2/install/lio_sam/lib/liblio_sam__rosidl_typesupport_fastrtps_cpp.so
[2.997s] -- Up-to-date: /home/yuanyan/LIO-SAM-ros2/install/lio_sam/lib/liblio_sam__rosidl_typesupport_introspection_cpp.so
[2.997s] -- Up-to-date: /home/yuanyan/LIO-SAM-ros2/install/lio_sam/lib/liblio_sam__rosidl_typesupport_cpp.so
[3.023s] Listing '/home/yuanyan/LIO-SAM-ros2/install/lio_sam/lib/python3.12/site-packages/lio_sam'...
[3.023s] Compiling '/home/yuanyan/LIO-SAM-ros2/install/lio_sam/lib/python3.12/site-packages/lio_sam/__init__.py'...
[3.023s] Listing '/home/yuanyan/LIO-SAM-ros2/install/lio_sam/lib/python3.12/site-packages/lio_sam/msg'...
[3.024s] Listing '/home/yuanyan/LIO-SAM-ros2/install/lio_sam/lib/python3.12/site-packages/lio_sam/srv'...
[3.027s] -- Up-to-date: /home/yuanyan/LIO-SAM-ros2/install/lio_sam/lib/liblio_sam__rosidl_generator_py.so
[3.027s] -- Up-to-date: /home/yuanyan/LIO-SAM-ros2/install/lio_sam/share/lio_sam/cmake/export_lio_sam__rosidl_generator_cExport.cmake
[3.027s] -- Up-to-date: /home/yuanyan/LIO-SAM-ros2/install/lio_sam/share/lio_sam/cmake/export_lio_sam__rosidl_generator_cExport-release.cmake
[3.027s] -- Up-to-date: /home/yuanyan/LIO-SAM-ros2/install/lio_sam/share/lio_sam/cmake/export_lio_sam__rosidl_typesupport_fastrtps_cExport.cmake
[3.027s] -- Up-to-date: /home/yuanyan/LIO-SAM-ros2/install/lio_sam/share/lio_sam/cmake/export_lio_sam__rosidl_typesupport_fastrtps_cExport-release.cmake
[3.027s] -- Up-to-date: /home/yuanyan/LIO-SAM-ros2/install/lio_sam/share/lio_sam/cmake/lio_sam__rosidl_typesupport_introspection_cExport.cmake
[3.027s] -- Up-to-date: /home/yuanyan/LIO-SAM-ros2/install/lio_sam/share/lio_sam/cmake/lio_sam__rosidl_typesupport_introspection_cExport-release.cmake
[3.027s] -- Up-to-date: /home/yuanyan/LIO-SAM-ros2/install/lio_sam/share/lio_sam/cmake/lio_sam__rosidl_typesupport_cExport.cmake
[3.027s] -- Up-to-date: /home/yuanyan/LIO-SAM-ros2/install/lio_sam/share/lio_sam/cmake/lio_sam__rosidl_typesupport_cExport-release.cmake
[3.027s] -- Up-to-date: /home/yuanyan/LIO-SAM-ros2/install/lio_sam/share/lio_sam/cmake/export_lio_sam__rosidl_generator_cppExport.cmake
[3.027s] -- Up-to-date: /home/yuanyan/LIO-SAM-ros2/install/lio_sam/share/lio_sam/cmake/export_lio_sam__rosidl_typesupport_fastrtps_cppExport.cmake
[3.027s] -- Up-to-date: /home/yuanyan/LIO-SAM-ros2/install/lio_sam/share/lio_sam/cmake/export_lio_sam__rosidl_typesupport_fastrtps_cppExport-release.cmake
[3.027s] -- Up-to-date: /home/yuanyan/LIO-SAM-ros2/install/lio_sam/share/lio_sam/cmake/lio_sam__rosidl_typesupport_introspection_cppExport.cmake
[3.027s] -- Up-to-date: /home/yuanyan/LIO-SAM-ros2/install/lio_sam/share/lio_sam/cmake/lio_sam__rosidl_typesupport_introspection_cppExport-release.cmake
[3.027s] -- Up-to-date: /home/yuanyan/LIO-SAM-ros2/install/lio_sam/share/lio_sam/cmake/lio_sam__rosidl_typesupport_cppExport.cmake
[3.028s] -- Up-to-date: /home/yuanyan/LIO-SAM-ros2/install/lio_sam/share/lio_sam/cmake/lio_sam__rosidl_typesupport_cppExport-release.cmake
[3.028s] -- Up-to-date: /home/yuanyan/LIO-SAM-ros2/install/lio_sam/share/lio_sam/cmake/export_lio_sam__rosidl_generator_pyExport.cmake
[3.028s] -- Up-to-date: /home/yuanyan/LIO-SAM-ros2/install/lio_sam/share/lio_sam/cmake/export_lio_sam__rosidl_generator_pyExport-release.cmake
[3.028s] Invoked command in '/home/yuanyan/LIO-SAM-ros2/build/lio_sam' returned '0': CMAKE_PREFIX_PATH=${CMAKE_PREFIX_PATH}:/opt/ros/jazzy DEBUGINFOD_URLS=https://debuginfod.ubuntu.com /usr/bin/cmake --install /home/yuanyan/LIO-SAM-ros2/build/lio_sam
