[0.028s] Invoking command in '/home/yuanyan/Robot/build/visualization_tools': CMAKE_PREFIX_PATH=${CMAKE_PREFIX_PATH}:/opt/ros/jazzy DEBUGINFOD_URLS=https://debuginfod.ubuntu.com /usr/bin/cmake --build /home/yuanyan/Robot/build/visualization_tools -- -j16 -l16
[0.105s] [  0%] Built target ament_cmake_python_symlink_visualization_tools
[0.113s] [100%] Built target visualizationTools
[0.261s] running egg_info
[0.272s] writing visualization_tools.egg-info/PKG-INFO
[0.272s] writing dependency_links to visualization_tools.egg-info/dependency_links.txt
[0.272s] writing top-level names to visualization_tools.egg-info/top_level.txt
[0.305s] reading manifest file 'visualization_tools.egg-info/SOURCES.txt'
[0.306s] writing manifest file 'visualization_tools.egg-info/SOURCES.txt'
[0.324s] [100%] Built target ament_cmake_python_build_visualization_tools_egg
[0.336s] Invoked command in '/home/yuanyan/Robot/build/visualization_tools' returned '0': CMAKE_PREFIX_PATH=${CMAKE_PREFIX_PATH}:/opt/ros/jazzy DEBUGINFOD_URLS=https://debuginfod.ubuntu.com /usr/bin/cmake --build /home/yuanyan/Robot/build/visualization_tools -- -j16 -l16
[0.336s] Invoking command in '/home/yuanyan/Robot/build/visualization_tools': CMAKE_PREFIX_PATH=${CMAKE_PREFIX_PATH}:/opt/ros/jazzy DEBUGINFOD_URLS=https://debuginfod.ubuntu.com /usr/bin/cmake --install /home/yuanyan/Robot/build/visualization_tools
[0.339s] -- Install configuration: ""
[0.339s] -- Execute custom install script
[0.339s] -- Up-to-date symlink: /home/yuanyan/Robot/install/visualization_tools/lib/visualization_tools/visualizationTools
[0.339s] -- Up-to-date symlink: /home/yuanyan/Robot/install/visualization_tools/share/visualization_tools/launch/visualization_tools.launch
[0.339s] -- Up-to-date symlink: /home/yuanyan/Robot/install/visualization_tools/share/visualization_tools/environment/pythonpath.sh
[0.339s] -- Up-to-date symlink: /home/yuanyan/Robot/install/visualization_tools/share/visualization_tools/environment/pythonpath.dsv
[0.340s] -- Up-to-date symlink: /home/yuanyan/Robot/install/visualization_tools/lib/python3.12/site-packages/visualization_tools-0.0.1-py3.12.egg-info/PKG-INFO
[0.340s] -- Up-to-date symlink: /home/yuanyan/Robot/install/visualization_tools/lib/python3.12/site-packages/visualization_tools-0.0.1-py3.12.egg-info/SOURCES.txt
[0.340s] -- Up-to-date symlink: /home/yuanyan/Robot/install/visualization_tools/lib/python3.12/site-packages/visualization_tools-0.0.1-py3.12.egg-info/dependency_links.txt
[0.340s] -- Up-to-date symlink: /home/yuanyan/Robot/install/visualization_tools/lib/python3.12/site-packages/visualization_tools-0.0.1-py3.12.egg-info/top_level.txt
[0.340s] -- Up-to-date symlink: /home/yuanyan/Robot/install/visualization_tools/lib/python3.12/site-packages/visualization_tools/__init__.py
[0.340s] -- Up-to-date symlink: /home/yuanyan/Robot/install/visualization_tools/lib/visualization_tools/realTimePlot.py
[0.340s] -- Up-to-date symlink: /home/yuanyan/Robot/install/visualization_tools/share/ament_index/resource_index/package_run_dependencies/visualization_tools
[0.340s] -- Up-to-date symlink: /home/yuanyan/Robot/install/visualization_tools/share/ament_index/resource_index/parent_prefix_path/visualization_tools
[0.340s] -- Up-to-date symlink: /home/yuanyan/Robot/install/visualization_tools/share/visualization_tools/environment/ament_prefix_path.sh
[0.340s] -- Up-to-date symlink: /home/yuanyan/Robot/install/visualization_tools/share/visualization_tools/environment/ament_prefix_path.dsv
[0.340s] -- Up-to-date symlink: /home/yuanyan/Robot/install/visualization_tools/share/visualization_tools/environment/path.sh
[0.340s] -- Up-to-date symlink: /home/yuanyan/Robot/install/visualization_tools/share/visualization_tools/environment/path.dsv
[0.340s] -- Up-to-date symlink: /home/yuanyan/Robot/install/visualization_tools/share/visualization_tools/local_setup.bash
[0.341s] -- Up-to-date symlink: /home/yuanyan/Robot/install/visualization_tools/share/visualization_tools/local_setup.sh
[0.341s] -- Up-to-date symlink: /home/yuanyan/Robot/install/visualization_tools/share/visualization_tools/local_setup.zsh
[0.341s] -- Up-to-date symlink: /home/yuanyan/Robot/install/visualization_tools/share/visualization_tools/local_setup.dsv
[0.341s] -- Symlinking: /home/yuanyan/Robot/install/visualization_tools/share/visualization_tools/package.dsv
[0.349s] -- Up-to-date symlink: /home/yuanyan/Robot/install/visualization_tools/share/ament_index/resource_index/packages/visualization_tools
[0.349s] -- Up-to-date symlink: /home/yuanyan/Robot/install/visualization_tools/share/visualization_tools/cmake/visualization_toolsConfig.cmake
[0.349s] -- Up-to-date symlink: /home/yuanyan/Robot/install/visualization_tools/share/visualization_tools/cmake/visualization_toolsConfig-version.cmake
[0.349s] -- Up-to-date symlink: /home/yuanyan/Robot/install/visualization_tools/share/visualization_tools/package.xml
[0.371s] Listing '/home/yuanyan/Robot/install/visualization_tools/lib/python3.12/site-packages/visualization_tools'...
[0.377s] Invoked command in '/home/yuanyan/Robot/build/visualization_tools' returned '0': CMAKE_PREFIX_PATH=${CMAKE_PREFIX_PATH}:/opt/ros/jazzy DEBUGINFOD_URLS=https://debuginfod.ubuntu.com /usr/bin/cmake --install /home/yuanyan/Robot/build/visualization_tools
