[0.020s] Invoking command in '/home/yuanyan/Robot/build/waypoint_example': CMAKE_PREFIX_PATH=${CMAKE_PREFIX_PATH}:/opt/ros/jazzy DEBUGINFOD_URLS=https://debuginfod.ubuntu.com /usr/bin/cmake --build /home/yuanyan/Robot/build/waypoint_example -- -j16 -l16
[0.084s] [100%] Built target waypointExample
[0.101s] Invoked command in '/home/yuanyan/Robot/build/waypoint_example' returned '0': CMAKE_PREFIX_PATH=${CMAKE_PREFIX_PATH}:/opt/ros/jazzy DEBUGINFOD_URLS=https://debuginfod.ubuntu.com /usr/bin/cmake --build /home/yuanyan/Robot/build/waypoint_example -- -j16 -l16
[0.108s] Invoking command in '/home/yuanyan/Robot/build/waypoint_example': CMAKE_PREFIX_PATH=${CMAKE_PREFIX_PATH}:/opt/ros/jazzy DEBUGINFOD_URLS=https://debuginfod.ubuntu.com /usr/bin/cmake --install /home/yuanyan/Robot/build/waypoint_example
[0.115s] -- Install configuration: ""
[0.116s] -- Execute custom install script
[0.116s] -- Up-to-date symlink: /home/yuanyan/Robot/install/waypoint_example/lib/waypoint_example/waypointExample
[0.116s] -- Up-to-date symlink: /home/yuanyan/Robot/install/waypoint_example/share/waypoint_example/launch/waypoint_example_garage.launch
[0.116s] -- Up-to-date symlink: /home/yuanyan/Robot/install/waypoint_example/share/waypoint_example/data/boundary_garage.ply
[0.116s] -- Up-to-date symlink: /home/yuanyan/Robot/install/waypoint_example/share/waypoint_example/data/waypoints_garage.ply
[0.116s] -- Up-to-date symlink: /home/yuanyan/Robot/install/waypoint_example/share/ament_index/resource_index/package_run_dependencies/waypoint_example
[0.116s] -- Up-to-date symlink: /home/yuanyan/Robot/install/waypoint_example/share/ament_index/resource_index/parent_prefix_path/waypoint_example
[0.116s] -- Up-to-date symlink: /home/yuanyan/Robot/install/waypoint_example/share/waypoint_example/environment/ament_prefix_path.sh
[0.119s] -- Up-to-date symlink: /home/yuanyan/Robot/install/waypoint_example/share/waypoint_example/environment/ament_prefix_path.dsv
[0.119s] -- Up-to-date symlink: /home/yuanyan/Robot/install/waypoint_example/share/waypoint_example/environment/path.sh
[0.119s] -- Up-to-date symlink: /home/yuanyan/Robot/install/waypoint_example/share/waypoint_example/environment/path.dsv
[0.119s] -- Up-to-date symlink: /home/yuanyan/Robot/install/waypoint_example/share/waypoint_example/local_setup.bash
[0.119s] -- Up-to-date symlink: /home/yuanyan/Robot/install/waypoint_example/share/waypoint_example/local_setup.sh
[0.119s] -- Up-to-date symlink: /home/yuanyan/Robot/install/waypoint_example/share/waypoint_example/local_setup.zsh
[0.119s] -- Up-to-date symlink: /home/yuanyan/Robot/install/waypoint_example/share/waypoint_example/local_setup.dsv
[0.119s] -- Symlinking: /home/yuanyan/Robot/install/waypoint_example/share/waypoint_example/package.dsv
[0.123s] -- Up-to-date symlink: /home/yuanyan/Robot/install/waypoint_example/share/ament_index/resource_index/packages/waypoint_example
[0.123s] -- Up-to-date symlink: /home/yuanyan/Robot/install/waypoint_example/share/waypoint_example/cmake/waypoint_exampleConfig.cmake
[0.123s] -- Up-to-date symlink: /home/yuanyan/Robot/install/waypoint_example/share/waypoint_example/cmake/waypoint_exampleConfig-version.cmake
[0.123s] -- Up-to-date symlink: /home/yuanyan/Robot/install/waypoint_example/share/waypoint_example/package.xml
[0.188s] Invoked command in '/home/yuanyan/Robot/build/waypoint_example' returned '0': CMAKE_PREFIX_PATH=${CMAKE_PREFIX_PATH}:/opt/ros/jazzy DEBUGINFOD_URLS=https://debuginfod.ubuntu.com /usr/bin/cmake --install /home/yuanyan/Robot/build/waypoint_example
