[0.019s] Invoking command in '/home/yuanyan/Robot/build/loam_interface': CMAKE_PREFIX_PATH=${CMAKE_PREFIX_PATH}:/opt/ros/jazzy DEBUGINFOD_URLS=https://debuginfod.ubuntu.com /usr/bin/cmake /home/yuanyan/Robot/src/autonomous_exploration_development_environment/src/loam_interface -DAMENT_CMAKE_SYMLINK_INSTALL=1 -DCMAKE_INSTALL_PREFIX=/home/yuanyan/Robot/install/loam_interface
[0.071s] -- The C compiler identification is GNU 13.3.0
[0.127s] -- The CXX compiler identification is GNU 13.3.0
[0.137s] -- Detecting C compiler ABI info
[0.202s] -- Detecting C compiler ABI info - done
[0.211s] -- Check for working C compiler: /usr/bin/cc - skipped
[0.211s] -- Detecting C compile features
[0.211s] -- Detecting C compile features - done
[0.218s] -- Detecting CXX compiler ABI info
[0.295s] -- Detecting CXX compiler ABI info - done
[0.302s] -- Check for working CXX compiler: /usr/bin/c++ - skipped
[0.302s] -- Detecting CXX compile features
[0.303s] -- Detecting CXX compile features - done
[0.305s] -- Found ament_cmake: 2.5.3 (/opt/ros/jazzy/share/ament_cmake/cmake)
[0.408s] -- Found Python3: /usr/bin/python3 (found version "3.12.3") found components: Interpreter 
[0.476s] -- Override CMake install command with custom implementation using symlinks instead of copying resources
[0.503s] -- Found rclcpp: 28.1.6 (/opt/ros/jazzy/share/rclcpp/cmake)
[0.534s] -- Found rosidl_generator_c: 4.6.5 (/opt/ros/jazzy/share/rosidl_generator_c/cmake)
[0.544s] -- Found rosidl_generator_cpp: 4.6.5 (/opt/ros/jazzy/share/rosidl_generator_cpp/cmake)
[0.556s] -- Using all available rosidl_typesupport_c: rosidl_typesupport_fastrtps_c;rosidl_typesupport_introspection_c
[0.569s] -- Using all available rosidl_typesupport_cpp: rosidl_typesupport_fastrtps_cpp;rosidl_typesupport_introspection_cpp
[0.626s] -- Found rmw_implementation_cmake: 7.3.1 (/opt/ros/jazzy/share/rmw_implementation_cmake/cmake)
[0.628s] -- Found rmw_fastrtps_cpp: 8.4.1 (/opt/ros/jazzy/share/rmw_fastrtps_cpp/cmake)
[0.681s] -- Found OpenSSL: /usr/lib/x86_64-linux-gnu/libcrypto.so (found version "3.0.13")  
[0.695s] -- Found FastRTPS: /opt/ros/jazzy/include (Required is at least version "2.13") 
[0.713s] -- Using RMW implementation 'rmw_fastrtps_cpp' as default
[0.766s] -- Found std_msgs: 5.3.5 (/opt/ros/jazzy/share/std_msgs/cmake)
[0.777s] -- Found nav_msgs: 5.3.5 (/opt/ros/jazzy/share/nav_msgs/cmake)
[0.808s] -- Found sensor_msgs: 5.3.5 (/opt/ros/jazzy/share/sensor_msgs/cmake)
[0.826s] -- Found tf2_ros: 0.36.8 (/opt/ros/jazzy/share/tf2_ros/cmake)
[0.923s] -- Found tf2_geometry_msgs: 0.36.8 (/opt/ros/jazzy/share/tf2_geometry_msgs/cmake)
[0.935s] -- Found eigen3_cmake_module: 0.3.0 (/opt/ros/jazzy/share/eigen3_cmake_module/cmake)
[0.936s] -- Found Eigen3: TRUE (found version "3.4.0") 
[0.936s] -- Ensuring Eigen3 include directory is part of orocos-kdl CMake target
[0.939s] -- Found pcl_conversions: 2.6.2 (/opt/ros/jazzy/share/pcl_conversions/cmake)
[1.001s] [33mCMake Warning (dev) at /usr/lib/x86_64-linux-gnu/cmake/pcl/Modules/FindFLANN.cmake:45 (find_package):
[1.001s]   Policy CMP0144 is not set: find_package uses upper-case <PACKAGENAME>_ROOT
[1.001s]   variables.  Run "cmake --help-policy CMP0144" for policy details.  Use the
[1.002s]   cmake_policy command to set the policy and suppress this warning.
[1.002s] 
[1.002s]   CMake variable FLANN_ROOT is set to:
[1.002s] 
[1.002s]     /usr
[1.002s] 
[1.002s]   For compatibility, find_package is ignoring the variable, but code in a
[1.002s]   .cmake module might still use it.
[1.002s] Call Stack (most recent call first):
[1.002s]   /usr/lib/x86_64-linux-gnu/cmake/pcl/PCLConfig.cmake:261 (find_package)
[1.002s]   /usr/lib/x86_64-linux-gnu/cmake/pcl/PCLConfig.cmake:306 (find_flann)
[1.002s]   /usr/lib/x86_64-linux-gnu/cmake/pcl/PCLConfig.cmake:570 (find_external_library)
[1.002s]   /opt/ros/jazzy/share/pcl_conversions/cmake/ament_cmake_export_dependencies-extras.cmake:21 (find_package)
[1.002s]   /opt/ros/jazzy/share/pcl_conversions/cmake/pcl_conversionsConfig.cmake:41 (include)
[1.002s]   CMakeLists.txt:28 (find_package)
[1.002s] This warning is for project developers.  Use -Wno-dev to suppress it.
[1.002s] [0m
[1.002s] -- Found flann version 1.9.2
[1.220s] -- Found OpenMP_CXX: -fopenmp (found version "4.5") 
[1.220s] -- Found OpenMP: TRUE (found version "4.5") found components: CXX 
[2.236s] -- Checking for module 'libusb-1.0'
[2.251s] --   Found libusb-1.0, version 1.0.27
[2.280s] -- Found libusb: /usr/lib/x86_64-linux-gnu/libusb-1.0.so  
[2.283s] -- OpenNI found (version: 1.5.4.0, include: /usr/include/ni, lib: /usr/lib/libOpenNI.so;libusb::libusb)
[2.329s] -- OpenNI2 found (version: 2.2.0.33, include: /usr/include/openni2, lib: /usr/lib/x86_64-linux-gnu/libOpenNI2.so;libusb::libusb)
[2.332s] -- Could NOT find Pcap (missing: PCAP_LIBRARIES PCAP_INCLUDE_DIRS) 
[2.343s] -- Found ZLIB: /usr/lib/x86_64-linux-gnu/libz.so (found version "1.3")  
[2.359s] -- Found PNG: /usr/lib/x86_64-linux-gnu/libpng.so (found version "1.6.43") 
[2.801s] -- OpenNI found (version: 1.5.4.0, include: /usr/include/ni, lib: /usr/lib/libOpenNI.so;libusb::libusb)
[2.806s] -- OpenNI2 found (version: 2.2.0.33, include: /usr/include/openni2, lib: /usr/lib/x86_64-linux-gnu/libOpenNI2.so;libusb::libusb)
[3.118s] -- Found Qhull version 8.0.2
[3.409s] -- OpenNI found (version: 1.5.4.0, include: /usr/include/ni, lib: /usr/lib/libOpenNI.so;libusb::libusb)
[3.763s] -- Found PCL_COMMON: /usr/lib/x86_64-linux-gnu/libpcl_common.so  
[3.764s] -- Found PCL_KDTREE: /usr/lib/x86_64-linux-gnu/libpcl_kdtree.so  
[3.765s] -- Found PCL_OCTREE: /usr/lib/x86_64-linux-gnu/libpcl_octree.so  
[3.766s] -- Found PCL_SEARCH: /usr/lib/x86_64-linux-gnu/libpcl_search.so  
[3.766s] -- Found PCL_SAMPLE_CONSENSUS: /usr/lib/x86_64-linux-gnu/libpcl_sample_consensus.so  
[3.767s] -- Found PCL_FILTERS: /usr/lib/x86_64-linux-gnu/libpcl_filters.so  
[3.767s] -- Found PCL_2D: /usr/include/pcl-1.14  
[3.768s] -- Found PCL_GEOMETRY: /usr/include/pcl-1.14  
[3.769s] -- Found PCL_IO: /usr/lib/x86_64-linux-gnu/libpcl_io.so  
[3.770s] -- Found PCL_FEATURES: /usr/lib/x86_64-linux-gnu/libpcl_features.so  
[3.770s] -- Found PCL_ML: /usr/lib/x86_64-linux-gnu/libpcl_ml.so  
[3.771s] -- Found PCL_SEGMENTATION: /usr/lib/x86_64-linux-gnu/libpcl_segmentation.so  
[3.772s] -- Found PCL_VISUALIZATION: /usr/lib/x86_64-linux-gnu/libpcl_visualization.so  
[3.773s] -- Found PCL_SURFACE: /usr/lib/x86_64-linux-gnu/libpcl_surface.so  
[3.774s] -- Found PCL_REGISTRATION: /usr/lib/x86_64-linux-gnu/libpcl_registration.so  
[3.774s] -- Found PCL_KEYPOINTS: /usr/lib/x86_64-linux-gnu/libpcl_keypoints.so  
[3.775s] -- Found PCL_TRACKING: /usr/lib/x86_64-linux-gnu/libpcl_tracking.so  
[3.776s] -- Found PCL_RECOGNITION: /usr/lib/x86_64-linux-gnu/libpcl_recognition.so  
[3.777s] -- Found PCL_STEREO: /usr/lib/x86_64-linux-gnu/libpcl_stereo.so  
[3.778s] -- Found PCL_APPS: /usr/lib/x86_64-linux-gnu/libpcl_apps.so  
[3.779s] -- Found PCL_IN_HAND_SCANNER: /usr/include/pcl-1.14  
[3.779s] -- Found PCL_MODELER: /usr/include/pcl-1.14  
[3.779s] -- Found PCL_POINT_CLOUD_EDITOR: /usr/include/pcl-1.14  
[3.780s] -- Found PCL_OUTOFCORE: /usr/lib/x86_64-linux-gnu/libpcl_outofcore.so  
[3.781s] -- Found PCL_PEOPLE: /usr/lib/x86_64-linux-gnu/libpcl_people.so  
[3.784s] -- Found pcl_ros: 2.6.2 (/opt/ros/jazzy/share/pcl_ros/cmake)
[3.810s] -- Found ament_lint_auto: 0.17.1 (/opt/ros/jazzy/share/ament_lint_auto/cmake)
[3.896s] -- Added test 'copyright' to check source files copyright and LICENSE
[3.897s] -- Added test 'cppcheck' to perform static code analysis on C / C++ code
[3.897s] -- Configured cppcheck include dirs: 
[3.897s] -- Configured cppcheck exclude dirs and/or files: 
[3.898s] -- Added test 'cpplint' to check C / C++ code against the Google style
[3.898s] -- Configured cpplint exclude dirs and/or files: 
[3.899s] -- Added test 'lint_cmake' to check CMake code style
[3.899s] -- Added test 'uncrustify' to check C / C++ code style
[3.899s] -- Configured uncrustify additional arguments: 
[3.900s] -- Added test 'xmllint' to check XML markup files
[3.901s] -- Configuring done (3.9s)
[3.935s] -- Generating done (0.0s)
[3.940s] -- Build files have been written to: /home/yuanyan/Robot/build/loam_interface
[3.957s] Invoked command in '/home/yuanyan/Robot/build/loam_interface' returned '0': CMAKE_PREFIX_PATH=${CMAKE_PREFIX_PATH}:/opt/ros/jazzy DEBUGINFOD_URLS=https://debuginfod.ubuntu.com /usr/bin/cmake /home/yuanyan/Robot/src/autonomous_exploration_development_environment/src/loam_interface -DAMENT_CMAKE_SYMLINK_INSTALL=1 -DCMAKE_INSTALL_PREFIX=/home/yuanyan/Robot/install/loam_interface
[3.958s] Invoking command in '/home/yuanyan/Robot/build/loam_interface': CMAKE_PREFIX_PATH=${CMAKE_PREFIX_PATH}:/opt/ros/jazzy DEBUGINFOD_URLS=https://debuginfod.ubuntu.com /usr/bin/cmake --build /home/yuanyan/Robot/build/loam_interface -- -j16 -l16
[4.008s] [ 50%] [32mBuilding CXX object CMakeFiles/loamInterface.dir/src/loamInterface.cpp.o[0m
[14.853s] [100%] [32m[1mLinking CXX executable loamInterface[0m
[15.953s] [100%] Built target loamInterface
[15.962s] Invoked command in '/home/yuanyan/Robot/build/loam_interface' returned '0': CMAKE_PREFIX_PATH=${CMAKE_PREFIX_PATH}:/opt/ros/jazzy DEBUGINFOD_URLS=https://debuginfod.ubuntu.com /usr/bin/cmake --build /home/yuanyan/Robot/build/loam_interface -- -j16 -l16
[15.963s] Invoking command in '/home/yuanyan/Robot/build/loam_interface': CMAKE_PREFIX_PATH=${CMAKE_PREFIX_PATH}:/opt/ros/jazzy DEBUGINFOD_URLS=https://debuginfod.ubuntu.com /usr/bin/cmake --install /home/yuanyan/Robot/build/loam_interface
[15.972s] -- Install configuration: ""
[15.973s] -- Execute custom install script
[15.973s] -- Symlinking: /home/yuanyan/Robot/install/loam_interface/lib/loam_interface/loamInterface
[15.984s] -- Symlinking: /home/yuanyan/Robot/install/loam_interface/share/loam_interface/launch/loam_interface.launch
[15.995s] -- Symlinking: /home/yuanyan/Robot/install/loam_interface/share/ament_index/resource_index/package_run_dependencies/loam_interface
[16.006s] -- Symlinking: /home/yuanyan/Robot/install/loam_interface/share/ament_index/resource_index/parent_prefix_path/loam_interface
[16.017s] -- Symlinking: /home/yuanyan/Robot/install/loam_interface/share/loam_interface/environment/ament_prefix_path.sh
[16.027s] -- Symlinking: /home/yuanyan/Robot/install/loam_interface/share/loam_interface/environment/ament_prefix_path.dsv
[16.038s] -- Symlinking: /home/yuanyan/Robot/install/loam_interface/share/loam_interface/environment/path.sh
[16.048s] -- Symlinking: /home/yuanyan/Robot/install/loam_interface/share/loam_interface/environment/path.dsv
[16.059s] -- Symlinking: /home/yuanyan/Robot/install/loam_interface/share/loam_interface/local_setup.bash
[16.069s] -- Symlinking: /home/yuanyan/Robot/install/loam_interface/share/loam_interface/local_setup.sh
[16.079s] -- Symlinking: /home/yuanyan/Robot/install/loam_interface/share/loam_interface/local_setup.zsh
[16.090s] -- Symlinking: /home/yuanyan/Robot/install/loam_interface/share/loam_interface/local_setup.dsv
[16.100s] -- Symlinking: /home/yuanyan/Robot/install/loam_interface/share/loam_interface/package.dsv
[16.111s] -- Symlinking: /home/yuanyan/Robot/install/loam_interface/share/ament_index/resource_index/packages/loam_interface
[16.121s] -- Symlinking: /home/yuanyan/Robot/install/loam_interface/share/loam_interface/cmake/loam_interfaceConfig.cmake
[16.132s] -- Symlinking: /home/yuanyan/Robot/install/loam_interface/share/loam_interface/cmake/loam_interfaceConfig-version.cmake
[16.142s] -- Symlinking: /home/yuanyan/Robot/install/loam_interface/share/loam_interface/package.xml
[16.155s] Invoked command in '/home/yuanyan/Robot/build/loam_interface' returned '0': CMAKE_PREFIX_PATH=${CMAKE_PREFIX_PATH}:/opt/ros/jazzy DEBUGINFOD_URLS=https://debuginfod.ubuntu.com /usr/bin/cmake --install /home/yuanyan/Robot/build/loam_interface
