[0.019s] Invoking command in '/home/yuanyan/Robot/build/local_planner': CMAKE_PREFIX_PATH=${CMAKE_PREFIX_PATH}:/opt/ros/jazzy DEBUGINFOD_URLS=https://debuginfod.ubuntu.com /usr/bin/cmake --build /home/yuanyan/Robot/build/local_planner -- -j16 -l16
[0.072s] [ 50%] Built target localPlanner
[0.080s] [100%] Built target pathFollower
[0.095s] Invoked command in '/home/yuanyan/Robot/build/local_planner' returned '0': CMAKE_PREFIX_PATH=${CMAKE_PREFIX_PATH}:/opt/ros/jazzy DEBUGINFOD_URLS=https://debuginfod.ubuntu.com /usr/bin/cmake --build /home/yuanyan/Robot/build/local_planner -- -j16 -l16
[0.098s] Invoking command in '/home/yuanyan/Robot/build/local_planner': CMAKE_PREFIX_PATH=${CMAKE_PREFIX_PATH}:/opt/ros/jazzy DEBUGINFOD_URLS=https://debuginfod.ubuntu.com /usr/bin/cmake --install /home/yuanyan/Robot/build/local_planner
[0.101s] -- Install configuration: ""
[0.101s] -- Execute custom install script
[0.101s] -- Up-to-date symlink: /home/yuanyan/Robot/install/local_planner/lib/local_planner/localPlanner
[0.101s] -- Up-to-date symlink: /home/yuanyan/Robot/install/local_planner/lib/local_planner/pathFollower
[0.101s] -- Up-to-date symlink: /home/yuanyan/Robot/install/local_planner/share/local_planner/launch/local_planner.launch
[0.102s] -- Up-to-date symlink: /home/yuanyan/Robot/install/local_planner/share/local_planner/paths/correspondences.txt
[0.102s] -- Up-to-date symlink: /home/yuanyan/Robot/install/local_planner/share/local_planner/paths/pathList.ply
[0.102s] -- Up-to-date symlink: /home/yuanyan/Robot/install/local_planner/share/local_planner/paths/path_generator.m
[0.102s] -- Up-to-date symlink: /home/yuanyan/Robot/install/local_planner/share/local_planner/paths/paths.ply
[0.102s] -- Up-to-date symlink: /home/yuanyan/Robot/install/local_planner/share/local_planner/paths/startPaths.ply
[0.102s] -- Up-to-date symlink: /home/yuanyan/Robot/install/local_planner/share/ament_index/resource_index/package_run_dependencies/local_planner
[0.102s] -- Up-to-date symlink: /home/yuanyan/Robot/install/local_planner/share/ament_index/resource_index/parent_prefix_path/local_planner
[0.102s] -- Up-to-date symlink: /home/yuanyan/Robot/install/local_planner/share/local_planner/environment/ament_prefix_path.sh
[0.102s] -- Up-to-date symlink: /home/yuanyan/Robot/install/local_planner/share/local_planner/environment/ament_prefix_path.dsv
[0.102s] -- Up-to-date symlink: /home/yuanyan/Robot/install/local_planner/share/local_planner/environment/path.sh
[0.102s] -- Up-to-date symlink: /home/yuanyan/Robot/install/local_planner/share/local_planner/environment/path.dsv
[0.102s] -- Up-to-date symlink: /home/yuanyan/Robot/install/local_planner/share/local_planner/local_setup.bash
[0.103s] -- Up-to-date symlink: /home/yuanyan/Robot/install/local_planner/share/local_planner/local_setup.sh
[0.103s] -- Up-to-date symlink: /home/yuanyan/Robot/install/local_planner/share/local_planner/local_setup.zsh
[0.103s] -- Up-to-date symlink: /home/yuanyan/Robot/install/local_planner/share/local_planner/local_setup.dsv
[0.103s] -- Symlinking: /home/yuanyan/Robot/install/local_planner/share/local_planner/package.dsv
[0.113s] -- Up-to-date symlink: /home/yuanyan/Robot/install/local_planner/share/ament_index/resource_index/packages/local_planner
[0.114s] -- Up-to-date symlink: /home/yuanyan/Robot/install/local_planner/share/local_planner/cmake/local_plannerConfig.cmake
[0.114s] -- Up-to-date symlink: /home/yuanyan/Robot/install/local_planner/share/local_planner/cmake/local_plannerConfig-version.cmake
[0.114s] -- Up-to-date symlink: /home/yuanyan/Robot/install/local_planner/share/local_planner/package.xml
[0.166s] Invoked command in '/home/yuanyan/Robot/build/local_planner' returned '0': CMAKE_PREFIX_PATH=${CMAKE_PREFIX_PATH}:/opt/ros/jazzy DEBUGINFOD_URLS=https://debuginfod.ubuntu.com /usr/bin/cmake --install /home/yuanyan/Robot/build/local_planner
