[0.018s] Invoking command in '/home/yuanyan/Robot/build/terrain_analysis_ext': CMAKE_PREFIX_PATH=${CMAKE_PREFIX_PATH}:/opt/ros/jazzy DEBUGINFOD_URLS=https://debuginfod.ubuntu.com /usr/bin/cmake --build /home/yuanyan/Robot/build/terrain_analysis_ext -- -j16 -l16
[0.075s] [100%] Built target terrainAnalysisExt
[0.090s] Invoked command in '/home/yuanyan/Robot/build/terrain_analysis_ext' returned '0': CMAKE_PREFIX_PATH=${CMAKE_PREFIX_PATH}:/opt/ros/jazzy DEBUGINFOD_URLS=https://debuginfod.ubuntu.com /usr/bin/cmake --build /home/yuanyan/Robot/build/terrain_analysis_ext -- -j16 -l16
[0.091s] Invoking command in '/home/yuanyan/Robot/build/terrain_analysis_ext': CMAKE_PREFIX_PATH=${CMAKE_PREFIX_PATH}:/opt/ros/jazzy DEBUGINFOD_URLS=https://debuginfod.ubuntu.com /usr/bin/cmake --install /home/yuanyan/Robot/build/terrain_analysis_ext
[0.097s] -- Install configuration: ""
[0.098s] -- Execute custom install script
[0.098s] -- Up-to-date symlink: /home/yuanyan/Robot/install/terrain_analysis_ext/lib/terrain_analysis_ext/terrainAnalysisExt
[0.099s] -- Up-to-date symlink: /home/yuanyan/Robot/install/terrain_analysis_ext/share/terrain_analysis_ext/launch/terrain_analysis_ext.launch
[0.099s] -- Up-to-date symlink: /home/yuanyan/Robot/install/terrain_analysis_ext/share/ament_index/resource_index/package_run_dependencies/terrain_analysis_ext
[0.099s] -- Up-to-date symlink: /home/yuanyan/Robot/install/terrain_analysis_ext/share/ament_index/resource_index/parent_prefix_path/terrain_analysis_ext
[0.099s] -- Up-to-date symlink: /home/yuanyan/Robot/install/terrain_analysis_ext/share/terrain_analysis_ext/environment/ament_prefix_path.sh
[0.099s] -- Up-to-date symlink: /home/yuanyan/Robot/install/terrain_analysis_ext/share/terrain_analysis_ext/environment/ament_prefix_path.dsv
[0.100s] -- Up-to-date symlink: /home/yuanyan/Robot/install/terrain_analysis_ext/share/terrain_analysis_ext/environment/path.sh
[0.100s] -- Up-to-date symlink: /home/yuanyan/Robot/install/terrain_analysis_ext/share/terrain_analysis_ext/environment/path.dsv
[0.100s] -- Up-to-date symlink: /home/yuanyan/Robot/install/terrain_analysis_ext/share/terrain_analysis_ext/local_setup.bash
[0.100s] -- Up-to-date symlink: /home/yuanyan/Robot/install/terrain_analysis_ext/share/terrain_analysis_ext/local_setup.sh
[0.101s] -- Up-to-date symlink: /home/yuanyan/Robot/install/terrain_analysis_ext/share/terrain_analysis_ext/local_setup.zsh
[0.101s] -- Up-to-date symlink: /home/yuanyan/Robot/install/terrain_analysis_ext/share/terrain_analysis_ext/local_setup.dsv
[0.101s] -- Symlinking: /home/yuanyan/Robot/install/terrain_analysis_ext/share/terrain_analysis_ext/package.dsv
[0.105s] -- Up-to-date symlink: /home/yuanyan/Robot/install/terrain_analysis_ext/share/ament_index/resource_index/packages/terrain_analysis_ext
[0.105s] -- Up-to-date symlink: /home/yuanyan/Robot/install/terrain_analysis_ext/share/terrain_analysis_ext/cmake/terrain_analysis_extConfig.cmake
[0.105s] -- Up-to-date symlink: /home/yuanyan/Robot/install/terrain_analysis_ext/share/terrain_analysis_ext/cmake/terrain_analysis_extConfig-version.cmake
[0.105s] -- Up-to-date symlink: /home/yuanyan/Robot/install/terrain_analysis_ext/share/terrain_analysis_ext/package.xml
[0.142s] Invoked command in '/home/yuanyan/Robot/build/terrain_analysis_ext' returned '0': CMAKE_PREFIX_PATH=${CMAKE_PREFIX_PATH}:/opt/ros/jazzy DEBUGINFOD_URLS=https://debuginfod.ubuntu.com /usr/bin/cmake --install /home/yuanyan/Robot/build/terrain_analysis_ext
