[0.065s] DEBUG:colcon:Command line arguments: ['/usr/bin/colcon', 'build', '--symlink-install', '--cmake-clean-cache']
[0.065s] DEBUG:colcon:Parsed command line arguments: Namespace(log_base=None, log_level=None, verb_name='build', build_base='build', install_base='install', merge_install=False, symlink_install=True, test_result_base=None, continue_on_error=False, executor='parallel', parallel_workers=16, event_handlers=None, ignore_user_meta=False, metas=['./colcon.meta'], base_paths=['.'], packages_ignore=None, packages_ignore_regex=None, paths=None, packages_up_to=None, packages_up_to_regex=None, packages_above=None, packages_above_and_dependencies=None, packages_above_depth=None, packages_select_by_dep=None, packages_skip_by_dep=None, packages_skip_up_to=None, packages_select_build_failed=False, packages_skip_build_finished=False, packages_select_test_failures=False, packages_skip_test_passed=False, packages_select=None, packages_skip=None, packages_select_regex=None, packages_skip_regex=None, packages_start=None, packages_end=None, allow_overriding=[], cmake_args=None, cmake_target=None, cmake_target_skip_unavailable=False, cmake_clean_cache=True, cmake_clean_first=False, cmake_force_configure=False, ament_cmake_args=None, catkin_cmake_args=None, catkin_skip_building_tests=False, mixin_files=None, mixin=None, verb_parser=<colcon_mixin.mixin.mixin_argument.MixinArgumentDecorator object at 0x7c7efcc8bec0>, verb_extension=<colcon_core.verb.build.BuildVerb object at 0x7c7efcc8bb60>, main=<bound method BuildVerb.main of <colcon_core.verb.build.BuildVerb object at 0x7c7efcc8bb60>>, mixin_verb=('build',))
[0.088s] Level 1:colcon.colcon_core.package_discovery:discover_packages(colcon_meta) check parameters
[0.088s] Level 1:colcon.colcon_core.package_discovery:discover_packages(recursive) check parameters
[0.089s] Level 1:colcon.colcon_core.package_discovery:discover_packages(ignore) check parameters
[0.089s] Level 1:colcon.colcon_core.package_discovery:discover_packages(path) check parameters
[0.089s] Level 1:colcon.colcon_core.package_discovery:discover_packages(colcon_meta) discover
[0.089s] Level 1:colcon.colcon_core.package_discovery:discover_packages(recursive) discover
[0.089s] INFO:colcon.colcon_core.package_discovery:Crawling recursively for packages in '/home/yuanyan/LIO-SAM-ros2'
[0.089s] Level 1:colcon.colcon_core.package_identification:_identify(.) by extensions ['ignore', 'ignore_ament_install']
[0.089s] Level 1:colcon.colcon_core.package_identification:_identify(.) by extension 'ignore'
[0.089s] Level 1:colcon.colcon_core.package_identification:_identify(.) by extension 'ignore_ament_install'
[0.089s] Level 1:colcon.colcon_core.package_identification:_identify(.) by extensions ['colcon_pkg']
[0.089s] Level 1:colcon.colcon_core.package_identification:_identify(.) by extension 'colcon_pkg'
[0.089s] Level 1:colcon.colcon_core.package_identification:_identify(.) by extensions ['colcon_meta']
[0.089s] Level 1:colcon.colcon_core.package_identification:_identify(.) by extension 'colcon_meta'
[0.089s] Level 1:colcon.colcon_core.package_identification:_identify(.) by extensions ['ros']
[0.089s] Level 1:colcon.colcon_core.package_identification:_identify(.) by extension 'ros'
[0.107s] DEBUG:colcon.colcon_core.package_identification:Package '.' with type 'ros.ament_cmake' and name 'lio_sam'
[0.107s] Level 1:colcon.colcon_core.package_discovery:discover_packages(recursive) using defaults
[0.107s] Level 1:colcon.colcon_core.package_discovery:discover_packages(ignore) discover
[0.107s] Level 1:colcon.colcon_core.package_discovery:discover_packages(ignore) using defaults
[0.107s] Level 1:colcon.colcon_core.package_discovery:discover_packages(path) discover
[0.107s] Level 1:colcon.colcon_core.package_discovery:discover_packages(path) using defaults
[0.118s] Level 1:colcon.colcon_core.package_discovery:discover_packages(prefix_path) check parameters
[0.118s] Level 1:colcon.colcon_core.package_discovery:discover_packages(prefix_path) discover
[0.120s] DEBUG:colcon.colcon_installed_package_information.package_discovery:Found 372 installed packages in /opt/ros/jazzy
[0.120s] Level 1:colcon.colcon_core.package_discovery:discover_packages(prefix_path) using defaults
[0.144s] Level 5:colcon.colcon_core.verb:set package 'lio_sam' build argument 'cmake_args' from command line to 'None'
[0.144s] Level 5:colcon.colcon_core.verb:set package 'lio_sam' build argument 'cmake_target' from command line to 'None'
[0.144s] Level 5:colcon.colcon_core.verb:set package 'lio_sam' build argument 'cmake_target_skip_unavailable' from command line to 'False'
[0.144s] Level 5:colcon.colcon_core.verb:set package 'lio_sam' build argument 'cmake_clean_cache' from command line to 'True'
[0.144s] Level 5:colcon.colcon_core.verb:set package 'lio_sam' build argument 'cmake_clean_first' from command line to 'False'
[0.144s] Level 5:colcon.colcon_core.verb:set package 'lio_sam' build argument 'cmake_force_configure' from command line to 'False'
[0.144s] Level 5:colcon.colcon_core.verb:set package 'lio_sam' build argument 'ament_cmake_args' from command line to 'None'
[0.144s] Level 5:colcon.colcon_core.verb:set package 'lio_sam' build argument 'catkin_cmake_args' from command line to 'None'
[0.144s] Level 5:colcon.colcon_core.verb:set package 'lio_sam' build argument 'catkin_skip_building_tests' from command line to 'False'
[0.144s] DEBUG:colcon.colcon_core.verb:Building package 'lio_sam' with the following arguments: {'ament_cmake_args': None, 'build_base': '/home/yuanyan/LIO-SAM-ros2/build/lio_sam', 'catkin_cmake_args': None, 'catkin_skip_building_tests': False, 'cmake_args': None, 'cmake_clean_cache': True, 'cmake_clean_first': False, 'cmake_force_configure': False, 'cmake_target': None, 'cmake_target_skip_unavailable': False, 'install_base': '/home/yuanyan/LIO-SAM-ros2/install/lio_sam', 'merge_install': False, 'path': '/home/yuanyan/LIO-SAM-ros2', 'symlink_install': True, 'test_result_base': None}
[0.144s] INFO:colcon.colcon_core.executor:Executing jobs using 'parallel' executor
[0.145s] DEBUG:colcon.colcon_parallel_executor.executor.parallel:run_until_complete
[0.145s] INFO:colcon.colcon_ros.task.ament_cmake.build:Building ROS package in '/home/yuanyan/LIO-SAM-ros2' with build type 'ament_cmake'
[0.145s] INFO:colcon.colcon_cmake.task.cmake.build:Building CMake package in '/home/yuanyan/LIO-SAM-ros2'
[0.146s] INFO:colcon.colcon_core.plugin_system:Skipping extension 'colcon_core.shell.bat': Not used on non-Windows systems
[0.146s] INFO:colcon.colcon_core.shell:Skip shell extension 'powershell' for command environment: Not usable outside of PowerShell
[0.146s] DEBUG:colcon.colcon_core.shell:Skip shell extension 'dsv' for command environment
[0.152s] DEBUG:colcon.colcon_core.event_handler.log_command:Invoking command in '/home/yuanyan/LIO-SAM-ros2/build/lio_sam': CMAKE_PREFIX_PATH=${CMAKE_PREFIX_PATH}:/opt/ros/jazzy DEBUGINFOD_URLS=https://debuginfod.ubuntu.com /usr/bin/cmake /home/yuanyan/LIO-SAM-ros2 -DAMENT_CMAKE_SYMLINK_INSTALL=1 -DCMAKE_INSTALL_PREFIX=/home/yuanyan/LIO-SAM-ros2/install/lio_sam
[5.249s] DEBUG:colcon.colcon_core.event_handler.log_command:Invoked command in '/home/yuanyan/LIO-SAM-ros2/build/lio_sam' returned '0': CMAKE_PREFIX_PATH=${CMAKE_PREFIX_PATH}:/opt/ros/jazzy DEBUGINFOD_URLS=https://debuginfod.ubuntu.com /usr/bin/cmake /home/yuanyan/LIO-SAM-ros2 -DAMENT_CMAKE_SYMLINK_INSTALL=1 -DCMAKE_INSTALL_PREFIX=/home/yuanyan/LIO-SAM-ros2/install/lio_sam
[5.249s] DEBUG:colcon.colcon_core.event_handler.log_command:Invoking command in '/home/yuanyan/LIO-SAM-ros2/build/lio_sam': CMAKE_PREFIX_PATH=${CMAKE_PREFIX_PATH}:/opt/ros/jazzy DEBUGINFOD_URLS=https://debuginfod.ubuntu.com /usr/bin/cmake --build /home/yuanyan/LIO-SAM-ros2/build/lio_sam -- -j16 -l16
[24.306s] DEBUG:colcon.colcon_core.event_handler.log_command:Invoked command in '/home/yuanyan/LIO-SAM-ros2/build/lio_sam' returned '2': CMAKE_PREFIX_PATH=${CMAKE_PREFIX_PATH}:/opt/ros/jazzy DEBUGINFOD_URLS=https://debuginfod.ubuntu.com /usr/bin/cmake --build /home/yuanyan/LIO-SAM-ros2/build/lio_sam -- -j16 -l16
[24.307s] Level 1:colcon.colcon_core.environment:create_environment_scripts_only(lio_sam)
[24.308s] Level 1:colcon.colcon_core.environment:checking '/home/yuanyan/LIO-SAM-ros2/install/lio_sam' for CMake module files
[24.308s] Level 1:colcon.colcon_core.environment:checking '/home/yuanyan/LIO-SAM-ros2/install/lio_sam' for CMake config files
[24.308s] Level 1:colcon.colcon_core.environment:checking '/home/yuanyan/LIO-SAM-ros2/install/lio_sam/bin'
[24.308s] Level 1:colcon.colcon_core.environment:checking '/home/yuanyan/LIO-SAM-ros2/install/lio_sam/lib/pkgconfig/lio_sam.pc'
[24.308s] Level 1:colcon.colcon_core.environment:checking '/home/yuanyan/LIO-SAM-ros2/install/lio_sam/lib/python3.12/site-packages'
[24.308s] Level 1:colcon.colcon_core.environment:checking '/home/yuanyan/LIO-SAM-ros2/install/lio_sam/bin'
[24.309s] INFO:colcon.colcon_core.shell:Creating package script '/home/yuanyan/LIO-SAM-ros2/install/lio_sam/share/lio_sam/package.ps1'
[24.309s] INFO:colcon.colcon_core.shell:Creating package descriptor '/home/yuanyan/LIO-SAM-ros2/install/lio_sam/share/lio_sam/package.dsv'
[24.309s] INFO:colcon.colcon_core.shell:Creating package script '/home/yuanyan/LIO-SAM-ros2/install/lio_sam/share/lio_sam/package.sh'
[24.310s] INFO:colcon.colcon_core.shell:Creating package script '/home/yuanyan/LIO-SAM-ros2/install/lio_sam/share/lio_sam/package.bash'
[24.310s] INFO:colcon.colcon_core.shell:Creating package script '/home/yuanyan/LIO-SAM-ros2/install/lio_sam/share/lio_sam/package.zsh'
[24.310s] Level 1:colcon.colcon_core.environment:create_file_with_runtime_dependencies(/home/yuanyan/LIO-SAM-ros2/install/lio_sam/share/colcon-core/packages/lio_sam)
[24.320s] DEBUG:colcon.colcon_parallel_executor.executor.parallel:closing loop
[24.321s] DEBUG:colcon.colcon_parallel_executor.executor.parallel:loop closed
[24.321s] DEBUG:colcon.colcon_parallel_executor.executor.parallel:run_until_complete finished with '2'
[24.321s] DEBUG:colcon.colcon_core.event_reactor:joining thread
[24.324s] INFO:colcon.colcon_core.plugin_system:Skipping extension 'colcon_notification.desktop_notification.terminal_notifier': Not used on non-Darwin systems
[24.324s] INFO:colcon.colcon_core.plugin_system:Skipping extension 'colcon_notification.desktop_notification.win32': Not used on non-Windows systems
[24.324s] INFO:colcon.colcon_notification.desktop_notification:Sending desktop notification using 'notify2'
[24.333s] DEBUG:colcon.colcon_core.event_reactor:joined thread
[24.333s] INFO:colcon.colcon_core.shell:Creating prefix script '/home/yuanyan/LIO-SAM-ros2/install/local_setup.ps1'
[24.333s] INFO:colcon.colcon_core.shell:Creating prefix util module '/home/yuanyan/LIO-SAM-ros2/install/_local_setup_util_ps1.py'
[24.334s] INFO:colcon.colcon_core.shell:Creating prefix chain script '/home/yuanyan/LIO-SAM-ros2/install/setup.ps1'
[24.335s] INFO:colcon.colcon_core.shell:Creating prefix script '/home/yuanyan/LIO-SAM-ros2/install/local_setup.sh'
[24.335s] INFO:colcon.colcon_core.shell:Creating prefix util module '/home/yuanyan/LIO-SAM-ros2/install/_local_setup_util_sh.py'
[24.335s] INFO:colcon.colcon_core.shell:Creating prefix chain script '/home/yuanyan/LIO-SAM-ros2/install/setup.sh'
[24.336s] INFO:colcon.colcon_core.shell:Creating prefix script '/home/yuanyan/LIO-SAM-ros2/install/local_setup.bash'
[24.336s] INFO:colcon.colcon_core.shell:Creating prefix chain script '/home/yuanyan/LIO-SAM-ros2/install/setup.bash'
[24.336s] INFO:colcon.colcon_core.shell:Creating prefix script '/home/yuanyan/LIO-SAM-ros2/install/local_setup.zsh'
[24.337s] INFO:colcon.colcon_core.shell:Creating prefix chain script '/home/yuanyan/LIO-SAM-ros2/install/setup.zsh'
