[0.006s] Invoking command in '/home/yuanyan/LIO-SAM-ros2/build/lio_sam': CMAKE_PREFIX_PATH=${CMAKE_PREFIX_PATH}:/opt/ros/jazzy DEBUGINFOD_URLS=https://debuginfod.ubuntu.com /usr/bin/cmake /home/yuanyan/LIO-SAM-ros2 -DAMENT_CMAKE_SYMLINK_INSTALL=1 -DCMAKE_INSTALL_PREFIX=/home/yuanyan/LIO-SAM-ros2/install/lio_sam
[0.043s] -- The C compiler identification is GNU 13.3.0
[0.080s] -- The CXX compiler identification is GNU 13.3.0
[0.091s] -- Detecting C compiler ABI info
[0.150s] -- Detecting C compiler ABI info - done
[0.155s] -- Check for working C compiler: /usr/bin/cc - skipped
[0.155s] -- Detecting C compile features
[0.156s] -- Detecting C compile features - done
[0.163s] -- Detecting CXX compiler ABI info
[0.230s] -- Detecting CXX compiler ABI info - done
[0.236s] -- Check for working CXX compiler: /usr/bin/c++ - skipped
[0.236s] -- Detecting CXX compile features
[0.236s] -- Detecting CXX compile features - done
[0.239s] -- Found ament_cmake: 2.5.3 (/opt/ros/jazzy/share/ament_cmake/cmake)
[0.337s] -- Found Python3: /usr/bin/python3 (found version "3.12.3") found components: Interpreter 
[0.381s] -- Override CMake install command with custom implementation using symlinks instead of copying resources
[0.410s] -- Found rosidl_default_generators: 1.6.0 (/opt/ros/jazzy/share/rosidl_default_generators/cmake)
[0.414s] -- Using all available rosidl_typesupport_c: rosidl_typesupport_fastrtps_c;rosidl_typesupport_introspection_c
[0.449s] -- Using all available rosidl_typesupport_cpp: rosidl_typesupport_fastrtps_cpp;rosidl_typesupport_introspection_cpp
[0.478s] -- Found rosidl_adapter: 4.6.5 (/opt/ros/jazzy/share/rosidl_adapter/cmake)
[0.480s] -- Found rclcpp: 28.1.6 (/opt/ros/jazzy/share/rclcpp/cmake)
[0.537s] -- Found rmw_implementation_cmake: 7.3.1 (/opt/ros/jazzy/share/rmw_implementation_cmake/cmake)
[0.539s] -- Found rmw_fastrtps_cpp: 8.4.1 (/opt/ros/jazzy/share/rmw_fastrtps_cpp/cmake)
[0.605s] -- Found OpenSSL: /usr/lib/x86_64-linux-gnu/libcrypto.so (found version "3.0.13")  
[0.619s] -- Found FastRTPS: /opt/ros/jazzy/include (Required is at least version "2.13") 
[0.637s] -- Using RMW implementation 'rmw_fastrtps_cpp' as default
[0.689s] -- Found rclpy: 7.1.3 (/opt/ros/jazzy/share/rclpy/cmake)
[0.690s] -- Found cv_bridge: 4.1.0 (/opt/ros/jazzy/share/cv_bridge/cmake)
[0.739s] -- Found nav_msgs: 5.3.5 (/opt/ros/jazzy/share/nav_msgs/cmake)
[0.756s] -- Found visualization_msgs: 5.3.5 (/opt/ros/jazzy/share/visualization_msgs/cmake)
[0.775s] -- Found pcl_msgs: 1.0.0 (/opt/ros/jazzy/share/pcl_msgs/cmake)
[0.790s] -- Found tf2: 0.36.8 (/opt/ros/jazzy/share/tf2/cmake)
[0.794s] -- Found tf2_geometry_msgs: 0.36.8 (/opt/ros/jazzy/share/tf2_geometry_msgs/cmake)
[0.804s] -- Found eigen3_cmake_module: 0.3.0 (/opt/ros/jazzy/share/eigen3_cmake_module/cmake)
[0.805s] -- Found Eigen3: TRUE (found version "3.4.0") 
[0.805s] -- Ensuring Eigen3 include directory is part of orocos-kdl CMake target
[0.890s] -- Found tf2_sensor_msgs: 0.36.8 (/opt/ros/jazzy/share/tf2_sensor_msgs/cmake)
[0.894s] -- Found tf2_eigen: 0.36.8 (/opt/ros/jazzy/share/tf2_eigen/cmake)
[0.898s] -- Found OpenCV: /usr (found version "4.6.0") 
[0.920s] -- Found Boost: /usr/lib/x86_64-linux-gnu/cmake/Boost-1.83.0/BoostConfig.cmake (found suitable version "1.83.0", minimum required is "1.65.0") found components: system filesystem iostreams serialization 
[0.921s] [33mCMake Warning (dev) at /usr/lib/x86_64-linux-gnu/cmake/pcl/Modules/FindFLANN.cmake:45 (find_package):
[0.921s]   Policy CMP0144 is not set: find_package uses upper-case <PACKAGENAME>_ROOT
[0.921s]   variables.  Run "cmake --help-policy CMP0144" for policy details.  Use the
[0.921s]   cmake_policy command to set the policy and suppress this warning.
[0.921s] 
[0.921s]   CMake variable FLANN_ROOT is set to:
[0.921s] 
[0.921s]     /usr
[0.921s] 
[0.921s]   For compatibility, find_package is ignoring the variable, but code in a
[0.921s]   .cmake module might still use it.
[0.921s] Call Stack (most recent call first):
[0.921s]   /usr/lib/x86_64-linux-gnu/cmake/pcl/PCLConfig.cmake:261 (find_package)
[0.921s]   /usr/lib/x86_64-linux-gnu/cmake/pcl/PCLConfig.cmake:306 (find_flann)
[0.921s]   /usr/lib/x86_64-linux-gnu/cmake/pcl/PCLConfig.cmake:570 (find_external_library)
[0.921s]   CMakeLists.txt:27 (find_package)
[0.921s] This warning is for project developers.  Use -Wno-dev to suppress it.
[0.921s] [0m
[0.921s] -- Found flann version 1.9.2
[1.125s] -- Found OpenMP_CXX: -fopenmp (found version "4.5") 
[1.125s] -- Found OpenMP: TRUE (found version "4.5") found components: CXX 
[1.150s] -- Performing Test CMAKE_HAVE_LIBC_PTHREAD
[1.206s] -- Performing Test CMAKE_HAVE_LIBC_PTHREAD - Success
[1.207s] -- Found Threads: TRUE  
[1.208s] -- Found GLEW: /usr/lib/x86_64-linux-gnu/libGLEW.so  
[1.213s] -- Found OpenGL: /usr/lib/x86_64-linux-gnu/libOpenGL.so  found components: OpenGL GLX 
[1.330s] -- Found MPI_C: /usr/lib/x86_64-linux-gnu/libmpi.so (found version "3.1") 
[1.331s] -- Found MPI: TRUE (found version "3.1") found components: C 
[1.332s] -- Found JsonCpp: /usr/lib/x86_64-linux-gnu/libjsoncpp.so (found suitable version "1.9.5", minimum required is "0.7.0") 
[1.342s] -- Found ZLIB: /usr/lib/x86_64-linux-gnu/libz.so (found version "1.3")  
[1.356s] -- Found PNG: /usr/lib/x86_64-linux-gnu/libpng.so (found version "1.6.43") 
[1.364s] -- Found Eigen3: /usr/include/eigen3 (found version "3.4.0") 
[1.461s] -- Found X11: /usr/include   
[1.461s] -- Looking for XOpenDisplay in /usr/lib/x86_64-linux-gnu/libX11.so;/usr/lib/x86_64-linux-gnu/libXext.so
[1.521s] -- Looking for XOpenDisplay in /usr/lib/x86_64-linux-gnu/libX11.so;/usr/lib/x86_64-linux-gnu/libXext.so - found
[1.522s] -- Looking for gethostbyname
[1.577s] -- Looking for gethostbyname - found
[1.577s] -- Looking for connect
[1.634s] -- Looking for connect - found
[1.634s] -- Looking for remove
[1.689s] -- Looking for remove - found
[1.689s] -- Looking for shmat
[1.748s] -- Looking for shmat - found
[1.748s] -- Looking for IceConnectionNumber in ICE
[1.802s] -- Looking for IceConnectionNumber in ICE - found
[1.895s] -- Found EXPAT: /usr/lib/x86_64-linux-gnu/libexpat.so (found version "2.6.1") 
[1.897s] -- Found double-conversion: /usr/lib/x86_64-linux-gnu/libdouble-conversion.so  
[1.898s] -- Found LZ4: /usr/lib/x86_64-linux-gnu/liblz4.so (found version "1.9.4") 
[1.900s] -- Found LZMA: /usr/lib/x86_64-linux-gnu/liblzma.so (found version "5.4.5") 
[1.909s] -- Found JPEG: /usr/lib/x86_64-linux-gnu/libjpeg.so (found version "80") 
[1.921s] -- Found TIFF: /usr/lib/x86_64-linux-gnu/libtiff.so (found version "4.5.1")  
[1.924s] -- Found Freetype: /usr/lib/x86_64-linux-gnu/libfreetype.so (found version "2.13.2") 
[1.928s] -- Found utf8cpp: /usr/include/utf8cpp  
[2.003s] -- Checking for module 'libusb-1.0'
[2.017s] --   Found libusb-1.0, version 1.0.27
[2.045s] -- Found libusb: /usr/lib/x86_64-linux-gnu/libusb-1.0.so  
[2.045s] -- Found OpenNI: /usr/lib/libOpenNI.so;libusb::libusb (found version "1.5.4.0") 
[2.045s] -- OpenNI found (version: 1.5.4.0, include: /usr/include/ni, lib: /usr/lib/libOpenNI.so;libusb::libusb)
[2.089s] -- Found OpenNI2: /usr/lib/x86_64-linux-gnu/libOpenNI2.so;libusb::libusb (found version "2.2.0.33") 
[2.089s] -- OpenNI2 found (version: 2.2.0.33, include: /usr/include/openni2, lib: /usr/lib/x86_64-linux-gnu/libOpenNI2.so;libusb::libusb)
[2.091s] -- Could NOT find Pcap (missing: PCAP_LIBRARIES PCAP_INCLUDE_DIRS) 
[2.091s] [0m** WARNING ** io features related to pcap will be disabled[0m
[2.384s] -- OpenNI found (version: 1.5.4.0, include: /usr/include/ni, lib: /usr/lib/libOpenNI.so;libusb::libusb)
[2.389s] -- OpenNI2 found (version: 2.2.0.33, include: /usr/include/openni2, lib: /usr/lib/x86_64-linux-gnu/libOpenNI2.so;libusb::libusb)
[2.648s] -- Found Qhull version 8.0.2
[2.908s] -- OpenNI found (version: 1.5.4.0, include: /usr/include/ni, lib: /usr/lib/libOpenNI.so;libusb::libusb)
[3.169s] -- looking for PCL_COMMON
[3.170s] -- Found PCL_COMMON: /usr/lib/x86_64-linux-gnu/libpcl_common.so  
[3.170s] -- looking for PCL_KDTREE
[3.170s] -- Found PCL_KDTREE: /usr/lib/x86_64-linux-gnu/libpcl_kdtree.so  
[3.170s] -- looking for PCL_OCTREE
[3.171s] -- Found PCL_OCTREE: /usr/lib/x86_64-linux-gnu/libpcl_octree.so  
[3.171s] -- looking for PCL_SEARCH
[3.172s] -- Found PCL_SEARCH: /usr/lib/x86_64-linux-gnu/libpcl_search.so  
[3.172s] -- looking for PCL_SAMPLE_CONSENSUS
[3.172s] -- Found PCL_SAMPLE_CONSENSUS: /usr/lib/x86_64-linux-gnu/libpcl_sample_consensus.so  
[3.172s] -- looking for PCL_FILTERS
[3.173s] -- Found PCL_FILTERS: /usr/lib/x86_64-linux-gnu/libpcl_filters.so  
[3.173s] -- looking for PCL_2D
[3.173s] -- Found PCL_2D: /usr/include/pcl-1.14  
[3.173s] -- looking for PCL_GEOMETRY
[3.173s] -- Found PCL_GEOMETRY: /usr/include/pcl-1.14  
[3.173s] -- looking for PCL_IO
[3.174s] -- Found PCL_IO: /usr/lib/x86_64-linux-gnu/libpcl_io.so  
[3.174s] -- looking for PCL_FEATURES
[3.175s] -- Found PCL_FEATURES: /usr/lib/x86_64-linux-gnu/libpcl_features.so  
[3.175s] -- looking for PCL_ML
[3.176s] -- Found PCL_ML: /usr/lib/x86_64-linux-gnu/libpcl_ml.so  
[3.176s] -- looking for PCL_SEGMENTATION
[3.176s] -- Found PCL_SEGMENTATION: /usr/lib/x86_64-linux-gnu/libpcl_segmentation.so  
[3.176s] -- looking for PCL_VISUALIZATION
[3.177s] -- Found PCL_VISUALIZATION: /usr/lib/x86_64-linux-gnu/libpcl_visualization.so  
[3.177s] -- looking for PCL_SURFACE
[3.178s] -- Found PCL_SURFACE: /usr/lib/x86_64-linux-gnu/libpcl_surface.so  
[3.178s] -- looking for PCL_REGISTRATION
[3.178s] -- Found PCL_REGISTRATION: /usr/lib/x86_64-linux-gnu/libpcl_registration.so  
[3.178s] -- looking for PCL_KEYPOINTS
[3.179s] -- Found PCL_KEYPOINTS: /usr/lib/x86_64-linux-gnu/libpcl_keypoints.so  
[3.179s] -- looking for PCL_TRACKING
[3.180s] -- Found PCL_TRACKING: /usr/lib/x86_64-linux-gnu/libpcl_tracking.so  
[3.180s] -- looking for PCL_RECOGNITION
[3.181s] -- Found PCL_RECOGNITION: /usr/lib/x86_64-linux-gnu/libpcl_recognition.so  
[3.181s] -- looking for PCL_STEREO
[3.181s] -- Found PCL_STEREO: /usr/lib/x86_64-linux-gnu/libpcl_stereo.so  
[3.181s] -- looking for PCL_APPS
[3.182s] -- Found PCL_APPS: /usr/lib/x86_64-linux-gnu/libpcl_apps.so  
[3.182s] -- looking for PCL_IN_HAND_SCANNER
[3.183s] -- Found PCL_IN_HAND_SCANNER: /usr/include/pcl-1.14  
[3.183s] -- looking for PCL_MODELER
[3.183s] -- Found PCL_MODELER: /usr/include/pcl-1.14  
[3.183s] -- looking for PCL_POINT_CLOUD_EDITOR
[3.183s] -- Found PCL_POINT_CLOUD_EDITOR: /usr/include/pcl-1.14  
[3.183s] -- looking for PCL_OUTOFCORE
[3.184s] -- Found PCL_OUTOFCORE: /usr/lib/x86_64-linux-gnu/libpcl_outofcore.so  
[3.184s] -- looking for PCL_PEOPLE
[3.185s] -- Found PCL_PEOPLE: /usr/lib/x86_64-linux-gnu/libpcl_people.so  
[3.185s] -- Found PCL: pcl_common;pcl_kdtree;pcl_octree;pcl_search;pcl_sample_consensus;pcl_filters;pcl_io;pcl_features;pcl_ml;pcl_segmentation;pcl_visualization;pcl_surface;pcl_registration;pcl_keypoints;pcl_tracking;pcl_recognition;pcl_stereo;pcl_apps;pcl_outofcore;pcl_people;Boost::system;Boost::filesystem;Boost::iostreams;Boost::serialization;/usr/lib/libOpenNI.so;libusb::libusb;/usr/lib/x86_64-linux-gnu/libOpenNI2.so;libusb::libusb;VTK::ChartsCore;VTK::CommonColor;VTK::CommonComputationalGeometry;VTK::CommonCore;VTK::CommonDataModel;VTK::CommonExecutionModel;VTK::CommonMath;VTK::CommonMisc;VTK::CommonTransforms;VTK::FiltersCore;VTK::FiltersExtraction;VTK::FiltersGeneral;VTK::FiltersGeometry;VTK::FiltersModeling;VTK::FiltersSources;VTK::ImagingCore;VTK::ImagingSources;VTK::InteractionImage;VTK::InteractionStyle;VTK::InteractionWidgets;VTK::IOCore;VTK::IOGeometry;VTK::IOImage;VTK::IOLegacy;VTK::IOPLY;VTK::RenderingAnnotation;VTK::RenderingCore;VTK::RenderingContext2D;VTK::RenderingLOD;VTK::RenderingFreeType;VTK::ViewsCore;VTK::ViewsContext2D;VTK::RenderingOpenGL2;VTK::RenderingContextOpenGL2;VTK::GUISupportQt;FLANN::FLANN;QHULL::QHULL  
[3.204s] -- Found Boost: /usr/lib/x86_64-linux-gnu/cmake/Boost-1.83.0/BoostConfig.cmake (found suitable version "1.83.0", minimum required is "1.65") found components: serialization system filesystem thread program_options date_time timer chrono regex 
[3.206s] -- GTSAM include directory:  /usr/local/lib/cmake/GTSAM/../../../include
[3.207s] -- Found Eigen3: TRUE (found version "3.4.0") 
[3.208s] -- Found pcl_conversions: 2.6.2 (/opt/ros/jazzy/share/pcl_conversions/cmake)
[3.618s] -- Found ament_cmake_ros: 0.12.0 (/opt/ros/jazzy/share/ament_cmake_ros/cmake)
[3.966s] -- Using all available rosidl_typesupport_c: rosidl_typesupport_fastrtps_c;rosidl_typesupport_introspection_c
[4.428s] -- Using all available rosidl_typesupport_cpp: rosidl_typesupport_fastrtps_cpp;rosidl_typesupport_introspection_cpp
[4.430s] -- Found python_cmake_module: 0.11.1 (/opt/ros/jazzy/share/python_cmake_module/cmake)
[4.519s] -- Found PythonExtra: /usr/bin/python3  
[4.798s] -- Found Python3: /usr/bin/python3 (found version "3.12.3") found components: Interpreter Development NumPy Development.Module Development.Embed 
[4.861s] [0mCMake Deprecation Warning at /opt/ros/jazzy/share/rosidl_cmake/cmake/rosidl_target_interfaces.cmake:32 (message):
[4.861s]   Use rosidl_get_typesupport_target() and target_link_libraries() instead of
[4.861s]   rosidl_target_interfaces().  i.e:
[4.861s] 
[4.861s]     rosidl_get_typesupport_target(cpp_typesupport_target "${PROJECT_NAME}" "rosidl_typesupport_cpp")
[4.861s]     target_link_libraries(${PROJECT_NAME}_node "${cpp_typesupport_target}")
[4.861s] 
[4.861s] Call Stack (most recent call first):
[4.861s]   CMakeLists.txt:40 (rosidl_target_interfaces)
[4.861s] 
[4.861s] [0m
[4.879s] [0mCMake Deprecation Warning at /opt/ros/jazzy/share/rosidl_cmake/cmake/rosidl_target_interfaces.cmake:32 (message):
[4.879s]   Use rosidl_get_typesupport_target() and target_link_libraries() instead of
[4.879s]   rosidl_target_interfaces().  i.e:
[4.879s] 
[4.879s]     rosidl_get_typesupport_target(cpp_typesupport_target "${PROJECT_NAME}" "rosidl_typesupport_cpp")
[4.879s]     target_link_libraries(${PROJECT_NAME}_node "${cpp_typesupport_target}")
[4.879s] 
[4.879s] Call Stack (most recent call first):
[4.879s]   CMakeLists.txt:44 (rosidl_target_interfaces)
[4.879s] 
[4.879s] [0m
[4.897s] [0mCMake Deprecation Warning at /opt/ros/jazzy/share/rosidl_cmake/cmake/rosidl_target_interfaces.cmake:32 (message):
[4.897s]   Use rosidl_get_typesupport_target() and target_link_libraries() instead of
[4.897s]   rosidl_target_interfaces().  i.e:
[4.898s] 
[4.898s]     rosidl_get_typesupport_target(cpp_typesupport_target "${PROJECT_NAME}" "rosidl_typesupport_cpp")
[4.898s]     target_link_libraries(${PROJECT_NAME}_node "${cpp_typesupport_target}")
[4.898s] 
[4.898s] Call Stack (most recent call first):
[4.898s]   CMakeLists.txt:49 (rosidl_target_interfaces)
[4.898s] 
[4.898s] [0m
[4.916s] [0mCMake Deprecation Warning at /opt/ros/jazzy/share/rosidl_cmake/cmake/rosidl_target_interfaces.cmake:32 (message):
[4.916s]   Use rosidl_get_typesupport_target() and target_link_libraries() instead of
[4.916s]   rosidl_target_interfaces().  i.e:
[4.916s] 
[4.916s]     rosidl_get_typesupport_target(cpp_typesupport_target "${PROJECT_NAME}" "rosidl_typesupport_cpp")
[4.916s]     target_link_libraries(${PROJECT_NAME}_node "${cpp_typesupport_target}")
[4.916s] 
[4.916s] Call Stack (most recent call first):
[4.916s]   CMakeLists.txt:54 (rosidl_target_interfaces)
[4.916s] 
[4.916s] [0m
[4.918s] -- Found ament_lint_auto: 0.17.1 (/opt/ros/jazzy/share/ament_lint_auto/cmake)
[4.936s] -- Added test 'copyright' to check source files copyright and LICENSE
[4.951s] -- Added test 'cppcheck' to perform static code analysis on C / C++ code
[4.953s] -- Configured cppcheck include dirs: /home/yuanyan/LIO-SAM-ros2/include/lio_sam;$<BUILD_INTERFACE:/home/yuanyan/LIO-SAM-ros2/build/lio_sam/rosidl_generator_c>;$<BUILD_INTERFACE:/home/yuanyan/LIO-SAM-ros2/build/lio_sam/rosidl_typesupport_fastrtps_c>;$<BUILD_INTERFACE:/home/yuanyan/LIO-SAM-ros2/build/lio_sam/rosidl_typesupport_introspection_c>;$<BUILD_INTERFACE:/home/yuanyan/LIO-SAM-ros2/build/lio_sam/rosidl_generator_cpp>;$<BUILD_INTERFACE:/home/yuanyan/LIO-SAM-ros2/build/lio_sam/rosidl_typesupport_fastrtps_cpp>;$<BUILD_INTERFACE:/home/yuanyan/LIO-SAM-ros2/build/lio_sam/rosidl_typesupport_introspection_cpp>;/home/yuanyan/LIO-SAM-ros2/build/lio_sam/rosidl_generator_c;/home/yuanyan/LIO-SAM-ros2/build/lio_sam/rosidl_generator_py
[4.953s] -- Configured cppcheck exclude dirs and/or files: 
[4.967s] -- Added test 'cpplint' to check C / C++ code against the Google style
[4.967s] -- Configured cpplint exclude dirs and/or files: 
[4.969s] -- Added test 'flake8' to check Python code syntax and style conventions
[4.969s] -- Configured 'flake8' exclude dirs and/or files: 
[4.973s] -- Added test 'lint_cmake' to check CMake code style
[4.975s] -- Added test 'pep257' to check Python code against some of the docstring style conventions in PEP 257
[4.989s] -- Added test 'uncrustify' to check C / C++ code style
[4.989s] -- Configured uncrustify additional arguments: 
[4.991s] -- Added test 'xmllint' to check XML markup files
[4.993s] -- Configuring done (5.0s)
[5.083s] -- Generating done (0.1s)
[5.100s] -- Build files have been written to: /home/yuanyan/LIO-SAM-ros2/build/lio_sam
[5.115s] Invoked command in '/home/yuanyan/LIO-SAM-ros2/build/lio_sam' returned '0': CMAKE_PREFIX_PATH=${CMAKE_PREFIX_PATH}:/opt/ros/jazzy DEBUGINFOD_URLS=https://debuginfod.ubuntu.com /usr/bin/cmake /home/yuanyan/LIO-SAM-ros2 -DAMENT_CMAKE_SYMLINK_INSTALL=1 -DCMAKE_INSTALL_PREFIX=/home/yuanyan/LIO-SAM-ros2/install/lio_sam
[5.116s] Invoking command in '/home/yuanyan/LIO-SAM-ros2/build/lio_sam': CMAKE_PREFIX_PATH=${CMAKE_PREFIX_PATH}:/opt/ros/jazzy DEBUGINFOD_URLS=https://debuginfod.ubuntu.com /usr/bin/cmake --build /home/yuanyan/LIO-SAM-ros2/build/lio_sam -- -j16 -l16
[5.158s] [  1%] Built target lio_sam__rosidl_generator_type_description
[5.163s] [  1%] Built target ament_cmake_python_symlink_lio_sam
[5.174s] [  3%] Built target lio_sam__cpp
[5.176s] [ 19%] Built target lio_sam__rosidl_generator_c
[5.193s] [ 34%] Built target lio_sam__rosidl_typesupport_cpp
[5.193s] [ 34%] Built target lio_sam__rosidl_typesupport_introspection_c
[5.194s] [ 42%] Built target lio_sam__rosidl_typesupport_fastrtps_cpp
[5.194s] [ 50%] Built target lio_sam__rosidl_typesupport_fastrtps_c
[5.195s] [ 57%] Built target lio_sam__rosidl_typesupport_c
[5.195s] [ 65%] Built target lio_sam__rosidl_typesupport_introspection_cpp
[5.210s] [ 65%] Built target lio_sam
[5.229s] [ 67%] Built target lio_sam__py
[5.241s] [ 71%] Built target lio_sam_featureExtraction
[5.241s] [ 78%] Built target lio_sam_mapOptimization
[5.241s] [ 78%] Built target lio_sam_imageProjection
[5.244s] [ 80%] [32mBuilding CXX object CMakeFiles/lio_sam_imuPreintegration.dir/src/imuPreintegration.cpp.o[0m
[5.252s] [ 86%] Built target lio_sam__rosidl_generator_py
[5.267s] [ 94%] Built target lio_sam_s__rosidl_typesupport_c
[5.267s] [ 94%] Built target lio_sam_s__rosidl_typesupport_fastrtps_c
[5.269s] [ 98%] Built target lio_sam_s__rosidl_typesupport_introspection_c
[5.299s] running egg_info
[5.310s] writing lio_sam.egg-info/PKG-INFO
[5.310s] writing dependency_links to lio_sam.egg-info/dependency_links.txt
[5.310s] writing top-level names to lio_sam.egg-info/top_level.txt
[5.341s] reading manifest file 'lio_sam.egg-info/SOURCES.txt'
[5.342s] writing manifest file 'lio_sam.egg-info/SOURCES.txt'
[5.361s] [ 98%] Built target ament_cmake_python_build_lio_sam_egg
[11.028s] [01m[K/home/yuanyan/LIO-SAM-ros2/src/imuPreintegration.cpp:[m[K In constructor ‘[01m[KIMUPreintegration::[01;32m[KIMUPreintegration[m[K(const rclcpp::NodeOptions&)[m[K’:
[11.028s] [01m[K/home/yuanyan/LIO-SAM-ros2/src/imuPreintegration.cpp:262:87:[m[K [01;31m[Kerror: [m[Kno matching function for call to ‘[01m[Kgtsam::PreintegratedImuMeasurements::PreintegratedImuMeasurements(std::__shared_ptr_access<gtsam::PreintegrationParams, __gnu_cxx::_S_atomic, false, false>::element_type&, gtsam::imuBias::ConstantBias&)[m[K’
[11.028s]   262 |         imuIntegratorImu_ = new gtsam::PreintegratedImuMeasurements(*p, prior_imu_bias[01;31m[K)[m[K; // setting up the IMU integration for IMU message thread
[11.028s]       |                                                                                       [01;31m[K^[m[K
[11.028s] In file included from [01m[K/home/yuanyan/LIO-SAM-ros2/src/imuPreintegration.cpp:8[m[K:
[11.028s] [01m[K/usr/local/include/gtsam/navigation/ImuFactor.h:101:3:[m[K [01;36m[Knote: [m[Kcandidate: ‘[01m[Kgtsam::PreintegratedImuMeasurements::[01;32m[KPreintegratedImuMeasurements[m[K(const gtsam::PreintegrationType&, const gtsam::Matrix9&)[m[K’
[11.028s]   101 |   [01;36m[KPreintegratedImuMeasurements[m[K(const PreintegrationType& base, const Matrix9& preintMeasCov)
[11.029s]       |   [01;36m[K^~~~~~~~~~~~~~~~~~~~~~~~~~~~[m[K
[11.029s] [01m[K/usr/local/include/gtsam/navigation/ImuFactor.h:101:58:[m[K [01;36m[Knote: [m[K  no known conversion for argument 1 from ‘[01m[Kstd::__shared_ptr_access<gtsam::PreintegrationParams, __gnu_cxx::_S_atomic, false, false>::element_type[m[K’ {aka ‘[01m[Kgtsam::PreintegrationParams[m[K’} to ‘[01m[Kconst gtsam::PreintegrationType&[m[K’ {aka ‘[01m[Kconst gtsam::TangentPreintegration&[m[K’}
[11.029s]   101 |   PreintegratedImuMeasurements([01;36m[Kconst PreintegrationType& base[m[K, const Matrix9& preintMeasCov)
[11.029s]       |                                [01;36m[K~~~~~~~~~~~~~~~~~~~~~~~~~~^~~~[m[K
[11.029s] [01m[K/usr/local/include/gtsam/navigation/ImuFactor.h:90:3:[m[K [01;36m[Knote: [m[Kcandidate: ‘[01m[Kgtsam::PreintegratedImuMeasurements::[01;32m[KPreintegratedImuMeasurements[m[K(const std::shared_ptr<gtsam::PreintegrationParams>&, const gtsam::imuBias::ConstantBias&)[m[K’
[11.029s]    90 |   [01;36m[KPreintegratedImuMeasurements[m[K(const std::shared_ptr<PreintegrationParams>& p,
[11.029s]       |   [01;36m[K^~~~~~~~~~~~~~~~~~~~~~~~~~~~[m[K
[11.029s] [01m[K/usr/local/include/gtsam/navigation/ImuFactor.h:90:77:[m[K [01;36m[Knote: [m[K  no known conversion for argument 1 from ‘[01m[Kstd::__shared_ptr_access<gtsam::PreintegrationParams, __gnu_cxx::_S_atomic, false, false>::element_type[m[K’ {aka ‘[01m[Kgtsam::PreintegrationParams[m[K’} to ‘[01m[Kconst std::shared_ptr<gtsam::PreintegrationParams>&[m[K’
[11.029s]    90 |   PreintegratedImuMeasurements([01;36m[Kconst std::shared_ptr<PreintegrationParams>& p[m[K,
[11.029s]       |                                [01;36m[K~~~~~~~~~~~~~~~~~~~~~~~~~~~~~~~~~~~~~~~~~~~~~^[m[K
[11.029s] [01m[K/usr/local/include/gtsam/navigation/ImuFactor.h:81:3:[m[K [01;36m[Knote: [m[Kcandidate: ‘[01m[Kgtsam::PreintegratedImuMeasurements::[01;32m[KPreintegratedImuMeasurements[m[K()[m[K’
[11.029s]    81 |   [01;36m[KPreintegratedImuMeasurements[m[K() {
[11.029s]       |   [01;36m[K^~~~~~~~~~~~~~~~~~~~~~~~~~~~[m[K
[11.029s] [01m[K/usr/local/include/gtsam/navigation/ImuFactor.h:81:3:[m[K [01;36m[Knote: [m[K  candidate expects 0 arguments, 2 provided
[11.029s] [01m[K/usr/local/include/gtsam/navigation/ImuFactor.h:68:20:[m[K [01;36m[Knote: [m[Kcandidate: ‘[01m[Kgtsam::PreintegratedImuMeasurements::[01;32m[KPreintegratedImuMeasurements[m[K(const gtsam::PreintegratedImuMeasurements&)[m[K’
[11.029s]    68 | class GTSAM_EXPORT [01;36m[KPreintegratedImuMeasurements[m[K: public PreintegrationType {
[11.029s]       |                    [01;36m[K^~~~~~~~~~~~~~~~~~~~~~~~~~~~[m[K
[11.029s] [01m[K/usr/local/include/gtsam/navigation/ImuFactor.h:68:20:[m[K [01;36m[Knote: [m[K  candidate expects 1 argument, 2 provided
[15.491s] gmake[2]: *** [CMakeFiles/lio_sam_imuPreintegration.dir/build.make:76: CMakeFiles/lio_sam_imuPreintegration.dir/src/imuPreintegration.cpp.o] Error 1
[15.492s] gmake[1]: *** [CMakeFiles/Makefile2:690: CMakeFiles/lio_sam_imuPreintegration.dir/all] Error 2
[15.492s] gmake: *** [Makefile:146: all] Error 2
[15.493s] Invoked command in '/home/yuanyan/LIO-SAM-ros2/build/lio_sam' returned '2': CMAKE_PREFIX_PATH=${CMAKE_PREFIX_PATH}:/opt/ros/jazzy DEBUGINFOD_URLS=https://debuginfod.ubuntu.com /usr/bin/cmake --build /home/yuanyan/LIO-SAM-ros2/build/lio_sam -- -j16 -l16
