[0.023s] Invoking command in '/home/yuanyan/Robot/build/waypoint_rviz_plugin': CMAKE_PREFIX_PATH=${CMAKE_PREFIX_PATH}:/opt/ros/jazzy DEBUGINFOD_URLS=https://debuginfod.ubuntu.com /usr/bin/cmake --build /home/yuanyan/Robot/build/waypoint_rviz_plugin -- -j16 -l16
[0.067s] [  0%] Built target waypoint_rviz_plugin_autogen_timestamp_deps
[0.102s] [ 14%] Built target waypoint_rviz_plugin_autogen
[0.127s] [100%] Built target waypoint_rviz_plugin
[0.150s] Invoked command in '/home/yuanyan/Robot/build/waypoint_rviz_plugin' returned '0': CMAKE_PREFIX_PATH=${CMAKE_PREFIX_PATH}:/opt/ros/jazzy DEBUGINFOD_URLS=https://debuginfod.ubuntu.com /usr/bin/cmake --build /home/yuanyan/Robot/build/waypoint_rviz_plugin -- -j16 -l16
[0.151s] Invoking command in '/home/yuanyan/Robot/build/waypoint_rviz_plugin': CMAKE_PREFIX_PATH=${CMAKE_PREFIX_PATH}:/opt/ros/jazzy DEBUGINFOD_URLS=https://debuginfod.ubuntu.com /usr/bin/cmake --install /home/yuanyan/Robot/build/waypoint_rviz_plugin
[0.156s] -- Install configuration: ""
[0.156s] -- Execute custom install script
[0.156s] -- Up-to-date symlink: /home/yuanyan/Robot/install/waypoint_rviz_plugin/share/waypoint_rviz_plugin//plugin_description.xml
[0.157s] -- Up-to-date symlink: /home/yuanyan/Robot/install/waypoint_rviz_plugin/share/ament_index/resource_index/package_run_dependencies/waypoint_rviz_plugin
[0.157s] -- Up-to-date symlink: /home/yuanyan/Robot/install/waypoint_rviz_plugin/share/ament_index/resource_index/parent_prefix_path/waypoint_rviz_plugin
[0.157s] -- Up-to-date symlink: /home/yuanyan/Robot/install/waypoint_rviz_plugin/share/waypoint_rviz_plugin/environment/ament_prefix_path.sh
[0.157s] -- Up-to-date symlink: /home/yuanyan/Robot/install/waypoint_rviz_plugin/share/waypoint_rviz_plugin/environment/ament_prefix_path.dsv
[0.157s] -- Up-to-date symlink: /home/yuanyan/Robot/install/waypoint_rviz_plugin/share/waypoint_rviz_plugin/environment/path.sh
[0.157s] -- Up-to-date symlink: /home/yuanyan/Robot/install/waypoint_rviz_plugin/share/waypoint_rviz_plugin/environment/path.dsv
[0.157s] -- Up-to-date symlink: /home/yuanyan/Robot/install/waypoint_rviz_plugin/share/waypoint_rviz_plugin/local_setup.bash
[0.157s] -- Up-to-date symlink: /home/yuanyan/Robot/install/waypoint_rviz_plugin/share/waypoint_rviz_plugin/local_setup.sh
[0.157s] -- Up-to-date symlink: /home/yuanyan/Robot/install/waypoint_rviz_plugin/share/waypoint_rviz_plugin/local_setup.zsh
[0.157s] -- Up-to-date symlink: /home/yuanyan/Robot/install/waypoint_rviz_plugin/share/waypoint_rviz_plugin/local_setup.dsv
[0.157s] -- Symlinking: /home/yuanyan/Robot/install/waypoint_rviz_plugin/share/waypoint_rviz_plugin/package.dsv
[0.164s] -- Up-to-date symlink: /home/yuanyan/Robot/install/waypoint_rviz_plugin/share/ament_index/resource_index/packages/waypoint_rviz_plugin
[0.164s] -- Up-to-date symlink: /home/yuanyan/Robot/install/waypoint_rviz_plugin/share/ament_index/resource_index/rviz_common__pluginlib__plugin/waypoint_rviz_plugin
[0.164s] -- Up-to-date symlink: /home/yuanyan/Robot/install/waypoint_rviz_plugin/share/waypoint_rviz_plugin/cmake/ament_cmake_export_dependencies-extras.cmake
[0.164s] -- Up-to-date symlink: /home/yuanyan/Robot/install/waypoint_rviz_plugin/share/waypoint_rviz_plugin/cmake/waypoint_rviz_pluginConfig.cmake
[0.164s] -- Up-to-date symlink: /home/yuanyan/Robot/install/waypoint_rviz_plugin/share/waypoint_rviz_plugin/cmake/waypoint_rviz_pluginConfig-version.cmake
[0.164s] -- Up-to-date symlink: /home/yuanyan/Robot/install/waypoint_rviz_plugin/share/waypoint_rviz_plugin/package.xml
[0.164s] -- Up-to-date: /home/yuanyan/Robot/install/waypoint_rviz_plugin/lib/waypoint_rviz_plugin/libwaypoint_rviz_plugin.so
[0.166s] Invoked command in '/home/yuanyan/Robot/build/waypoint_rviz_plugin' returned '0': CMAKE_PREFIX_PATH=${CMAKE_PREFIX_PATH}:/opt/ros/jazzy DEBUGINFOD_URLS=https://debuginfod.ubuntu.com /usr/bin/cmake --install /home/yuanyan/Robot/build/waypoint_rviz_plugin
