[0.019s] Invoking command in '/home/yuanyan/Robot/build/vehicle_simulator': CMAKE_PREFIX_PATH=${CMAKE_PREFIX_PATH}:/opt/ros/jazzy DEBUGINFOD_URLS=https://debuginfod.ubuntu.com /usr/bin/cmake --build /home/yuanyan/Robot/build/vehicle_simulator -- -j16 -l16
[0.089s] [100%] Built target vehicleSimulator
[0.114s] Invoked command in '/home/yuanyan/Robot/build/vehicle_simulator' returned '0': CMAKE_PREFIX_PATH=${CMAKE_PREFIX_PATH}:/opt/ros/jazzy DEBUGINFOD_URLS=https://debuginfod.ubuntu.com /usr/bin/cmake --build /home/yuanyan/Robot/build/vehicle_simulator -- -j16 -l16
[0.115s] Invoking command in '/home/yuanyan/Robot/build/vehicle_simulator': CMAKE_PREFIX_PATH=${CMAKE_PREFIX_PATH}:/opt/ros/jazzy DEBUGINFOD_URLS=https://debuginfod.ubuntu.com /usr/bin/cmake --install /home/yuanyan/Robot/build/vehicle_simulator
[0.146s] -- Install configuration: ""
[0.147s] -- Execute custom install script
[0.147s] -- Up-to-date symlink: /home/yuanyan/Robot/install/vehicle_simulator/lib/vehicle_simulator/vehicleSimulator
[0.147s] -- Up-to-date symlink: /home/yuanyan/Robot/install/vehicle_simulator/share/vehicle_simulator/launch/system_campus.launch
[0.147s] -- Up-to-date symlink: /home/yuanyan/Robot/install/vehicle_simulator/share/vehicle_simulator/launch/system_forest.launch
[0.147s] -- Up-to-date symlink: /home/yuanyan/Robot/install/vehicle_simulator/share/vehicle_simulator/launch/system_garage.launch
[0.147s] -- Up-to-date symlink: /home/yuanyan/Robot/install/vehicle_simulator/share/vehicle_simulator/launch/system_indoor.launch
[0.147s] -- Up-to-date symlink: /home/yuanyan/Robot/install/vehicle_simulator/share/vehicle_simulator/launch/system_real_robot.launch
[0.147s] -- Up-to-date symlink: /home/yuanyan/Robot/install/vehicle_simulator/share/vehicle_simulator/launch/system_tunnel.launch
[0.147s] -- Up-to-date symlink: /home/yuanyan/Robot/install/vehicle_simulator/share/vehicle_simulator/launch/vehicle_simulator.launch
[0.147s] -- Up-to-date symlink: /home/yuanyan/Robot/install/vehicle_simulator/share/vehicle_simulator/log/readme.txt
[0.147s] -- Symlinking: /home/yuanyan/Robot/install/vehicle_simulator/share/vehicle_simulator/mesh/campus/meshes/bark1.jpg
[0.147s] -- Symlinking: /home/yuanyan/Robot/install/vehicle_simulator/share/vehicle_simulator/mesh/campus/meshes/campus.dae
[0.147s] -- Symlinking: /home/yuanyan/Robot/install/vehicle_simulator/share/vehicle_simulator/mesh/campus/meshes/leaf3.png.002.png
[0.147s] -- Symlinking: /home/yuanyan/Robot/install/vehicle_simulator/share/vehicle_simulator/mesh/campus/meshes/photo_2020-11-01_11-54-02.jpg
[0.151s] -- Symlinking: /home/yuanyan/Robot/install/vehicle_simulator/share/vehicle_simulator/mesh/campus/meshes/photo_2020-11-01_11-56-17.jpg
[0.158s] -- Symlinking: /home/yuanyan/Robot/install/vehicle_simulator/share/vehicle_simulator/mesh/campus/meshes/texture_1001.png.001.png
[0.163s] -- Symlinking: /home/yuanyan/Robot/install/vehicle_simulator/share/vehicle_simulator/mesh/campus/meshes/texture_1002.png.001.png
[0.169s] -- Symlinking: /home/yuanyan/Robot/install/vehicle_simulator/share/vehicle_simulator/mesh/campus/meshes/texture_1003.png.001.png
[0.174s] -- Symlinking: /home/yuanyan/Robot/install/vehicle_simulator/share/vehicle_simulator/mesh/campus/meshes/texture_1004.png.001.png
[0.180s] -- Symlinking: /home/yuanyan/Robot/install/vehicle_simulator/share/vehicle_simulator/mesh/campus/meshes/texture_1005.png.001.png
[0.187s] -- Symlinking: /home/yuanyan/Robot/install/vehicle_simulator/share/vehicle_simulator/mesh/campus/model.config
[0.193s] -- Symlinking: /home/yuanyan/Robot/install/vehicle_simulator/share/vehicle_simulator/mesh/campus/model.sdf
[0.198s] -- Symlinking: /home/yuanyan/Robot/install/vehicle_simulator/share/vehicle_simulator/mesh/campus/preview/overview.png
[0.204s] -- Symlinking: /home/yuanyan/Robot/install/vehicle_simulator/share/vehicle_simulator/mesh/campus/preview/pointcloud.ply
[0.210s] -- Up-to-date symlink: /home/yuanyan/Robot/install/vehicle_simulator/share/vehicle_simulator/mesh/download_environments.sh
[0.210s] -- Symlinking: /home/yuanyan/Robot/install/vehicle_simulator/share/vehicle_simulator/mesh/forest/grass_plane/materials/scripts/grass.material
[0.217s] -- Symlinking: /home/yuanyan/Robot/install/vehicle_simulator/share/vehicle_simulator/mesh/forest/grass_plane/materials/textures/Grass_Albedo.jpg
[0.223s] -- Symlinking: /home/yuanyan/Robot/install/vehicle_simulator/share/vehicle_simulator/mesh/forest/grass_plane/materials/textures/flat_normal.png
[0.229s] -- Symlinking: /home/yuanyan/Robot/install/vehicle_simulator/share/vehicle_simulator/mesh/forest/grass_plane/materials/textures/grass_dry.png
[0.234s] -- Symlinking: /home/yuanyan/Robot/install/vehicle_simulator/share/vehicle_simulator/mesh/forest/grass_plane/model.config
[0.239s] -- Symlinking: /home/yuanyan/Robot/install/vehicle_simulator/share/vehicle_simulator/mesh/forest/grass_plane/model.sdf
[0.245s] -- Symlinking: /home/yuanyan/Robot/install/vehicle_simulator/share/vehicle_simulator/mesh/forest/grey_wall/materials/scripts/grey_wall.material
[0.252s] -- Symlinking: /home/yuanyan/Robot/install/vehicle_simulator/share/vehicle_simulator/mesh/forest/grey_wall/materials/textures/grey_wall.png
[0.258s] -- Symlinking: /home/yuanyan/Robot/install/vehicle_simulator/share/vehicle_simulator/mesh/forest/grey_wall/model-1_3.sdf
[0.265s] -- Symlinking: /home/yuanyan/Robot/install/vehicle_simulator/share/vehicle_simulator/mesh/forest/grey_wall/model-1_4.sdf
[0.270s] -- Symlinking: /home/yuanyan/Robot/install/vehicle_simulator/share/vehicle_simulator/mesh/forest/grey_wall/model.config
[0.275s] -- Symlinking: /home/yuanyan/Robot/install/vehicle_simulator/share/vehicle_simulator/mesh/forest/grey_wall/model.sdf
[0.280s] -- Symlinking: /home/yuanyan/Robot/install/vehicle_simulator/share/vehicle_simulator/mesh/forest/house_1/materials/scripts/house_1.material
[0.286s] -- Symlinking: /home/yuanyan/Robot/install/vehicle_simulator/share/vehicle_simulator/mesh/forest/house_1/materials/textures/House_1_Diffuse.png
[0.293s] -- Symlinking: /home/yuanyan/Robot/install/vehicle_simulator/share/vehicle_simulator/mesh/forest/house_1/materials/textures/House_1_Normal.png
[0.301s] -- Symlinking: /home/yuanyan/Robot/install/vehicle_simulator/share/vehicle_simulator/mesh/forest/house_1/materials/textures/House_1_Spec.png
[0.308s] -- Symlinking: /home/yuanyan/Robot/install/vehicle_simulator/share/vehicle_simulator/mesh/forest/house_1/meshes/house_1.dae
[0.316s] -- Symlinking: /home/yuanyan/Robot/install/vehicle_simulator/share/vehicle_simulator/mesh/forest/house_1/model-1_3.sdf
[0.323s] -- Symlinking: /home/yuanyan/Robot/install/vehicle_simulator/share/vehicle_simulator/mesh/forest/house_1/model-1_4.sdf
[0.328s] -- Symlinking: /home/yuanyan/Robot/install/vehicle_simulator/share/vehicle_simulator/mesh/forest/house_1/model.config
[0.335s] -- Symlinking: /home/yuanyan/Robot/install/vehicle_simulator/share/vehicle_simulator/mesh/forest/house_1/model.sdf
[0.340s] -- Symlinking: /home/yuanyan/Robot/install/vehicle_simulator/share/vehicle_simulator/mesh/forest/house_2/materials/scripts/house_2.material
[0.345s] -- Symlinking: /home/yuanyan/Robot/install/vehicle_simulator/share/vehicle_simulator/mesh/forest/house_2/materials/textures/House_2_Diffuse.png
[0.351s] -- Symlinking: /home/yuanyan/Robot/install/vehicle_simulator/share/vehicle_simulator/mesh/forest/house_2/meshes/house_2.dae
[0.358s] -- Symlinking: /home/yuanyan/Robot/install/vehicle_simulator/share/vehicle_simulator/mesh/forest/house_2/model-1_3.sdf
[0.363s] -- Symlinking: /home/yuanyan/Robot/install/vehicle_simulator/share/vehicle_simulator/mesh/forest/house_2/model-1_4.sdf
[0.368s] -- Symlinking: /home/yuanyan/Robot/install/vehicle_simulator/share/vehicle_simulator/mesh/forest/house_2/model.config
[0.374s] -- Symlinking: /home/yuanyan/Robot/install/vehicle_simulator/share/vehicle_simulator/mesh/forest/house_2/model.sdf
[0.380s] -- Symlinking: /home/yuanyan/Robot/install/vehicle_simulator/share/vehicle_simulator/mesh/forest/oak_tree/materials/scripts/caster_fp.glsl
[0.385s] -- Symlinking: /home/yuanyan/Robot/install/vehicle_simulator/share/vehicle_simulator/mesh/forest/oak_tree/materials/scripts/caster_vp.glsl
[0.390s] -- Symlinking: /home/yuanyan/Robot/install/vehicle_simulator/share/vehicle_simulator/mesh/forest/oak_tree/materials/scripts/oak_tree.material
[0.396s] -- Symlinking: /home/yuanyan/Robot/install/vehicle_simulator/share/vehicle_simulator/mesh/forest/oak_tree/materials/textures/bark_diffuse.png
[0.401s] -- Symlinking: /home/yuanyan/Robot/install/vehicle_simulator/share/vehicle_simulator/mesh/forest/oak_tree/materials/textures/branch_diffuse.png
[0.406s] -- Symlinking: /home/yuanyan/Robot/install/vehicle_simulator/share/vehicle_simulator/mesh/forest/oak_tree/meshes/oak_tree.dae
[0.412s] -- Symlinking: /home/yuanyan/Robot/install/vehicle_simulator/share/vehicle_simulator/mesh/forest/oak_tree/model.config
[0.417s] -- Symlinking: /home/yuanyan/Robot/install/vehicle_simulator/share/vehicle_simulator/mesh/forest/oak_tree/model.sdf
[0.424s] -- Symlinking: /home/yuanyan/Robot/install/vehicle_simulator/share/vehicle_simulator/mesh/forest/pine_tree/materials/scripts/pine_tree.material
[0.429s] -- Symlinking: /home/yuanyan/Robot/install/vehicle_simulator/share/vehicle_simulator/mesh/forest/pine_tree/materials/textures/bark_diffuse.png
[0.436s] -- Symlinking: /home/yuanyan/Robot/install/vehicle_simulator/share/vehicle_simulator/mesh/forest/pine_tree/materials/textures/branch_2_diffuse.png
[0.441s] -- Symlinking: /home/yuanyan/Robot/install/vehicle_simulator/share/vehicle_simulator/mesh/forest/pine_tree/meshes/pine_tree.dae
[0.446s] -- Symlinking: /home/yuanyan/Robot/install/vehicle_simulator/share/vehicle_simulator/mesh/forest/pine_tree/model.config
[0.451s] -- Symlinking: /home/yuanyan/Robot/install/vehicle_simulator/share/vehicle_simulator/mesh/forest/pine_tree/model.sdf
[0.458s] -- Symlinking: /home/yuanyan/Robot/install/vehicle_simulator/share/vehicle_simulator/mesh/forest/preview/overview.png
[0.464s] -- Symlinking: /home/yuanyan/Robot/install/vehicle_simulator/share/vehicle_simulator/mesh/forest/preview/pointcloud.ply
[0.469s] -- Symlinking: /home/yuanyan/Robot/install/vehicle_simulator/share/vehicle_simulator/mesh/forest/vrc_driving_terrain/materials/scripts/grass.material
[0.476s] -- Symlinking: /home/yuanyan/Robot/install/vehicle_simulator/share/vehicle_simulator/mesh/forest/vrc_driving_terrain/materials/textures/grass_dry.png
[0.481s] -- Symlinking: /home/yuanyan/Robot/install/vehicle_simulator/share/vehicle_simulator/mesh/forest/vrc_driving_terrain/materials/textures/heightmap.png
[0.488s] -- Symlinking: /home/yuanyan/Robot/install/vehicle_simulator/share/vehicle_simulator/mesh/forest/vrc_driving_terrain/model.config
[0.493s] -- Symlinking: /home/yuanyan/Robot/install/vehicle_simulator/share/vehicle_simulator/mesh/forest/vrc_driving_terrain/model.sdf
[0.498s] -- Symlinking: /home/yuanyan/Robot/install/vehicle_simulator/share/vehicle_simulator/mesh/garage/meshes/blue-concrete-texture-3.jpg
[0.503s] -- Symlinking: /home/yuanyan/Robot/install/vehicle_simulator/share/vehicle_simulator/mesh/garage/meshes/garage.dae
[0.509s] -- Symlinking: /home/yuanyan/Robot/install/vehicle_simulator/share/vehicle_simulator/mesh/garage/meshes/imgonline-com-ua-tile-RySXiqZBriXUB4J.jpg
[0.513s] -- Symlinking: /home/yuanyan/Robot/install/vehicle_simulator/share/vehicle_simulator/mesh/garage/meshes/imgonline-com-ua-tile-pLFAF53NCY1Spr.jpg
[0.518s] -- Symlinking: /home/yuanyan/Robot/install/vehicle_simulator/share/vehicle_simulator/mesh/garage/meshes/imgonline-com-ua-tile-turvdQ7ZY0r.jpg
[0.524s] -- Symlinking: /home/yuanyan/Robot/install/vehicle_simulator/share/vehicle_simulator/mesh/garage/model.config
[0.529s] -- Symlinking: /home/yuanyan/Robot/install/vehicle_simulator/share/vehicle_simulator/mesh/garage/model.sdf
[0.535s] -- Symlinking: /home/yuanyan/Robot/install/vehicle_simulator/share/vehicle_simulator/mesh/garage/preview/overview.png
[0.541s] -- Symlinking: /home/yuanyan/Robot/install/vehicle_simulator/share/vehicle_simulator/mesh/garage/preview/pointcloud.ply
[0.546s] -- Symlinking: /home/yuanyan/Robot/install/vehicle_simulator/share/vehicle_simulator/mesh/indoor/meshes/imgonline-com-ua-tile-K49qRoCnvbl.jpg
[0.551s] -- Symlinking: /home/yuanyan/Robot/install/vehicle_simulator/share/vehicle_simulator/mesh/indoor/meshes/imgonline-com-ua-tile-PQCma89EHs3BX1.jpg
[0.557s] -- Symlinking: /home/yuanyan/Robot/install/vehicle_simulator/share/vehicle_simulator/mesh/indoor/meshes/imgonline-com-ua-tile-RySXiqZBriXUB4J.jpg
[0.562s] -- Symlinking: /home/yuanyan/Robot/install/vehicle_simulator/share/vehicle_simulator/mesh/indoor/meshes/indoor.dae
[0.567s] -- Symlinking: /home/yuanyan/Robot/install/vehicle_simulator/share/vehicle_simulator/mesh/indoor/model.config
[0.573s] -- Symlinking: /home/yuanyan/Robot/install/vehicle_simulator/share/vehicle_simulator/mesh/indoor/model.sdf
[0.577s] -- Symlinking: /home/yuanyan/Robot/install/vehicle_simulator/share/vehicle_simulator/mesh/indoor/preview/overview.png
[0.585s] -- Symlinking: /home/yuanyan/Robot/install/vehicle_simulator/share/vehicle_simulator/mesh/indoor/preview/pointcloud.ply
[0.591s] -- Symlinking: /home/yuanyan/Robot/install/vehicle_simulator/share/vehicle_simulator/mesh/tunnel/meshes/tunnel.dae
[0.597s] -- Symlinking: /home/yuanyan/Robot/install/vehicle_simulator/share/vehicle_simulator/mesh/tunnel/meshes/wall_texture.jpg
[0.605s] -- Symlinking: /home/yuanyan/Robot/install/vehicle_simulator/share/vehicle_simulator/mesh/tunnel/model.config
[0.610s] -- Symlinking: /home/yuanyan/Robot/install/vehicle_simulator/share/vehicle_simulator/mesh/tunnel/model.sdf
[0.616s] -- Symlinking: /home/yuanyan/Robot/install/vehicle_simulator/share/vehicle_simulator/mesh/tunnel/preview/overview.png
[0.623s] -- Symlinking: /home/yuanyan/Robot/install/vehicle_simulator/share/vehicle_simulator/mesh/tunnel/preview/pointcloud.ply
[0.628s] -- Up-to-date symlink: /home/yuanyan/Robot/install/vehicle_simulator/share/vehicle_simulator/rviz/vehicle_simulator.rviz
[0.628s] -- Up-to-date symlink: /home/yuanyan/Robot/install/vehicle_simulator/share/vehicle_simulator/urdf/camera.sdf
[0.628s] -- Up-to-date symlink: /home/yuanyan/Robot/install/vehicle_simulator/share/vehicle_simulator/urdf/lidar.sdf
[0.628s] -- Up-to-date symlink: /home/yuanyan/Robot/install/vehicle_simulator/share/vehicle_simulator/urdf/robot.sdf
[0.628s] -- Up-to-date symlink: /home/yuanyan/Robot/install/vehicle_simulator/share/vehicle_simulator/world/campus.world
[0.628s] -- Up-to-date symlink: /home/yuanyan/Robot/install/vehicle_simulator/share/vehicle_simulator/world/forest.world
[0.628s] -- Up-to-date symlink: /home/yuanyan/Robot/install/vehicle_simulator/share/vehicle_simulator/world/garage.world
[0.629s] -- Up-to-date symlink: /home/yuanyan/Robot/install/vehicle_simulator/share/vehicle_simulator/world/indoor.world
[0.629s] -- Up-to-date symlink: /home/yuanyan/Robot/install/vehicle_simulator/share/vehicle_simulator/world/tunnel.world
[0.629s] -- Up-to-date symlink: /home/yuanyan/Robot/install/vehicle_simulator/share/vehicle_simulator/params/gz_ros_bridge.yaml
[0.629s] -- Up-to-date symlink: /home/yuanyan/Robot/install/vehicle_simulator/share/ament_index/resource_index/package_run_dependencies/vehicle_simulator
[0.629s] -- Up-to-date symlink: /home/yuanyan/Robot/install/vehicle_simulator/share/ament_index/resource_index/parent_prefix_path/vehicle_simulator
[0.629s] -- Up-to-date symlink: /home/yuanyan/Robot/install/vehicle_simulator/share/vehicle_simulator/environment/ament_prefix_path.sh
[0.629s] -- Up-to-date symlink: /home/yuanyan/Robot/install/vehicle_simulator/share/vehicle_simulator/environment/ament_prefix_path.dsv
[0.629s] -- Up-to-date symlink: /home/yuanyan/Robot/install/vehicle_simulator/share/vehicle_simulator/environment/path.sh
[0.629s] -- Up-to-date symlink: /home/yuanyan/Robot/install/vehicle_simulator/share/vehicle_simulator/environment/path.dsv
[0.629s] -- Up-to-date symlink: /home/yuanyan/Robot/install/vehicle_simulator/share/vehicle_simulator/local_setup.bash
[0.629s] -- Up-to-date symlink: /home/yuanyan/Robot/install/vehicle_simulator/share/vehicle_simulator/local_setup.sh
[0.629s] -- Up-to-date symlink: /home/yuanyan/Robot/install/vehicle_simulator/share/vehicle_simulator/local_setup.zsh
[0.629s] -- Up-to-date symlink: /home/yuanyan/Robot/install/vehicle_simulator/share/vehicle_simulator/local_setup.dsv
[0.629s] -- Symlinking: /home/yuanyan/Robot/install/vehicle_simulator/share/vehicle_simulator/package.dsv
[0.637s] -- Up-to-date symlink: /home/yuanyan/Robot/install/vehicle_simulator/share/ament_index/resource_index/packages/vehicle_simulator
[0.637s] -- Up-to-date symlink: /home/yuanyan/Robot/install/vehicle_simulator/share/vehicle_simulator/cmake/vehicle_simulatorConfig.cmake
[0.637s] -- Up-to-date symlink: /home/yuanyan/Robot/install/vehicle_simulator/share/vehicle_simulator/cmake/vehicle_simulatorConfig-version.cmake
[0.637s] -- Up-to-date symlink: /home/yuanyan/Robot/install/vehicle_simulator/share/vehicle_simulator/package.xml
[0.639s] Invoked command in '/home/yuanyan/Robot/build/vehicle_simulator' returned '0': CMAKE_PREFIX_PATH=${CMAKE_PREFIX_PATH}:/opt/ros/jazzy DEBUGINFOD_URLS=https://debuginfod.ubuntu.com /usr/bin/cmake --install /home/yuanyan/Robot/build/vehicle_simulator
