[0.014s] Invoking command in '/home/yuanyan/Robot/build/terrain_analysis_ext': CMAKE_PREFIX_PATH=${CMAKE_PREFIX_PATH}:/opt/ros/jazzy DEBUGINFOD_URLS=https://debuginfod.ubuntu.com /usr/bin/cmake /home/yuanyan/Robot/src/autonomous_exploration_development_environment/src/terrain_analysis_ext -DAMENT_CMAKE_SYMLINK_INSTALL=1 -DCMAKE_INSTALL_PREFIX=/home/yuanyan/Robot/install/terrain_analysis_ext
[0.057s] -- The C compiler identification is GNU 13.3.0
[0.102s] -- The CXX compiler identification is GNU 13.3.0
[0.112s] -- Detecting C compiler ABI info
[0.172s] -- Detecting C compiler ABI info - done
[0.178s] -- Check for working C compiler: /usr/bin/cc - skipped
[0.178s] -- Detecting C compile features
[0.179s] -- Detecting C compile features - done
[0.184s] -- Detecting CXX compiler ABI info
[0.259s] -- Detecting CXX compiler ABI info - done
[0.270s] -- Check for working CXX compiler: /usr/bin/c++ - skipped
[0.271s] -- Detecting CXX compile features
[0.271s] -- Detecting CXX compile features - done
[0.275s] -- Found ament_cmake: 2.5.3 (/opt/ros/jazzy/share/ament_cmake/cmake)
[0.415s] -- Found Python3: /usr/bin/python3 (found version "3.12.3") found components: Interpreter 
[0.489s] -- Override CMake install command with custom implementation using symlinks instead of copying resources
[0.528s] -- Found rclcpp: 28.1.6 (/opt/ros/jazzy/share/rclcpp/cmake)
[0.582s] -- Found rosidl_generator_c: 4.6.5 (/opt/ros/jazzy/share/rosidl_generator_c/cmake)
[0.600s] -- Found rosidl_generator_cpp: 4.6.5 (/opt/ros/jazzy/share/rosidl_generator_cpp/cmake)
[0.621s] -- Using all available rosidl_typesupport_c: rosidl_typesupport_fastrtps_c;rosidl_typesupport_introspection_c
[0.644s] -- Using all available rosidl_typesupport_cpp: rosidl_typesupport_fastrtps_cpp;rosidl_typesupport_introspection_cpp
[0.716s] -- Found rmw_implementation_cmake: 7.3.1 (/opt/ros/jazzy/share/rmw_implementation_cmake/cmake)
[0.719s] -- Found rmw_fastrtps_cpp: 8.4.1 (/opt/ros/jazzy/share/rmw_fastrtps_cpp/cmake)
[0.771s] -- Found OpenSSL: /usr/lib/x86_64-linux-gnu/libcrypto.so (found version "3.0.13")  
[0.785s] -- Found FastRTPS: /opt/ros/jazzy/include (Required is at least version "2.13") 
[0.801s] -- Using RMW implementation 'rmw_fastrtps_cpp' as default
[0.855s] -- Found std_msgs: 5.3.5 (/opt/ros/jazzy/share/std_msgs/cmake)
[0.866s] -- Found nav_msgs: 5.3.5 (/opt/ros/jazzy/share/nav_msgs/cmake)
[0.896s] -- Found sensor_msgs: 5.3.5 (/opt/ros/jazzy/share/sensor_msgs/cmake)
[0.914s] -- Found tf2_ros: 0.36.8 (/opt/ros/jazzy/share/tf2_ros/cmake)
[1.013s] -- Found tf2_geometry_msgs: 0.36.8 (/opt/ros/jazzy/share/tf2_geometry_msgs/cmake)
[1.025s] -- Found eigen3_cmake_module: 0.3.0 (/opt/ros/jazzy/share/eigen3_cmake_module/cmake)
[1.026s] -- Found Eigen3: TRUE (found version "3.4.0") 
[1.026s] -- Ensuring Eigen3 include directory is part of orocos-kdl CMake target
[1.029s] -- Found pcl_conversions: 2.6.2 (/opt/ros/jazzy/share/pcl_conversions/cmake)
[1.076s] [33mCMake Warning (dev) at /usr/lib/x86_64-linux-gnu/cmake/pcl/Modules/FindFLANN.cmake:45 (find_package):
[1.076s]   Policy CMP0144 is not set: find_package uses upper-case <PACKAGENAME>_ROOT
[1.076s]   variables.  Run "cmake --help-policy CMP0144" for policy details.  Use the
[1.077s]   cmake_policy command to set the policy and suppress this warning.
[1.077s] 
[1.077s]   CMake variable FLANN_ROOT is set to:
[1.077s] 
[1.077s]     /usr
[1.077s] 
[1.077s]   For compatibility, find_package is ignoring the variable, but code in a
[1.077s]   .cmake module might still use it.
[1.077s] Call Stack (most recent call first):
[1.077s]   /usr/lib/x86_64-linux-gnu/cmake/pcl/PCLConfig.cmake:261 (find_package)
[1.077s]   /usr/lib/x86_64-linux-gnu/cmake/pcl/PCLConfig.cmake:306 (find_flann)
[1.077s]   /usr/lib/x86_64-linux-gnu/cmake/pcl/PCLConfig.cmake:570 (find_external_library)
[1.077s]   /opt/ros/jazzy/share/pcl_conversions/cmake/ament_cmake_export_dependencies-extras.cmake:21 (find_package)
[1.077s]   /opt/ros/jazzy/share/pcl_conversions/cmake/pcl_conversionsConfig.cmake:41 (include)
[1.077s]   CMakeLists.txt:28 (find_package)
[1.077s] This warning is for project developers.  Use -Wno-dev to suppress it.
[1.077s] [0m
[1.077s] -- Found flann version 1.9.2
[1.304s] -- Found OpenMP_CXX: -fopenmp (found version "4.5") 
[1.304s] -- Found OpenMP: TRUE (found version "4.5") found components: CXX 
[2.378s] -- Checking for module 'libusb-1.0'
[2.394s] --   Found libusb-1.0, version 1.0.27
[2.432s] -- Found libusb: /usr/lib/x86_64-linux-gnu/libusb-1.0.so  
[2.433s] -- OpenNI found (version: 1.5.4.0, include: /usr/include/ni, lib: /usr/lib/libOpenNI.so;libusb::libusb)
[2.483s] -- OpenNI2 found (version: 2.2.0.33, include: /usr/include/openni2, lib: /usr/lib/x86_64-linux-gnu/libOpenNI2.so;libusb::libusb)
[2.485s] -- Could NOT find Pcap (missing: PCAP_LIBRARIES PCAP_INCLUDE_DIRS) 
[2.495s] -- Found ZLIB: /usr/lib/x86_64-linux-gnu/libz.so (found version "1.3")  
[2.509s] -- Found PNG: /usr/lib/x86_64-linux-gnu/libpng.so (found version "1.6.43") 
[2.921s] -- OpenNI found (version: 1.5.4.0, include: /usr/include/ni, lib: /usr/lib/libOpenNI.so;libusb::libusb)
[2.927s] -- OpenNI2 found (version: 2.2.0.33, include: /usr/include/openni2, lib: /usr/lib/x86_64-linux-gnu/libOpenNI2.so;libusb::libusb)
[3.323s] -- Found Qhull version 8.0.2
[3.692s] -- OpenNI found (version: 1.5.4.0, include: /usr/include/ni, lib: /usr/lib/libOpenNI.so;libusb::libusb)
[4.006s] -- Found PCL_COMMON: /usr/lib/x86_64-linux-gnu/libpcl_common.so  
[4.007s] -- Found PCL_KDTREE: /usr/lib/x86_64-linux-gnu/libpcl_kdtree.so  
[4.008s] -- Found PCL_OCTREE: /usr/lib/x86_64-linux-gnu/libpcl_octree.so  
[4.009s] -- Found PCL_SEARCH: /usr/lib/x86_64-linux-gnu/libpcl_search.so  
[4.009s] -- Found PCL_SAMPLE_CONSENSUS: /usr/lib/x86_64-linux-gnu/libpcl_sample_consensus.so  
[4.010s] -- Found PCL_FILTERS: /usr/lib/x86_64-linux-gnu/libpcl_filters.so  
[4.010s] -- Found PCL_2D: /usr/include/pcl-1.14  
[4.011s] -- Found PCL_GEOMETRY: /usr/include/pcl-1.14  
[4.011s] -- Found PCL_IO: /usr/lib/x86_64-linux-gnu/libpcl_io.so  
[4.012s] -- Found PCL_FEATURES: /usr/lib/x86_64-linux-gnu/libpcl_features.so  
[4.013s] -- Found PCL_ML: /usr/lib/x86_64-linux-gnu/libpcl_ml.so  
[4.014s] -- Found PCL_SEGMENTATION: /usr/lib/x86_64-linux-gnu/libpcl_segmentation.so  
[4.015s] -- Found PCL_VISUALIZATION: /usr/lib/x86_64-linux-gnu/libpcl_visualization.so  
[4.015s] -- Found PCL_SURFACE: /usr/lib/x86_64-linux-gnu/libpcl_surface.so  
[4.016s] -- Found PCL_REGISTRATION: /usr/lib/x86_64-linux-gnu/libpcl_registration.so  
[4.017s] -- Found PCL_KEYPOINTS: /usr/lib/x86_64-linux-gnu/libpcl_keypoints.so  
[4.018s] -- Found PCL_TRACKING: /usr/lib/x86_64-linux-gnu/libpcl_tracking.so  
[4.019s] -- Found PCL_RECOGNITION: /usr/lib/x86_64-linux-gnu/libpcl_recognition.so  
[4.020s] -- Found PCL_STEREO: /usr/lib/x86_64-linux-gnu/libpcl_stereo.so  
[4.021s] -- Found PCL_APPS: /usr/lib/x86_64-linux-gnu/libpcl_apps.so  
[4.022s] -- Found PCL_IN_HAND_SCANNER: /usr/include/pcl-1.14  
[4.022s] -- Found PCL_MODELER: /usr/include/pcl-1.14  
[4.022s] -- Found PCL_POINT_CLOUD_EDITOR: /usr/include/pcl-1.14  
[4.024s] -- Found PCL_OUTOFCORE: /usr/lib/x86_64-linux-gnu/libpcl_outofcore.so  
[4.025s] -- Found PCL_PEOPLE: /usr/lib/x86_64-linux-gnu/libpcl_people.so  
[4.028s] -- Found pcl_ros: 2.6.2 (/opt/ros/jazzy/share/pcl_ros/cmake)
[4.056s] -- Found ament_lint_auto: 0.17.1 (/opt/ros/jazzy/share/ament_lint_auto/cmake)
[4.146s] -- Added test 'copyright' to check source files copyright and LICENSE
[4.146s] -- Added test 'cppcheck' to perform static code analysis on C / C++ code
[4.147s] -- Configured cppcheck include dirs: 
[4.147s] -- Configured cppcheck exclude dirs and/or files: 
[4.148s] -- Added test 'cpplint' to check C / C++ code against the Google style
[4.148s] -- Configured cpplint exclude dirs and/or files: 
[4.149s] -- Added test 'lint_cmake' to check CMake code style
[4.149s] -- Added test 'uncrustify' to check C / C++ code style
[4.150s] -- Configured uncrustify additional arguments: 
[4.150s] -- Added test 'xmllint' to check XML markup files
[4.151s] -- Configuring done (4.1s)
[4.194s] -- Generating done (0.0s)
[4.201s] -- Build files have been written to: /home/yuanyan/Robot/build/terrain_analysis_ext
[4.222s] Invoked command in '/home/yuanyan/Robot/build/terrain_analysis_ext' returned '0': CMAKE_PREFIX_PATH=${CMAKE_PREFIX_PATH}:/opt/ros/jazzy DEBUGINFOD_URLS=https://debuginfod.ubuntu.com /usr/bin/cmake /home/yuanyan/Robot/src/autonomous_exploration_development_environment/src/terrain_analysis_ext -DAMENT_CMAKE_SYMLINK_INSTALL=1 -DCMAKE_INSTALL_PREFIX=/home/yuanyan/Robot/install/terrain_analysis_ext
[4.223s] Invoking command in '/home/yuanyan/Robot/build/terrain_analysis_ext': CMAKE_PREFIX_PATH=${CMAKE_PREFIX_PATH}:/opt/ros/jazzy DEBUGINFOD_URLS=https://debuginfod.ubuntu.com /usr/bin/cmake --build /home/yuanyan/Robot/build/terrain_analysis_ext -- -j16 -l16
[4.263s] [ 50%] [32mBuilding CXX object CMakeFiles/terrainAnalysisExt.dir/src/terrainAnalysisExt.cpp.o[0m
[17.763s] [100%] [32m[1mLinking CXX executable terrainAnalysisExt[0m
[19.682s] [100%] Built target terrainAnalysisExt
[19.693s] Invoked command in '/home/yuanyan/Robot/build/terrain_analysis_ext' returned '0': CMAKE_PREFIX_PATH=${CMAKE_PREFIX_PATH}:/opt/ros/jazzy DEBUGINFOD_URLS=https://debuginfod.ubuntu.com /usr/bin/cmake --build /home/yuanyan/Robot/build/terrain_analysis_ext -- -j16 -l16
[19.694s] Invoking command in '/home/yuanyan/Robot/build/terrain_analysis_ext': CMAKE_PREFIX_PATH=${CMAKE_PREFIX_PATH}:/opt/ros/jazzy DEBUGINFOD_URLS=https://debuginfod.ubuntu.com /usr/bin/cmake --install /home/yuanyan/Robot/build/terrain_analysis_ext
[19.699s] -- Install configuration: ""
[19.700s] -- Execute custom install script
[19.700s] -- Symlinking: /home/yuanyan/Robot/install/terrain_analysis_ext/lib/terrain_analysis_ext/terrainAnalysisExt
[19.706s] -- Symlinking: /home/yuanyan/Robot/install/terrain_analysis_ext/share/terrain_analysis_ext/launch/terrain_analysis_ext.launch
[19.713s] -- Symlinking: /home/yuanyan/Robot/install/terrain_analysis_ext/share/ament_index/resource_index/package_run_dependencies/terrain_analysis_ext
[19.719s] -- Symlinking: /home/yuanyan/Robot/install/terrain_analysis_ext/share/ament_index/resource_index/parent_prefix_path/terrain_analysis_ext
[19.727s] -- Symlinking: /home/yuanyan/Robot/install/terrain_analysis_ext/share/terrain_analysis_ext/environment/ament_prefix_path.sh
[19.733s] -- Symlinking: /home/yuanyan/Robot/install/terrain_analysis_ext/share/terrain_analysis_ext/environment/ament_prefix_path.dsv
[19.742s] -- Symlinking: /home/yuanyan/Robot/install/terrain_analysis_ext/share/terrain_analysis_ext/environment/path.sh
[19.751s] -- Symlinking: /home/yuanyan/Robot/install/terrain_analysis_ext/share/terrain_analysis_ext/environment/path.dsv
[19.757s] -- Symlinking: /home/yuanyan/Robot/install/terrain_analysis_ext/share/terrain_analysis_ext/local_setup.bash
[19.763s] -- Symlinking: /home/yuanyan/Robot/install/terrain_analysis_ext/share/terrain_analysis_ext/local_setup.sh
[19.769s] -- Symlinking: /home/yuanyan/Robot/install/terrain_analysis_ext/share/terrain_analysis_ext/local_setup.zsh
[19.776s] -- Symlinking: /home/yuanyan/Robot/install/terrain_analysis_ext/share/terrain_analysis_ext/local_setup.dsv
[19.784s] -- Symlinking: /home/yuanyan/Robot/install/terrain_analysis_ext/share/terrain_analysis_ext/package.dsv
[19.793s] -- Symlinking: /home/yuanyan/Robot/install/terrain_analysis_ext/share/ament_index/resource_index/packages/terrain_analysis_ext
[19.799s] -- Symlinking: /home/yuanyan/Robot/install/terrain_analysis_ext/share/terrain_analysis_ext/cmake/terrain_analysis_extConfig.cmake
[19.808s] -- Symlinking: /home/yuanyan/Robot/install/terrain_analysis_ext/share/terrain_analysis_ext/cmake/terrain_analysis_extConfig-version.cmake
[19.817s] -- Symlinking: /home/yuanyan/Robot/install/terrain_analysis_ext/share/terrain_analysis_ext/package.xml
[19.825s] Invoked command in '/home/yuanyan/Robot/build/terrain_analysis_ext' returned '0': CMAKE_PREFIX_PATH=${CMAKE_PREFIX_PATH}:/opt/ros/jazzy DEBUGINFOD_URLS=https://debuginfod.ubuntu.com /usr/bin/cmake --install /home/yuanyan/Robot/build/terrain_analysis_ext
