[0.008s] Invoking command in '/home/yuanyan/LIO-SAM-ros2/build/lio_sam': CMAKE_PREFIX_PATH=${CMAKE_PREFIX_PATH}:/opt/ros/jazzy DEBUGINFOD_URLS=https://debuginfod.ubuntu.com /usr/bin/cmake --build /home/yuanyan/LIO-SAM-ros2/build/lio_sam -- -j16 -l16
[0.052s] [  1%] Built target lio_sam__rosidl_generator_type_description
[0.058s] [  1%] Built target ament_cmake_python_symlink_lio_sam
[0.067s] [  3%] Built target lio_sam__cpp
[0.069s] [ 19%] Built target lio_sam__rosidl_generator_c
[0.085s] [ 32%] Built target lio_sam__rosidl_typesupport_cpp
[0.085s] [ 34%] Built target lio_sam__rosidl_typesupport_c
[0.086s] [ 42%] Built target lio_sam__rosidl_typesupport_fastrtps_c
[0.087s] [ 50%] Built target lio_sam__rosidl_typesupport_introspection_cpp
[0.088s] [ 57%] Built target lio_sam__rosidl_typesupport_introspection_c
[0.089s] [ 65%] Built target lio_sam__rosidl_typesupport_fastrtps_cpp
[0.106s] [ 65%] Built target lio_sam
[0.120s] [ 67%] Built target lio_sam__py
[0.135s] [ 71%] Built target lio_sam_imageProjection
[0.135s] [ 75%] Built target lio_sam_featureExtraction
[0.138s] [ 78%] Built target lio_sam_mapOptimization
[0.138s] [ 84%] Built target lio_sam__rosidl_generator_py
[0.144s] [ 88%] Built target lio_sam_imuPreintegration
[0.155s] [ 92%] Built target lio_sam_s__rosidl_typesupport_fastrtps_c
[0.155s] [ 96%] Built target lio_sam_s__rosidl_typesupport_introspection_c
[0.155s] [100%] Built target lio_sam_s__rosidl_typesupport_c
[0.204s] running egg_info
[0.215s] writing lio_sam.egg-info/PKG-INFO
[0.215s] writing dependency_links to lio_sam.egg-info/dependency_links.txt
[0.215s] writing top-level names to lio_sam.egg-info/top_level.txt
[0.250s] reading manifest file 'lio_sam.egg-info/SOURCES.txt'
[0.250s] writing manifest file 'lio_sam.egg-info/SOURCES.txt'
[0.270s] [100%] Built target ament_cmake_python_build_lio_sam_egg
[0.277s] Invoked command in '/home/yuanyan/LIO-SAM-ros2/build/lio_sam' returned '0': CMAKE_PREFIX_PATH=${CMAKE_PREFIX_PATH}:/opt/ros/jazzy DEBUGINFOD_URLS=https://debuginfod.ubuntu.com /usr/bin/cmake --build /home/yuanyan/LIO-SAM-ros2/build/lio_sam -- -j16 -l16
[0.284s] Invoking command in '/home/yuanyan/LIO-SAM-ros2/build/lio_sam': CMAKE_PREFIX_PATH=${CMAKE_PREFIX_PATH}:/opt/ros/jazzy DEBUGINFOD_URLS=https://debuginfod.ubuntu.com /usr/bin/cmake --install /home/yuanyan/LIO-SAM-ros2/build/lio_sam
[0.290s] -- Install configuration: "Release"
[0.290s] -- Execute custom install script
[0.291s] -- Up-to-date symlink: /home/yuanyan/LIO-SAM-ros2/install/lio_sam/share/ament_index/resource_index/rosidl_interfaces/lio_sam
[0.291s] -- Up-to-date symlink: /home/yuanyan/LIO-SAM-ros2/install/lio_sam/share/lio_sam/msg/CloudInfo.json
[0.291s] -- Up-to-date symlink: /home/yuanyan/LIO-SAM-ros2/install/lio_sam/share/lio_sam/srv/SaveMap.json
[0.291s] -- Up-to-date symlink: /home/yuanyan/LIO-SAM-ros2/install/lio_sam/include/lio_sam/lio_sam/msg/cloud_info.h
[0.291s] -- Up-to-date symlink: /home/yuanyan/LIO-SAM-ros2/install/lio_sam/include/lio_sam/lio_sam/msg/detail/cloud_info__functions.h
[0.291s] -- Up-to-date symlink: /home/yuanyan/LIO-SAM-ros2/install/lio_sam/include/lio_sam/lio_sam/msg/detail/cloud_info__struct.h
[0.291s] -- Up-to-date symlink: /home/yuanyan/LIO-SAM-ros2/install/lio_sam/include/lio_sam/lio_sam/msg/detail/cloud_info__type_support.h
[0.291s] -- Up-to-date symlink: /home/yuanyan/LIO-SAM-ros2/install/lio_sam/include/lio_sam/lio_sam/msg/rosidl_generator_c__visibility_control.h
[0.291s] -- Up-to-date symlink: /home/yuanyan/LIO-SAM-ros2/install/lio_sam/include/lio_sam/lio_sam/srv/detail/save_map__functions.h
[0.291s] -- Up-to-date symlink: /home/yuanyan/LIO-SAM-ros2/install/lio_sam/include/lio_sam/lio_sam/srv/detail/save_map__struct.h
[0.291s] -- Up-to-date symlink: /home/yuanyan/LIO-SAM-ros2/install/lio_sam/include/lio_sam/lio_sam/srv/detail/save_map__type_support.h
[0.291s] -- Up-to-date symlink: /home/yuanyan/LIO-SAM-ros2/install/lio_sam/include/lio_sam/lio_sam/srv/save_map.h
[0.292s] -- Up-to-date symlink: /home/yuanyan/LIO-SAM-ros2/install/lio_sam/share/lio_sam/environment/library_path.sh
[0.292s] -- Up-to-date symlink: /home/yuanyan/LIO-SAM-ros2/install/lio_sam/share/lio_sam/environment/library_path.dsv
[0.292s] -- Up-to-date symlink: /home/yuanyan/LIO-SAM-ros2/install/lio_sam/include/lio_sam/lio_sam/msg/detail/cloud_info__rosidl_typesupport_fastrtps_c.h
[0.292s] -- Up-to-date symlink: /home/yuanyan/LIO-SAM-ros2/install/lio_sam/include/lio_sam/lio_sam/msg/rosidl_typesupport_fastrtps_c__visibility_control.h
[0.292s] -- Up-to-date symlink: /home/yuanyan/LIO-SAM-ros2/install/lio_sam/include/lio_sam/lio_sam/srv/detail/save_map__rosidl_typesupport_fastrtps_c.h
[0.292s] -- Up-to-date symlink: /home/yuanyan/LIO-SAM-ros2/install/lio_sam/include/lio_sam/lio_sam/msg/detail/cloud_info__rosidl_typesupport_introspection_c.h
[0.292s] -- Up-to-date symlink: /home/yuanyan/LIO-SAM-ros2/install/lio_sam/include/lio_sam/lio_sam/msg/rosidl_typesupport_introspection_c__visibility_control.h
[0.292s] -- Up-to-date symlink: /home/yuanyan/LIO-SAM-ros2/install/lio_sam/include/lio_sam/lio_sam/srv/detail/save_map__rosidl_typesupport_introspection_c.h
[0.293s] -- Up-to-date symlink: /home/yuanyan/LIO-SAM-ros2/install/lio_sam/include/lio_sam/lio_sam/msg/cloud_info.hpp
[0.293s] -- Up-to-date symlink: /home/yuanyan/LIO-SAM-ros2/install/lio_sam/include/lio_sam/lio_sam/msg/detail/cloud_info__builder.hpp
[0.293s] -- Up-to-date symlink: /home/yuanyan/LIO-SAM-ros2/install/lio_sam/include/lio_sam/lio_sam/msg/detail/cloud_info__struct.hpp
[0.293s] -- Up-to-date symlink: /home/yuanyan/LIO-SAM-ros2/install/lio_sam/include/lio_sam/lio_sam/msg/detail/cloud_info__traits.hpp
[0.293s] -- Up-to-date symlink: /home/yuanyan/LIO-SAM-ros2/install/lio_sam/include/lio_sam/lio_sam/msg/detail/cloud_info__type_support.hpp
[0.293s] -- Up-to-date symlink: /home/yuanyan/LIO-SAM-ros2/install/lio_sam/include/lio_sam/lio_sam/msg/rosidl_generator_cpp__visibility_control.hpp
[0.293s] -- Up-to-date symlink: /home/yuanyan/LIO-SAM-ros2/install/lio_sam/include/lio_sam/lio_sam/srv/detail/save_map__builder.hpp
[0.293s] -- Up-to-date symlink: /home/yuanyan/LIO-SAM-ros2/install/lio_sam/include/lio_sam/lio_sam/srv/detail/save_map__struct.hpp
[0.293s] -- Up-to-date symlink: /home/yuanyan/LIO-SAM-ros2/install/lio_sam/include/lio_sam/lio_sam/srv/detail/save_map__traits.hpp
[0.293s] -- Up-to-date symlink: /home/yuanyan/LIO-SAM-ros2/install/lio_sam/include/lio_sam/lio_sam/srv/detail/save_map__type_support.hpp
[0.293s] -- Up-to-date symlink: /home/yuanyan/LIO-SAM-ros2/install/lio_sam/include/lio_sam/lio_sam/srv/save_map.hpp
[0.293s] -- Up-to-date symlink: /home/yuanyan/LIO-SAM-ros2/install/lio_sam/include/lio_sam/lio_sam/msg/detail/cloud_info__rosidl_typesupport_fastrtps_cpp.hpp
[0.293s] -- Up-to-date symlink: /home/yuanyan/LIO-SAM-ros2/install/lio_sam/include/lio_sam/lio_sam/msg/rosidl_typesupport_fastrtps_cpp__visibility_control.h
[0.293s] -- Up-to-date symlink: /home/yuanyan/LIO-SAM-ros2/install/lio_sam/include/lio_sam/lio_sam/srv/detail/save_map__rosidl_typesupport_fastrtps_cpp.hpp
[0.294s] -- Up-to-date symlink: /home/yuanyan/LIO-SAM-ros2/install/lio_sam/include/lio_sam/lio_sam/msg/detail/cloud_info__rosidl_typesupport_introspection_cpp.hpp
[0.294s] -- Up-to-date symlink: /home/yuanyan/LIO-SAM-ros2/install/lio_sam/include/lio_sam/lio_sam/srv/detail/save_map__rosidl_typesupport_introspection_cpp.hpp
[0.294s] -- Up-to-date symlink: /home/yuanyan/LIO-SAM-ros2/install/lio_sam/share/lio_sam/environment/pythonpath.sh
[0.294s] -- Up-to-date symlink: /home/yuanyan/LIO-SAM-ros2/install/lio_sam/share/lio_sam/environment/pythonpath.dsv
[0.294s] -- Up-to-date symlink: /home/yuanyan/LIO-SAM-ros2/install/lio_sam/lib/python3.12/site-packages/lio_sam-1.0.0-py3.12.egg-info/PKG-INFO
[0.294s] -- Up-to-date symlink: /home/yuanyan/LIO-SAM-ros2/install/lio_sam/lib/python3.12/site-packages/lio_sam-1.0.0-py3.12.egg-info/SOURCES.txt
[0.295s] -- Up-to-date symlink: /home/yuanyan/LIO-SAM-ros2/install/lio_sam/lib/python3.12/site-packages/lio_sam-1.0.0-py3.12.egg-info/dependency_links.txt
[0.295s] -- Up-to-date symlink: /home/yuanyan/LIO-SAM-ros2/install/lio_sam/lib/python3.12/site-packages/lio_sam-1.0.0-py3.12.egg-info/top_level.txt
[0.295s] -- Up-to-date symlink: /home/yuanyan/LIO-SAM-ros2/install/lio_sam/lib/python3.12/site-packages/lio_sam/__init__.py
[0.295s] -- Up-to-date symlink: /home/yuanyan/LIO-SAM-ros2/install/lio_sam/lib/python3.12/site-packages/lio_sam/_lio_sam_s.ep.rosidl_typesupport_c.c
[0.295s] -- Up-to-date symlink: /home/yuanyan/LIO-SAM-ros2/install/lio_sam/lib/python3.12/site-packages/lio_sam/_lio_sam_s.ep.rosidl_typesupport_fastrtps_c.c
[0.295s] -- Up-to-date symlink: /home/yuanyan/LIO-SAM-ros2/install/lio_sam/lib/python3.12/site-packages/lio_sam/_lio_sam_s.ep.rosidl_typesupport_introspection_c.c
[0.295s] -- Up-to-date symlink: /home/yuanyan/LIO-SAM-ros2/install/lio_sam/lib/python3.12/site-packages/lio_sam/lio_sam_s__rosidl_typesupport_c.so
[0.295s] -- Up-to-date symlink: /home/yuanyan/LIO-SAM-ros2/install/lio_sam/lib/python3.12/site-packages/lio_sam/lio_sam_s__rosidl_typesupport_fastrtps_c.so
[0.295s] -- Up-to-date symlink: /home/yuanyan/LIO-SAM-ros2/install/lio_sam/lib/python3.12/site-packages/lio_sam/lio_sam_s__rosidl_typesupport_introspection_c.so
[0.295s] -- Up-to-date symlink: /home/yuanyan/LIO-SAM-ros2/install/lio_sam/lib/python3.12/site-packages/lio_sam/msg/__init__.py
[0.296s] -- Up-to-date symlink: /home/yuanyan/LIO-SAM-ros2/install/lio_sam/lib/python3.12/site-packages/lio_sam/msg/_cloud_info.py
[0.296s] -- Up-to-date symlink: /home/yuanyan/LIO-SAM-ros2/install/lio_sam/lib/python3.12/site-packages/lio_sam/msg/_cloud_info_s.c
[0.296s] -- Up-to-date symlink: /home/yuanyan/LIO-SAM-ros2/install/lio_sam/lib/python3.12/site-packages/lio_sam/srv/__init__.py
[0.296s] -- Up-to-date symlink: /home/yuanyan/LIO-SAM-ros2/install/lio_sam/lib/python3.12/site-packages/lio_sam/srv/_save_map.py
[0.296s] -- Up-to-date symlink: /home/yuanyan/LIO-SAM-ros2/install/lio_sam/lib/python3.12/site-packages/lio_sam/srv/_save_map_s.c
[0.296s] -- Up-to-date symlink: /home/yuanyan/LIO-SAM-ros2/install/lio_sam/lib/python3.12/site-packages/lio_sam/lio_sam_s__rosidl_typesupport_fastrtps_c.so
[0.296s] -- Up-to-date symlink: /home/yuanyan/LIO-SAM-ros2/install/lio_sam/lib/python3.12/site-packages/lio_sam/lio_sam_s__rosidl_typesupport_introspection_c.so
[0.296s] -- Up-to-date symlink: /home/yuanyan/LIO-SAM-ros2/install/lio_sam/lib/python3.12/site-packages/lio_sam/lio_sam_s__rosidl_typesupport_c.so
[0.296s] -- Up-to-date symlink: /home/yuanyan/LIO-SAM-ros2/install/lio_sam/share/lio_sam/msg/CloudInfo.idl
[0.296s] -- Up-to-date symlink: /home/yuanyan/LIO-SAM-ros2/install/lio_sam/share/lio_sam/srv/SaveMap.idl
[0.296s] -- Up-to-date symlink: /home/yuanyan/LIO-SAM-ros2/install/lio_sam/share/lio_sam/msg/CloudInfo.msg
[0.296s] -- Up-to-date symlink: /home/yuanyan/LIO-SAM-ros2/install/lio_sam/share/lio_sam/srv/SaveMap.srv
[0.297s] -- Up-to-date symlink: /home/yuanyan/LIO-SAM-ros2/install/lio_sam/share/lio_sam//launch/run.launch.py
[0.297s] -- Up-to-date symlink: /home/yuanyan/LIO-SAM-ros2/install/lio_sam/share/lio_sam//config/doc/demo.gif
[0.297s] -- Up-to-date symlink: /home/yuanyan/LIO-SAM-ros2/install/lio_sam/share/lio_sam//config/doc/device-boat.png
[0.297s] -- Up-to-date symlink: /home/yuanyan/LIO-SAM-ros2/install/lio_sam/share/lio_sam//config/doc/device-hand-2.png
[0.297s] -- Up-to-date symlink: /home/yuanyan/LIO-SAM-ros2/install/lio_sam/share/lio_sam//config/doc/device-hand.png
[0.297s] -- Up-to-date symlink: /home/yuanyan/LIO-SAM-ros2/install/lio_sam/share/lio_sam//config/doc/device-jackal.png
[0.297s] -- Up-to-date symlink: /home/yuanyan/LIO-SAM-ros2/install/lio_sam/share/lio_sam//config/doc/gps-demo.gif
[0.297s] -- Up-to-date symlink: /home/yuanyan/LIO-SAM-ros2/install/lio_sam/share/lio_sam//config/doc/imu-debug.gif
[0.297s] -- Up-to-date symlink: /home/yuanyan/LIO-SAM-ros2/install/lio_sam/share/lio_sam//config/doc/imu-transform.png
[0.297s] -- Up-to-date symlink: /home/yuanyan/LIO-SAM-ros2/install/lio_sam/share/lio_sam//config/doc/kitti-demo.gif
[0.297s] -- Up-to-date symlink: /home/yuanyan/LIO-SAM-ros2/install/lio_sam/share/lio_sam//config/doc/kitti-map.png
[0.297s] -- Up-to-date symlink: /home/yuanyan/LIO-SAM-ros2/install/lio_sam/share/lio_sam//config/doc/kitti2bag/README.md
[0.297s] -- Up-to-date symlink: /home/yuanyan/LIO-SAM-ros2/install/lio_sam/share/lio_sam//config/doc/kitti2bag/kitti2bag.py
[0.297s] -- Up-to-date symlink: /home/yuanyan/LIO-SAM-ros2/install/lio_sam/share/lio_sam//config/doc/loop-closure-2.gif
[0.298s] -- Up-to-date symlink: /home/yuanyan/LIO-SAM-ros2/install/lio_sam/share/lio_sam//config/doc/loop-closure.gif
[0.298s] -- Up-to-date symlink: /home/yuanyan/LIO-SAM-ros2/install/lio_sam/share/lio_sam//config/doc/ouster-demo.gif
[0.298s] -- Up-to-date symlink: /home/yuanyan/LIO-SAM-ros2/install/lio_sam/share/lio_sam//config/doc/ouster-device.jpg
[0.298s] -- Up-to-date symlink: /home/yuanyan/LIO-SAM-ros2/install/lio_sam/share/lio_sam//config/doc/paper.pdf
[0.298s] -- Up-to-date symlink: /home/yuanyan/LIO-SAM-ros2/install/lio_sam/share/lio_sam//config/doc/system.png
[0.298s] -- Up-to-date symlink: /home/yuanyan/LIO-SAM-ros2/install/lio_sam/share/lio_sam//config/params.yaml
[0.298s] -- Up-to-date symlink: /home/yuanyan/LIO-SAM-ros2/install/lio_sam/share/lio_sam//config/robot.urdf.xacro
[0.298s] -- Up-to-date symlink: /home/yuanyan/LIO-SAM-ros2/install/lio_sam/share/lio_sam//config/rviz2.rviz
[0.298s] -- Up-to-date symlink: /home/yuanyan/LIO-SAM-ros2/install/lio_sam/lib/lio_sam/lio_sam_imageProjection
[0.298s] -- Up-to-date symlink: /home/yuanyan/LIO-SAM-ros2/install/lio_sam/lib/lio_sam/lio_sam_imuPreintegration
[0.298s] -- Up-to-date symlink: /home/yuanyan/LIO-SAM-ros2/install/lio_sam/lib/lio_sam/lio_sam_featureExtraction
[0.298s] -- Up-to-date symlink: /home/yuanyan/LIO-SAM-ros2/install/lio_sam/lib/lio_sam/lio_sam_mapOptimization
[0.298s] -- Up-to-date symlink: /home/yuanyan/LIO-SAM-ros2/install/lio_sam/include/lio_sam/utility.hpp
[0.298s] -- Up-to-date symlink: /home/yuanyan/LIO-SAM-ros2/install/lio_sam/share/ament_index/resource_index/package_run_dependencies/lio_sam
[0.298s] -- Up-to-date symlink: /home/yuanyan/LIO-SAM-ros2/install/lio_sam/share/ament_index/resource_index/parent_prefix_path/lio_sam
[0.299s] -- Up-to-date symlink: /home/yuanyan/LIO-SAM-ros2/install/lio_sam/share/lio_sam/environment/ament_prefix_path.sh
[0.299s] -- Up-to-date symlink: /home/yuanyan/LIO-SAM-ros2/install/lio_sam/share/lio_sam/environment/ament_prefix_path.dsv
[0.299s] -- Up-to-date symlink: /home/yuanyan/LIO-SAM-ros2/install/lio_sam/share/lio_sam/environment/path.sh
[0.299s] -- Up-to-date symlink: /home/yuanyan/LIO-SAM-ros2/install/lio_sam/share/lio_sam/environment/path.dsv
[0.299s] -- Up-to-date symlink: /home/yuanyan/LIO-SAM-ros2/install/lio_sam/share/lio_sam/local_setup.bash
[0.299s] -- Up-to-date symlink: /home/yuanyan/LIO-SAM-ros2/install/lio_sam/share/lio_sam/local_setup.sh
[0.299s] -- Up-to-date symlink: /home/yuanyan/LIO-SAM-ros2/install/lio_sam/share/lio_sam/local_setup.zsh
[0.299s] -- Up-to-date symlink: /home/yuanyan/LIO-SAM-ros2/install/lio_sam/share/lio_sam/local_setup.dsv
[0.299s] -- Symlinking: /home/yuanyan/LIO-SAM-ros2/install/lio_sam/share/lio_sam/package.dsv
[0.306s] -- Up-to-date symlink: /home/yuanyan/LIO-SAM-ros2/install/lio_sam/share/ament_index/resource_index/packages/lio_sam
[0.306s] -- Up-to-date symlink: /home/yuanyan/LIO-SAM-ros2/install/lio_sam/share/lio_sam/cmake/rosidl_cmake-extras.cmake
[0.306s] -- Up-to-date symlink: /home/yuanyan/LIO-SAM-ros2/install/lio_sam/share/lio_sam/cmake/ament_cmake_export_dependencies-extras.cmake
[0.306s] -- Up-to-date symlink: /home/yuanyan/LIO-SAM-ros2/install/lio_sam/share/lio_sam/cmake/ament_cmake_export_include_directories-extras.cmake
[0.306s] -- Up-to-date symlink: /home/yuanyan/LIO-SAM-ros2/install/lio_sam/share/lio_sam/cmake/ament_cmake_export_libraries-extras.cmake
[0.306s] -- Up-to-date symlink: /home/yuanyan/LIO-SAM-ros2/install/lio_sam/share/lio_sam/cmake/ament_cmake_export_targets-extras.cmake
[0.306s] -- Up-to-date symlink: /home/yuanyan/LIO-SAM-ros2/install/lio_sam/share/lio_sam/cmake/rosidl_cmake_export_typesupport_targets-extras.cmake
[0.306s] -- Up-to-date symlink: /home/yuanyan/LIO-SAM-ros2/install/lio_sam/share/lio_sam/cmake/rosidl_cmake_export_typesupport_libraries-extras.cmake
[0.306s] -- Up-to-date symlink: /home/yuanyan/LIO-SAM-ros2/install/lio_sam/share/lio_sam/cmake/lio_samConfig.cmake
[0.307s] -- Up-to-date symlink: /home/yuanyan/LIO-SAM-ros2/install/lio_sam/share/lio_sam/cmake/lio_samConfig-version.cmake
[0.307s] -- Up-to-date symlink: /home/yuanyan/LIO-SAM-ros2/install/lio_sam/share/lio_sam/package.xml
[0.307s] -- Up-to-date: /home/yuanyan/LIO-SAM-ros2/install/lio_sam/lib/liblio_sam__rosidl_generator_c.so
[0.307s] -- Up-to-date: /home/yuanyan/LIO-SAM-ros2/install/lio_sam/lib/liblio_sam__rosidl_typesupport_fastrtps_c.so
[0.307s] -- Up-to-date: /home/yuanyan/LIO-SAM-ros2/install/lio_sam/lib/liblio_sam__rosidl_typesupport_introspection_c.so
[0.307s] -- Up-to-date: /home/yuanyan/LIO-SAM-ros2/install/lio_sam/lib/liblio_sam__rosidl_typesupport_c.so
[0.307s] -- Up-to-date: /home/yuanyan/LIO-SAM-ros2/install/lio_sam/lib/liblio_sam__rosidl_typesupport_fastrtps_cpp.so
[0.307s] -- Up-to-date: /home/yuanyan/LIO-SAM-ros2/install/lio_sam/lib/liblio_sam__rosidl_typesupport_introspection_cpp.so
[0.307s] -- Up-to-date: /home/yuanyan/LIO-SAM-ros2/install/lio_sam/lib/liblio_sam__rosidl_typesupport_cpp.so
[0.331s] Listing '/home/yuanyan/LIO-SAM-ros2/install/lio_sam/lib/python3.12/site-packages/lio_sam'...
[0.331s] Listing '/home/yuanyan/LIO-SAM-ros2/install/lio_sam/lib/python3.12/site-packages/lio_sam/msg'...
[0.331s] Listing '/home/yuanyan/LIO-SAM-ros2/install/lio_sam/lib/python3.12/site-packages/lio_sam/srv'...
[0.335s] -- Up-to-date: /home/yuanyan/LIO-SAM-ros2/install/lio_sam/lib/liblio_sam__rosidl_generator_py.so
[0.335s] -- Up-to-date: /home/yuanyan/LIO-SAM-ros2/install/lio_sam/share/lio_sam/cmake/export_lio_sam__rosidl_generator_cExport.cmake
[0.335s] -- Up-to-date: /home/yuanyan/LIO-SAM-ros2/install/lio_sam/share/lio_sam/cmake/export_lio_sam__rosidl_generator_cExport-release.cmake
[0.335s] -- Up-to-date: /home/yuanyan/LIO-SAM-ros2/install/lio_sam/share/lio_sam/cmake/export_lio_sam__rosidl_typesupport_fastrtps_cExport.cmake
[0.336s] -- Up-to-date: /home/yuanyan/LIO-SAM-ros2/install/lio_sam/share/lio_sam/cmake/export_lio_sam__rosidl_typesupport_fastrtps_cExport-release.cmake
[0.336s] -- Up-to-date: /home/yuanyan/LIO-SAM-ros2/install/lio_sam/share/lio_sam/cmake/lio_sam__rosidl_typesupport_introspection_cExport.cmake
[0.336s] -- Up-to-date: /home/yuanyan/LIO-SAM-ros2/install/lio_sam/share/lio_sam/cmake/lio_sam__rosidl_typesupport_introspection_cExport-release.cmake
[0.336s] -- Up-to-date: /home/yuanyan/LIO-SAM-ros2/install/lio_sam/share/lio_sam/cmake/lio_sam__rosidl_typesupport_cExport.cmake
[0.336s] -- Up-to-date: /home/yuanyan/LIO-SAM-ros2/install/lio_sam/share/lio_sam/cmake/lio_sam__rosidl_typesupport_cExport-release.cmake
[0.336s] -- Up-to-date: /home/yuanyan/LIO-SAM-ros2/install/lio_sam/share/lio_sam/cmake/export_lio_sam__rosidl_generator_cppExport.cmake
[0.336s] -- Up-to-date: /home/yuanyan/LIO-SAM-ros2/install/lio_sam/share/lio_sam/cmake/export_lio_sam__rosidl_typesupport_fastrtps_cppExport.cmake
[0.336s] -- Up-to-date: /home/yuanyan/LIO-SAM-ros2/install/lio_sam/share/lio_sam/cmake/export_lio_sam__rosidl_typesupport_fastrtps_cppExport-release.cmake
[0.336s] -- Up-to-date: /home/yuanyan/LIO-SAM-ros2/install/lio_sam/share/lio_sam/cmake/lio_sam__rosidl_typesupport_introspection_cppExport.cmake
[0.336s] -- Up-to-date: /home/yuanyan/LIO-SAM-ros2/install/lio_sam/share/lio_sam/cmake/lio_sam__rosidl_typesupport_introspection_cppExport-release.cmake
[0.336s] -- Up-to-date: /home/yuanyan/LIO-SAM-ros2/install/lio_sam/share/lio_sam/cmake/lio_sam__rosidl_typesupport_cppExport.cmake
[0.336s] -- Up-to-date: /home/yuanyan/LIO-SAM-ros2/install/lio_sam/share/lio_sam/cmake/lio_sam__rosidl_typesupport_cppExport-release.cmake
[0.336s] -- Up-to-date: /home/yuanyan/LIO-SAM-ros2/install/lio_sam/share/lio_sam/cmake/export_lio_sam__rosidl_generator_pyExport.cmake
[0.336s] -- Up-to-date: /home/yuanyan/LIO-SAM-ros2/install/lio_sam/share/lio_sam/cmake/export_lio_sam__rosidl_generator_pyExport-release.cmake
[0.338s] Invoked command in '/home/yuanyan/LIO-SAM-ros2/build/lio_sam' returned '0': CMAKE_PREFIX_PATH=${CMAKE_PREFIX_PATH}:/opt/ros/jazzy DEBUGINFOD_URLS=https://debuginfod.ubuntu.com /usr/bin/cmake --install /home/yuanyan/LIO-SAM-ros2/build/lio_sam
