[0.020s] Invoking command in '/home/yuanyan/Robot/build/sensor_scan_generation': CMAKE_PREFIX_PATH=${CMAKE_PREFIX_PATH}:/opt/ros/jazzy DEBUGINFOD_URLS=https://debuginfod.ubuntu.com /usr/bin/cmake --build /home/yuanyan/Robot/build/sensor_scan_generation -- -j16 -l16
[0.085s] [100%] Built target sensorScanGeneration
[0.101s] Invoked command in '/home/yuanyan/Robot/build/sensor_scan_generation' returned '0': CMAKE_PREFIX_PATH=${CMAKE_PREFIX_PATH}:/opt/ros/jazzy DEBUGINFOD_URLS=https://debuginfod.ubuntu.com /usr/bin/cmake --build /home/yuanyan/Robot/build/sensor_scan_generation -- -j16 -l16
[0.102s] Invoking command in '/home/yuanyan/Robot/build/sensor_scan_generation': CMAKE_PREFIX_PATH=${CMAKE_PREFIX_PATH}:/opt/ros/jazzy DEBUGINFOD_URLS=https://debuginfod.ubuntu.com /usr/bin/cmake --install /home/yuanyan/Robot/build/sensor_scan_generation
[0.110s] -- Install configuration: ""
[0.111s] -- Execute custom install script
[0.114s] -- Up-to-date symlink: /home/yuanyan/Robot/install/sensor_scan_generation/lib/sensor_scan_generation/sensorScanGeneration
[0.115s] -- Up-to-date symlink: /home/yuanyan/Robot/install/sensor_scan_generation/share/sensor_scan_generation/launch/sensor_scan_generation.launch
[0.115s] -- Up-to-date symlink: /home/yuanyan/Robot/install/sensor_scan_generation/share/ament_index/resource_index/package_run_dependencies/sensor_scan_generation
[0.116s] -- Up-to-date symlink: /home/yuanyan/Robot/install/sensor_scan_generation/share/ament_index/resource_index/parent_prefix_path/sensor_scan_generation
[0.116s] -- Up-to-date symlink: /home/yuanyan/Robot/install/sensor_scan_generation/share/sensor_scan_generation/environment/ament_prefix_path.sh
[0.117s] -- Up-to-date symlink: /home/yuanyan/Robot/install/sensor_scan_generation/share/sensor_scan_generation/environment/ament_prefix_path.dsv
[0.117s] -- Up-to-date symlink: /home/yuanyan/Robot/install/sensor_scan_generation/share/sensor_scan_generation/environment/path.sh
[0.117s] -- Up-to-date symlink: /home/yuanyan/Robot/install/sensor_scan_generation/share/sensor_scan_generation/environment/path.dsv
[0.117s] -- Up-to-date symlink: /home/yuanyan/Robot/install/sensor_scan_generation/share/sensor_scan_generation/local_setup.bash
[0.117s] -- Up-to-date symlink: /home/yuanyan/Robot/install/sensor_scan_generation/share/sensor_scan_generation/local_setup.sh
[0.118s] -- Up-to-date symlink: /home/yuanyan/Robot/install/sensor_scan_generation/share/sensor_scan_generation/local_setup.zsh
[0.118s] -- Up-to-date symlink: /home/yuanyan/Robot/install/sensor_scan_generation/share/sensor_scan_generation/local_setup.dsv
[0.118s] -- Symlinking: /home/yuanyan/Robot/install/sensor_scan_generation/share/sensor_scan_generation/package.dsv
[0.129s] -- Up-to-date symlink: /home/yuanyan/Robot/install/sensor_scan_generation/share/ament_index/resource_index/packages/sensor_scan_generation
[0.130s] -- Up-to-date symlink: /home/yuanyan/Robot/install/sensor_scan_generation/share/sensor_scan_generation/cmake/sensor_scan_generationConfig.cmake
[0.130s] -- Up-to-date symlink: /home/yuanyan/Robot/install/sensor_scan_generation/share/sensor_scan_generation/cmake/sensor_scan_generationConfig-version.cmake
[0.131s] -- Up-to-date symlink: /home/yuanyan/Robot/install/sensor_scan_generation/share/sensor_scan_generation/package.xml
[0.182s] Invoked command in '/home/yuanyan/Robot/build/sensor_scan_generation' returned '0': CMAKE_PREFIX_PATH=${CMAKE_PREFIX_PATH}:/opt/ros/jazzy DEBUGINFOD_URLS=https://debuginfod.ubuntu.com /usr/bin/cmake --install /home/yuanyan/Robot/build/sensor_scan_generation
