[0.022s] Invoking command in '/home/yuanyan/Robot/build/sensor_scan_generation': CMAKE_PREFIX_PATH=${CMAKE_PREFIX_PATH}:/opt/ros/jazzy DEBUGINFOD_URLS=https://debuginfod.ubuntu.com /usr/bin/cmake --build /home/yuanyan/Robot/build/sensor_scan_generation -- -j16 -l16
[0.072s] [100%] Built target sensorScanGeneration
[0.085s] Invoked command in '/home/yuanyan/Robot/build/sensor_scan_generation' returned '0': CMAKE_PREFIX_PATH=${CMAKE_PREFIX_PATH}:/opt/ros/jazzy DEBUGINFOD_URLS=https://debuginfod.ubuntu.com /usr/bin/cmake --build /home/yuanyan/Robot/build/sensor_scan_generation -- -j16 -l16
[0.086s] Invoking command in '/home/yuanyan/Robot/build/sensor_scan_generation': CMAKE_PREFIX_PATH=${CMAKE_PREFIX_PATH}:/opt/ros/jazzy DEBUGINFOD_URLS=https://debuginfod.ubuntu.com /usr/bin/cmake --install /home/yuanyan/Robot/build/sensor_scan_generation
[0.094s] -- Install configuration: ""
[0.094s] -- Execute custom install script
[0.094s] -- Up-to-date symlink: /home/yuanyan/Robot/install/sensor_scan_generation/lib/sensor_scan_generation/sensorScanGeneration
[0.096s] -- Up-to-date symlink: /home/yuanyan/Robot/install/sensor_scan_generation/share/sensor_scan_generation/launch/sensor_scan_generation.launch
[0.096s] -- Up-to-date symlink: /home/yuanyan/Robot/install/sensor_scan_generation/share/ament_index/resource_index/package_run_dependencies/sensor_scan_generation
[0.096s] -- Up-to-date symlink: /home/yuanyan/Robot/install/sensor_scan_generation/share/ament_index/resource_index/parent_prefix_path/sensor_scan_generation
[0.096s] -- Up-to-date symlink: /home/yuanyan/Robot/install/sensor_scan_generation/share/sensor_scan_generation/environment/ament_prefix_path.sh
[0.096s] -- Up-to-date symlink: /home/yuanyan/Robot/install/sensor_scan_generation/share/sensor_scan_generation/environment/ament_prefix_path.dsv
[0.096s] -- Up-to-date symlink: /home/yuanyan/Robot/install/sensor_scan_generation/share/sensor_scan_generation/environment/path.sh
[0.096s] -- Up-to-date symlink: /home/yuanyan/Robot/install/sensor_scan_generation/share/sensor_scan_generation/environment/path.dsv
[0.097s] -- Up-to-date symlink: /home/yuanyan/Robot/install/sensor_scan_generation/share/sensor_scan_generation/local_setup.bash
[0.097s] -- Up-to-date symlink: /home/yuanyan/Robot/install/sensor_scan_generation/share/sensor_scan_generation/local_setup.sh
[0.097s] -- Up-to-date symlink: /home/yuanyan/Robot/install/sensor_scan_generation/share/sensor_scan_generation/local_setup.zsh
[0.097s] -- Up-to-date symlink: /home/yuanyan/Robot/install/sensor_scan_generation/share/sensor_scan_generation/local_setup.dsv
[0.097s] -- Symlinking: /home/yuanyan/Robot/install/sensor_scan_generation/share/sensor_scan_generation/package.dsv
[0.106s] -- Up-to-date symlink: /home/yuanyan/Robot/install/sensor_scan_generation/share/ament_index/resource_index/packages/sensor_scan_generation
[0.107s] -- Up-to-date symlink: /home/yuanyan/Robot/install/sensor_scan_generation/share/sensor_scan_generation/cmake/sensor_scan_generationConfig.cmake
[0.107s] -- Up-to-date symlink: /home/yuanyan/Robot/install/sensor_scan_generation/share/sensor_scan_generation/cmake/sensor_scan_generationConfig-version.cmake
[0.107s] -- Up-to-date symlink: /home/yuanyan/Robot/install/sensor_scan_generation/share/sensor_scan_generation/package.xml
[0.125s] Invoked command in '/home/yuanyan/Robot/build/sensor_scan_generation' returned '0': CMAKE_PREFIX_PATH=${CMAKE_PREFIX_PATH}:/opt/ros/jazzy DEBUGINFOD_URLS=https://debuginfod.ubuntu.com /usr/bin/cmake --install /home/yuanyan/Robot/build/sensor_scan_generation
