[0.006s] Invoking command in '/home/yuanyan/LIO-SAM-ros2/build/lio_sam': CMAKE_PREFIX_PATH=${CMAKE_PREFIX_PATH}:/opt/ros/jazzy DEBUGINFOD_URLS=https://debuginfod.ubuntu.com /usr/bin/cmake --build /home/yuanyan/LIO-SAM-ros2/build/lio_sam -- -j16 -l16
[0.044s] [  1%] Built target lio_sam__rosidl_generator_type_description
[0.049s] [  1%] Built target ament_cmake_python_symlink_lio_sam
[0.058s] [  3%] Built target lio_sam__cpp
[0.060s] [ 19%] Built target lio_sam__rosidl_generator_c
[0.075s] [ 26%] Built target lio_sam__rosidl_typesupport_c
[0.076s] [ 50%] Built target lio_sam__rosidl_typesupport_introspection_c
[0.076s] [ 50%] Built target lio_sam__rosidl_typesupport_fastrtps_c
[0.076s] [ 50%] Built target lio_sam__rosidl_typesupport_cpp
[0.078s] [ 57%] Built target lio_sam__rosidl_typesupport_fastrtps_cpp
[0.079s] [ 65%] Built target lio_sam__rosidl_typesupport_introspection_cpp
[0.094s] [ 65%] Built target lio_sam
[0.109s] [ 69%] Built target lio_sam__py
[0.109s] [ 69%] [32mBuilding CXX object CMakeFiles/lio_sam_imageProjection.dir/src/imageProjection.cpp.o[0m
[0.109s] [ 71%] [32mBuilding CXX object CMakeFiles/lio_sam_mapOptimization.dir/src/mapOptmization.cpp.o[0m
[0.110s] [ 73%] [32mBuilding CXX object CMakeFiles/lio_sam_imuPreintegration.dir/src/imuPreintegration.cpp.o[0m
[0.114s] [ 75%] [32mBuilding CXX object CMakeFiles/lio_sam_featureExtraction.dir/src/featureExtraction.cpp.o[0m
[0.128s] [ 80%] Built target lio_sam__rosidl_generator_py
[0.146s] [ 84%] Built target lio_sam_s__rosidl_typesupport_fastrtps_c
[0.147s] [ 88%] Built target lio_sam_s__rosidl_typesupport_c
[0.150s] [ 92%] Built target lio_sam_s__rosidl_typesupport_introspection_c
[0.190s] running egg_info
[0.201s] writing lio_sam.egg-info/PKG-INFO
[0.201s] writing dependency_links to lio_sam.egg-info/dependency_links.txt
[0.202s] writing top-level names to lio_sam.egg-info/top_level.txt
[0.234s] reading manifest file 'lio_sam.egg-info/SOURCES.txt'
[0.234s] writing manifest file 'lio_sam.egg-info/SOURCES.txt'
[0.255s] [ 92%] Built target ament_cmake_python_build_lio_sam_egg
[1.300s] In file included from [01m[K/home/yuanyan/LIO-SAM-ros2/src/imageProjection.cpp:1[m[K:
[1.300s] [01m[K/home/yuanyan/LIO-SAM-ros2/include/lio_sam/utility.hpp:35:10:[m[K [01;31m[Kfatal error: [m[Kpcl_conversions/pcl_conversions.h: No such file or directory
[1.300s]    35 | #include [01;31m[K<pcl_conversions/pcl_conversions.h>[m[K
[1.300s]       |          [01;31m[K^~~~~~~~~~~~~~~~~~~~~~~~~~~~~~~~~~~[m[K
[1.300s] compilation terminated.
[1.318s] gmake[2]: *** [CMakeFiles/lio_sam_imageProjection.dir/build.make:76: CMakeFiles/lio_sam_imageProjection.dir/src/imageProjection.cpp.o] Error 1
[1.318s] gmake[1]: *** [CMakeFiles/Makefile2:661: CMakeFiles/lio_sam_imageProjection.dir/all] Error 2
[1.318s] gmake[1]: *** Waiting for unfinished jobs....
[1.319s] In file included from [01m[K/home/yuanyan/LIO-SAM-ros2/src/featureExtraction.cpp:1[m[K:
[1.319s] [01m[K/home/yuanyan/LIO-SAM-ros2/include/lio_sam/utility.hpp:35:10:[m[K [01;31m[Kfatal error: [m[Kpcl_conversions/pcl_conversions.h: No such file or directory
[1.319s]    35 | #include [01;31m[K<pcl_conversions/pcl_conversions.h>[m[K
[1.319s]       |          [01;31m[K^~~~~~~~~~~~~~~~~~~~~~~~~~~~~~~~~~~[m[K
[1.319s] compilation terminated.
[1.329s] gmake[2]: *** [CMakeFiles/lio_sam_featureExtraction.dir/build.make:76: CMakeFiles/lio_sam_featureExtraction.dir/src/featureExtraction.cpp.o] Error 1
[1.330s] gmake[1]: *** [CMakeFiles/Makefile2:632: CMakeFiles/lio_sam_featureExtraction.dir/all] Error 2
[1.333s] In file included from [01m[K/home/yuanyan/LIO-SAM-ros2/src/mapOptmization.cpp:1[m[K:
[1.333s] [01m[K/home/yuanyan/LIO-SAM-ros2/include/lio_sam/utility.hpp:35:10:[m[K [01;31m[Kfatal error: [m[Kpcl_conversions/pcl_conversions.h: No such file or directory
[1.333s]    35 | #include [01;31m[K<pcl_conversions/pcl_conversions.h>[m[K
[1.333s]       |          [01;31m[K^~~~~~~~~~~~~~~~~~~~~~~~~~~~~~~~~~~[m[K
[1.333s] compilation terminated.
[1.343s] gmake[2]: *** [CMakeFiles/lio_sam_mapOptimization.dir/build.make:76: CMakeFiles/lio_sam_mapOptimization.dir/src/mapOptmization.cpp.o] Error 1
[1.343s] gmake[1]: *** [CMakeFiles/Makefile2:719: CMakeFiles/lio_sam_mapOptimization.dir/all] Error 2
[1.344s] In file included from [01m[K/home/yuanyan/LIO-SAM-ros2/src/imuPreintegration.cpp:1[m[K:
[1.344s] [01m[K/home/yuanyan/LIO-SAM-ros2/include/lio_sam/utility.hpp:35:10:[m[K [01;31m[Kfatal error: [m[Kpcl_conversions/pcl_conversions.h: No such file or directory
[1.344s]    35 | #include [01;31m[K<pcl_conversions/pcl_conversions.h>[m[K
[1.344s]       |          [01;31m[K^~~~~~~~~~~~~~~~~~~~~~~~~~~~~~~~~~~[m[K
[1.344s] compilation terminated.
[1.354s] gmake[2]: *** [CMakeFiles/lio_sam_imuPreintegration.dir/build.make:76: CMakeFiles/lio_sam_imuPreintegration.dir/src/imuPreintegration.cpp.o] Error 1
[1.354s] gmake[1]: *** [CMakeFiles/Makefile2:690: CMakeFiles/lio_sam_imuPreintegration.dir/all] Error 2
[1.354s] gmake: *** [Makefile:146: all] Error 2
[1.356s] Invoked command in '/home/yuanyan/LIO-SAM-ros2/build/lio_sam' returned '2': CMAKE_PREFIX_PATH=${CMAKE_PREFIX_PATH}:/opt/ros/jazzy DEBUGINFOD_URLS=https://debuginfod.ubuntu.com /usr/bin/cmake --build /home/yuanyan/LIO-SAM-ros2/build/lio_sam -- -j16 -l16
