[0.017s] Invoking command in '/home/yuanyan/Robot/build/local_planner': CMAKE_PREFIX_PATH=${CMAKE_PREFIX_PATH}:/opt/ros/jazzy DEBUGINFOD_URLS=https://debuginfod.ubuntu.com /usr/bin/cmake /home/yuanyan/Robot/src/autonomous_exploration_development_environment/src/local_planner -DAMENT_CMAKE_SYMLINK_INSTALL=1 -DCMAKE_INSTALL_PREFIX=/home/yuanyan/Robot/install/local_planner
[0.069s] -- The C compiler identification is GNU 13.3.0
[0.110s] -- The CXX compiler identification is GNU 13.3.0
[0.121s] -- Detecting C compiler ABI info
[0.180s] -- Detecting C compiler ABI info - done
[0.190s] -- Check for working C compiler: /usr/bin/cc - skipped
[0.190s] -- Detecting C compile features
[0.191s] -- Detecting C compile features - done
[0.197s] -- Detecting CXX compiler ABI info
[0.269s] -- Detecting CXX compiler ABI info - done
[0.276s] -- Check for working CXX compiler: /usr/bin/c++ - skipped
[0.276s] -- Detecting CXX compile features
[0.276s] -- Detecting CXX compile features - done
[0.278s] -- Found ament_cmake: 2.5.3 (/opt/ros/jazzy/share/ament_cmake/cmake)
[0.404s] -- Found Python3: /usr/bin/python3 (found version "3.12.3") found components: Interpreter 
[0.464s] -- Override CMake install command with custom implementation using symlinks instead of copying resources
[0.512s] -- Found rclcpp: 28.1.6 (/opt/ros/jazzy/share/rclcpp/cmake)
[0.566s] -- Found rosidl_generator_c: 4.6.5 (/opt/ros/jazzy/share/rosidl_generator_c/cmake)
[0.585s] -- Found rosidl_generator_cpp: 4.6.5 (/opt/ros/jazzy/share/rosidl_generator_cpp/cmake)
[0.606s] -- Using all available rosidl_typesupport_c: rosidl_typesupport_fastrtps_c;rosidl_typesupport_introspection_c
[0.629s] -- Using all available rosidl_typesupport_cpp: rosidl_typesupport_fastrtps_cpp;rosidl_typesupport_introspection_cpp
[0.732s] -- Found rmw_implementation_cmake: 7.3.1 (/opt/ros/jazzy/share/rmw_implementation_cmake/cmake)
[0.736s] -- Found rmw_fastrtps_cpp: 8.4.1 (/opt/ros/jazzy/share/rmw_fastrtps_cpp/cmake)
[0.822s] -- Found OpenSSL: /usr/lib/x86_64-linux-gnu/libcrypto.so (found version "3.0.13")  
[0.844s] -- Found FastRTPS: /opt/ros/jazzy/include (Required is at least version "2.13") 
[0.869s] -- Using RMW implementation 'rmw_fastrtps_cpp' as default
[0.957s] -- Found std_msgs: 5.3.5 (/opt/ros/jazzy/share/std_msgs/cmake)
[0.969s] -- Found nav_msgs: 5.3.5 (/opt/ros/jazzy/share/nav_msgs/cmake)
[1.026s] -- Found sensor_msgs: 5.3.5 (/opt/ros/jazzy/share/sensor_msgs/cmake)
[1.044s] -- Found tf2_ros: 0.36.8 (/opt/ros/jazzy/share/tf2_ros/cmake)
[1.144s] -- Found tf2_geometry_msgs: 0.36.8 (/opt/ros/jazzy/share/tf2_geometry_msgs/cmake)
[1.156s] -- Found eigen3_cmake_module: 0.3.0 (/opt/ros/jazzy/share/eigen3_cmake_module/cmake)
[1.157s] -- Found Eigen3: TRUE (found version "3.4.0") 
[1.157s] -- Ensuring Eigen3 include directory is part of orocos-kdl CMake target
[1.162s] -- Found pcl_conversions: 2.6.2 (/opt/ros/jazzy/share/pcl_conversions/cmake)
[1.212s] [33mCMake Warning (dev) at /usr/lib/x86_64-linux-gnu/cmake/pcl/Modules/FindFLANN.cmake:45 (find_package):
[1.212s]   Policy CMP0144 is not set: find_package uses upper-case <PACKAGENAME>_ROOT
[1.212s]   variables.  Run "cmake --help-policy CMP0144" for policy details.  Use the
[1.212s]   cmake_policy command to set the policy and suppress this warning.
[1.212s] 
[1.212s]   CMake variable FLANN_ROOT is set to:
[1.213s] 
[1.213s]     /usr
[1.213s] 
[1.213s]   For compatibility, find_package is ignoring the variable, but code in a
[1.213s]   .cmake module might still use it.
[1.213s] Call Stack (most recent call first):
[1.213s]   /usr/lib/x86_64-linux-gnu/cmake/pcl/PCLConfig.cmake:261 (find_package)
[1.213s]   /usr/lib/x86_64-linux-gnu/cmake/pcl/PCLConfig.cmake:306 (find_flann)
[1.213s]   /usr/lib/x86_64-linux-gnu/cmake/pcl/PCLConfig.cmake:570 (find_external_library)
[1.213s]   /opt/ros/jazzy/share/pcl_conversions/cmake/ament_cmake_export_dependencies-extras.cmake:21 (find_package)
[1.213s]   /opt/ros/jazzy/share/pcl_conversions/cmake/pcl_conversionsConfig.cmake:41 (include)
[1.214s]   CMakeLists.txt:28 (find_package)
[1.214s] This warning is for project developers.  Use -Wno-dev to suppress it.
[1.214s] [0m
[1.214s] -- Found flann version 1.9.2
[1.427s] -- Found OpenMP_CXX: -fopenmp (found version "4.5") 
[1.427s] -- Found OpenMP: TRUE (found version "4.5") found components: CXX 
[2.502s] -- Checking for module 'libusb-1.0'
[2.515s] --   Found libusb-1.0, version 1.0.27
[2.544s] -- Found libusb: /usr/lib/x86_64-linux-gnu/libusb-1.0.so  
[2.545s] -- OpenNI found (version: 1.5.4.0, include: /usr/include/ni, lib: /usr/lib/libOpenNI.so;libusb::libusb)
[2.591s] -- OpenNI2 found (version: 2.2.0.33, include: /usr/include/openni2, lib: /usr/lib/x86_64-linux-gnu/libOpenNI2.so;libusb::libusb)
[2.594s] -- Could NOT find Pcap (missing: PCAP_LIBRARIES PCAP_INCLUDE_DIRS) 
[2.605s] -- Found ZLIB: /usr/lib/x86_64-linux-gnu/libz.so (found version "1.3")  
[2.618s] -- Found PNG: /usr/lib/x86_64-linux-gnu/libpng.so (found version "1.6.43") 
[2.923s] -- OpenNI found (version: 1.5.4.0, include: /usr/include/ni, lib: /usr/lib/libOpenNI.so;libusb::libusb)
[2.929s] -- OpenNI2 found (version: 2.2.0.33, include: /usr/include/openni2, lib: /usr/lib/x86_64-linux-gnu/libOpenNI2.so;libusb::libusb)
[3.369s] -- Found Qhull version 8.0.2
[3.748s] -- OpenNI found (version: 1.5.4.0, include: /usr/include/ni, lib: /usr/lib/libOpenNI.so;libusb::libusb)
[4.057s] -- Found PCL_COMMON: /usr/lib/x86_64-linux-gnu/libpcl_common.so  
[4.057s] -- Found PCL_KDTREE: /usr/lib/x86_64-linux-gnu/libpcl_kdtree.so  
[4.058s] -- Found PCL_OCTREE: /usr/lib/x86_64-linux-gnu/libpcl_octree.so  
[4.059s] -- Found PCL_SEARCH: /usr/lib/x86_64-linux-gnu/libpcl_search.so  
[4.060s] -- Found PCL_SAMPLE_CONSENSUS: /usr/lib/x86_64-linux-gnu/libpcl_sample_consensus.so  
[4.060s] -- Found PCL_FILTERS: /usr/lib/x86_64-linux-gnu/libpcl_filters.so  
[4.061s] -- Found PCL_2D: /usr/include/pcl-1.14  
[4.061s] -- Found PCL_GEOMETRY: /usr/include/pcl-1.14  
[4.062s] -- Found PCL_IO: /usr/lib/x86_64-linux-gnu/libpcl_io.so  
[4.063s] -- Found PCL_FEATURES: /usr/lib/x86_64-linux-gnu/libpcl_features.so  
[4.063s] -- Found PCL_ML: /usr/lib/x86_64-linux-gnu/libpcl_ml.so  
[4.064s] -- Found PCL_SEGMENTATION: /usr/lib/x86_64-linux-gnu/libpcl_segmentation.so  
[4.065s] -- Found PCL_VISUALIZATION: /usr/lib/x86_64-linux-gnu/libpcl_visualization.so  
[4.066s] -- Found PCL_SURFACE: /usr/lib/x86_64-linux-gnu/libpcl_surface.so  
[4.067s] -- Found PCL_REGISTRATION: /usr/lib/x86_64-linux-gnu/libpcl_registration.so  
[4.068s] -- Found PCL_KEYPOINTS: /usr/lib/x86_64-linux-gnu/libpcl_keypoints.so  
[4.068s] -- Found PCL_TRACKING: /usr/lib/x86_64-linux-gnu/libpcl_tracking.so  
[4.069s] -- Found PCL_RECOGNITION: /usr/lib/x86_64-linux-gnu/libpcl_recognition.so  
[4.070s] -- Found PCL_STEREO: /usr/lib/x86_64-linux-gnu/libpcl_stereo.so  
[4.071s] -- Found PCL_APPS: /usr/lib/x86_64-linux-gnu/libpcl_apps.so  
[4.073s] -- Found PCL_IN_HAND_SCANNER: /usr/include/pcl-1.14  
[4.073s] -- Found PCL_MODELER: /usr/include/pcl-1.14  
[4.073s] -- Found PCL_POINT_CLOUD_EDITOR: /usr/include/pcl-1.14  
[4.075s] -- Found PCL_OUTOFCORE: /usr/lib/x86_64-linux-gnu/libpcl_outofcore.so  
[4.076s] -- Found PCL_PEOPLE: /usr/lib/x86_64-linux-gnu/libpcl_people.so  
[4.081s] -- Found pcl_ros: 2.6.2 (/opt/ros/jazzy/share/pcl_ros/cmake)
[4.116s] -- Found ament_lint_auto: 0.17.1 (/opt/ros/jazzy/share/ament_lint_auto/cmake)
[4.208s] -- Added test 'copyright' to check source files copyright and LICENSE
[4.209s] -- Added test 'cppcheck' to perform static code analysis on C / C++ code
[4.209s] -- Configured cppcheck include dirs: 
[4.209s] -- Configured cppcheck exclude dirs and/or files: 
[4.210s] -- Added test 'cpplint' to check C / C++ code against the Google style
[4.210s] -- Configured cpplint exclude dirs and/or files: 
[4.211s] -- Added test 'lint_cmake' to check CMake code style
[4.211s] -- Added test 'uncrustify' to check C / C++ code style
[4.211s] -- Configured uncrustify additional arguments: 
[4.212s] -- Added test 'xmllint' to check XML markup files
[4.213s] -- Configuring done (4.2s)
[4.273s] -- Generating done (0.0s)
[4.281s] -- Build files have been written to: /home/yuanyan/Robot/build/local_planner
[4.299s] Invoked command in '/home/yuanyan/Robot/build/local_planner' returned '0': CMAKE_PREFIX_PATH=${CMAKE_PREFIX_PATH}:/opt/ros/jazzy DEBUGINFOD_URLS=https://debuginfod.ubuntu.com /usr/bin/cmake /home/yuanyan/Robot/src/autonomous_exploration_development_environment/src/local_planner -DAMENT_CMAKE_SYMLINK_INSTALL=1 -DCMAKE_INSTALL_PREFIX=/home/yuanyan/Robot/install/local_planner
[4.300s] Invoking command in '/home/yuanyan/Robot/build/local_planner': CMAKE_PREFIX_PATH=${CMAKE_PREFIX_PATH}:/opt/ros/jazzy DEBUGINFOD_URLS=https://debuginfod.ubuntu.com /usr/bin/cmake --build /home/yuanyan/Robot/build/local_planner -- -j16 -l16
[4.352s] [ 25%] [32mBuilding CXX object CMakeFiles/localPlanner.dir/src/localPlanner.cpp.o[0m
[4.357s] [ 50%] [32mBuilding CXX object CMakeFiles/pathFollower.dir/src/pathFollower.cpp.o[0m
[21.803s] [ 75%] [32m[1mLinking CXX executable pathFollower[0m
[22.747s] [ 75%] Built target pathFollower
[23.076s] [100%] [32m[1mLinking CXX executable localPlanner[0m
[24.653s] [100%] Built target localPlanner
[24.661s] Invoked command in '/home/yuanyan/Robot/build/local_planner' returned '0': CMAKE_PREFIX_PATH=${CMAKE_PREFIX_PATH}:/opt/ros/jazzy DEBUGINFOD_URLS=https://debuginfod.ubuntu.com /usr/bin/cmake --build /home/yuanyan/Robot/build/local_planner -- -j16 -l16
[24.662s] Invoking command in '/home/yuanyan/Robot/build/local_planner': CMAKE_PREFIX_PATH=${CMAKE_PREFIX_PATH}:/opt/ros/jazzy DEBUGINFOD_URLS=https://debuginfod.ubuntu.com /usr/bin/cmake --install /home/yuanyan/Robot/build/local_planner
[24.669s] -- Install configuration: ""
[24.670s] -- Execute custom install script
[24.670s] -- Symlinking: /home/yuanyan/Robot/install/local_planner/lib/local_planner/localPlanner
[24.677s] -- Symlinking: /home/yuanyan/Robot/install/local_planner/lib/local_planner/pathFollower
[24.684s] -- Symlinking: /home/yuanyan/Robot/install/local_planner/share/local_planner/launch/local_planner.launch
[24.691s] -- Symlinking: /home/yuanyan/Robot/install/local_planner/share/local_planner/paths/correspondences.txt
[24.698s] -- Symlinking: /home/yuanyan/Robot/install/local_planner/share/local_planner/paths/pathList.ply
[24.706s] -- Symlinking: /home/yuanyan/Robot/install/local_planner/share/local_planner/paths/path_generator.m
[24.714s] -- Symlinking: /home/yuanyan/Robot/install/local_planner/share/local_planner/paths/paths.ply
[24.720s] -- Symlinking: /home/yuanyan/Robot/install/local_planner/share/local_planner/paths/startPaths.ply
[24.726s] -- Symlinking: /home/yuanyan/Robot/install/local_planner/share/ament_index/resource_index/package_run_dependencies/local_planner
[24.732s] -- Symlinking: /home/yuanyan/Robot/install/local_planner/share/ament_index/resource_index/parent_prefix_path/local_planner
[24.741s] -- Symlinking: /home/yuanyan/Robot/install/local_planner/share/local_planner/environment/ament_prefix_path.sh
[24.747s] -- Symlinking: /home/yuanyan/Robot/install/local_planner/share/local_planner/environment/ament_prefix_path.dsv
[24.756s] -- Symlinking: /home/yuanyan/Robot/install/local_planner/share/local_planner/environment/path.sh
[24.762s] -- Symlinking: /home/yuanyan/Robot/install/local_planner/share/local_planner/environment/path.dsv
[24.768s] -- Symlinking: /home/yuanyan/Robot/install/local_planner/share/local_planner/local_setup.bash
[24.773s] -- Symlinking: /home/yuanyan/Robot/install/local_planner/share/local_planner/local_setup.sh
[24.780s] -- Symlinking: /home/yuanyan/Robot/install/local_planner/share/local_planner/local_setup.zsh
[24.787s] -- Symlinking: /home/yuanyan/Robot/install/local_planner/share/local_planner/local_setup.dsv
[24.795s] -- Symlinking: /home/yuanyan/Robot/install/local_planner/share/local_planner/package.dsv
[24.800s] -- Symlinking: /home/yuanyan/Robot/install/local_planner/share/ament_index/resource_index/packages/local_planner
[24.808s] -- Symlinking: /home/yuanyan/Robot/install/local_planner/share/local_planner/cmake/local_plannerConfig.cmake
[24.814s] -- Symlinking: /home/yuanyan/Robot/install/local_planner/share/local_planner/cmake/local_plannerConfig-version.cmake
[24.821s] -- Symlinking: /home/yuanyan/Robot/install/local_planner/share/local_planner/package.xml
[24.830s] Invoked command in '/home/yuanyan/Robot/build/local_planner' returned '0': CMAKE_PREFIX_PATH=${CMAKE_PREFIX_PATH}:/opt/ros/jazzy DEBUGINFOD_URLS=https://debuginfod.ubuntu.com /usr/bin/cmake --install /home/yuanyan/Robot/build/local_planner
