[0.013s] Invoking command in '/home/yuanyan/Robot/build/visualization_tools': CMAKE_PREFIX_PATH=${CMAKE_PREFIX_PATH}:/opt/ros/jazzy DEBUGINFOD_URLS=https://debuginfod.ubuntu.com /usr/bin/cmake /home/yuanyan/Robot/src/autonomous_exploration_development_environment/src/visualization_tools -DAMENT_CMAKE_SYMLINK_INSTALL=1 -DCMAKE_INSTALL_PREFIX=/home/yuanyan/Robot/install/visualization_tools
[0.050s] -- The C compiler identification is GNU 13.3.0
[0.103s] -- The CXX compiler identification is GNU 13.3.0
[0.114s] -- Detecting C compiler ABI info
[0.168s] -- Detecting C compiler ABI info - done
[0.175s] -- Check for working C compiler: /usr/bin/cc - skipped
[0.175s] -- Detecting C compile features
[0.176s] -- Detecting C compile features - done
[0.181s] -- Detecting CXX compiler ABI info
[0.247s] -- Detecting CXX compiler ABI info - done
[0.259s] -- Check for working CXX compiler: /usr/bin/c++ - skipped
[0.259s] -- Detecting CXX compile features
[0.260s] -- Detecting CXX compile features - done
[0.264s] -- Found ament_cmake: 2.5.3 (/opt/ros/jazzy/share/ament_cmake/cmake)
[0.412s] -- Found Python3: /usr/bin/python3 (found version "3.12.3") found components: Interpreter 
[0.466s] -- Override CMake install command with custom implementation using symlinks instead of copying resources
[0.493s] -- Found rclcpp: 28.1.6 (/opt/ros/jazzy/share/rclcpp/cmake)
[0.525s] -- Found rosidl_generator_c: 4.6.5 (/opt/ros/jazzy/share/rosidl_generator_c/cmake)
[0.536s] -- Found rosidl_generator_cpp: 4.6.5 (/opt/ros/jazzy/share/rosidl_generator_cpp/cmake)
[0.548s] -- Using all available rosidl_typesupport_c: rosidl_typesupport_fastrtps_c;rosidl_typesupport_introspection_c
[0.561s] -- Using all available rosidl_typesupport_cpp: rosidl_typesupport_fastrtps_cpp;rosidl_typesupport_introspection_cpp
[0.618s] -- Found rmw_implementation_cmake: 7.3.1 (/opt/ros/jazzy/share/rmw_implementation_cmake/cmake)
[0.621s] -- Found rmw_fastrtps_cpp: 8.4.1 (/opt/ros/jazzy/share/rmw_fastrtps_cpp/cmake)
[0.677s] -- Found OpenSSL: /usr/lib/x86_64-linux-gnu/libcrypto.so (found version "3.0.13")  
[0.699s] -- Found FastRTPS: /opt/ros/jazzy/include (Required is at least version "2.13") 
[0.724s] -- Using RMW implementation 'rmw_fastrtps_cpp' as default
[0.825s] -- Found rclpy: 7.1.3 (/opt/ros/jazzy/share/rclpy/cmake)
[0.828s] -- Found std_msgs: 5.3.5 (/opt/ros/jazzy/share/std_msgs/cmake)
[0.847s] -- Found nav_msgs: 5.3.5 (/opt/ros/jazzy/share/nav_msgs/cmake)
[0.907s] -- Found sensor_msgs: 5.3.5 (/opt/ros/jazzy/share/sensor_msgs/cmake)
[0.942s] -- Found tf2_ros: 0.36.8 (/opt/ros/jazzy/share/tf2_ros/cmake)
[1.129s] -- Found tf2_geometry_msgs: 0.36.8 (/opt/ros/jazzy/share/tf2_geometry_msgs/cmake)
[1.150s] -- Found eigen3_cmake_module: 0.3.0 (/opt/ros/jazzy/share/eigen3_cmake_module/cmake)
[1.152s] -- Found Eigen3: TRUE (found version "3.4.0") 
[1.152s] -- Ensuring Eigen3 include directory is part of orocos-kdl CMake target
[1.158s] -- Found pcl_conversions: 2.6.2 (/opt/ros/jazzy/share/pcl_conversions/cmake)
[1.232s] [33mCMake Warning (dev) at /usr/lib/x86_64-linux-gnu/cmake/pcl/Modules/FindFLANN.cmake:45 (find_package):
[1.232s]   Policy CMP0144 is not set: find_package uses upper-case <PACKAGENAME>_ROOT
[1.233s]   variables.  Run "cmake --help-policy CMP0144" for policy details.  Use the
[1.233s]   cmake_policy command to set the policy and suppress this warning.
[1.233s] 
[1.233s]   CMake variable FLANN_ROOT is set to:
[1.233s] 
[1.233s]     /usr
[1.233s] 
[1.233s]   For compatibility, find_package is ignoring the variable, but code in a
[1.233s]   .cmake module might still use it.
[1.233s] Call Stack (most recent call first):
[1.233s]   /usr/lib/x86_64-linux-gnu/cmake/pcl/PCLConfig.cmake:261 (find_package)
[1.233s]   /usr/lib/x86_64-linux-gnu/cmake/pcl/PCLConfig.cmake:306 (find_flann)
[1.234s]   /usr/lib/x86_64-linux-gnu/cmake/pcl/PCLConfig.cmake:570 (find_external_library)
[1.234s]   /opt/ros/jazzy/share/pcl_conversions/cmake/ament_cmake_export_dependencies-extras.cmake:21 (find_package)
[1.234s]   /opt/ros/jazzy/share/pcl_conversions/cmake/pcl_conversionsConfig.cmake:41 (include)
[1.234s]   CMakeLists.txt:30 (find_package)
[1.234s] This warning is for project developers.  Use -Wno-dev to suppress it.
[1.234s] [0m
[1.234s] -- Found flann version 1.9.2
[1.444s] -- Found OpenMP_CXX: -fopenmp (found version "4.5") 
[1.445s] -- Found OpenMP: TRUE (found version "4.5") found components: CXX 
[2.399s] -- Checking for module 'libusb-1.0'
[2.411s] --   Found libusb-1.0, version 1.0.27
[2.441s] -- Found libusb: /usr/lib/x86_64-linux-gnu/libusb-1.0.so  
[2.442s] -- OpenNI found (version: 1.5.4.0, include: /usr/include/ni, lib: /usr/lib/libOpenNI.so;libusb::libusb)
[2.487s] -- OpenNI2 found (version: 2.2.0.33, include: /usr/include/openni2, lib: /usr/lib/x86_64-linux-gnu/libOpenNI2.so;libusb::libusb)
[2.489s] -- Could NOT find Pcap (missing: PCAP_LIBRARIES PCAP_INCLUDE_DIRS) 
[2.502s] -- Found ZLIB: /usr/lib/x86_64-linux-gnu/libz.so (found version "1.3")  
[2.527s] -- Found PNG: /usr/lib/x86_64-linux-gnu/libpng.so (found version "1.6.43") 
[2.929s] -- OpenNI found (version: 1.5.4.0, include: /usr/include/ni, lib: /usr/lib/libOpenNI.so;libusb::libusb)
[2.936s] -- OpenNI2 found (version: 2.2.0.33, include: /usr/include/openni2, lib: /usr/lib/x86_64-linux-gnu/libOpenNI2.so;libusb::libusb)
[3.400s] -- Found Qhull version 8.0.2
[3.789s] -- OpenNI found (version: 1.5.4.0, include: /usr/include/ni, lib: /usr/lib/libOpenNI.so;libusb::libusb)
[4.137s] -- Found PCL_COMMON: /usr/lib/x86_64-linux-gnu/libpcl_common.so  
[4.138s] -- Found PCL_KDTREE: /usr/lib/x86_64-linux-gnu/libpcl_kdtree.so  
[4.142s] -- Found PCL_OCTREE: /usr/lib/x86_64-linux-gnu/libpcl_octree.so  
[4.142s] -- Found PCL_SEARCH: /usr/lib/x86_64-linux-gnu/libpcl_search.so  
[4.143s] -- Found PCL_SAMPLE_CONSENSUS: /usr/lib/x86_64-linux-gnu/libpcl_sample_consensus.so  
[4.145s] -- Found PCL_FILTERS: /usr/lib/x86_64-linux-gnu/libpcl_filters.so  
[4.145s] -- Found PCL_2D: /usr/include/pcl-1.14  
[4.146s] -- Found PCL_GEOMETRY: /usr/include/pcl-1.14  
[4.147s] -- Found PCL_IO: /usr/lib/x86_64-linux-gnu/libpcl_io.so  
[4.149s] -- Found PCL_FEATURES: /usr/lib/x86_64-linux-gnu/libpcl_features.so  
[4.150s] -- Found PCL_ML: /usr/lib/x86_64-linux-gnu/libpcl_ml.so  
[4.152s] -- Found PCL_SEGMENTATION: /usr/lib/x86_64-linux-gnu/libpcl_segmentation.so  
[4.154s] -- Found PCL_VISUALIZATION: /usr/lib/x86_64-linux-gnu/libpcl_visualization.so  
[4.155s] -- Found PCL_SURFACE: /usr/lib/x86_64-linux-gnu/libpcl_surface.so  
[4.157s] -- Found PCL_REGISTRATION: /usr/lib/x86_64-linux-gnu/libpcl_registration.so  
[4.158s] -- Found PCL_KEYPOINTS: /usr/lib/x86_64-linux-gnu/libpcl_keypoints.so  
[4.160s] -- Found PCL_TRACKING: /usr/lib/x86_64-linux-gnu/libpcl_tracking.so  
[4.162s] -- Found PCL_RECOGNITION: /usr/lib/x86_64-linux-gnu/libpcl_recognition.so  
[4.163s] -- Found PCL_STEREO: /usr/lib/x86_64-linux-gnu/libpcl_stereo.so  
[4.165s] -- Found PCL_APPS: /usr/lib/x86_64-linux-gnu/libpcl_apps.so  
[4.166s] -- Found PCL_IN_HAND_SCANNER: /usr/include/pcl-1.14  
[4.166s] -- Found PCL_MODELER: /usr/include/pcl-1.14  
[4.167s] -- Found PCL_POINT_CLOUD_EDITOR: /usr/include/pcl-1.14  
[4.169s] -- Found PCL_OUTOFCORE: /usr/lib/x86_64-linux-gnu/libpcl_outofcore.so  
[4.170s] -- Found PCL_PEOPLE: /usr/lib/x86_64-linux-gnu/libpcl_people.so  
[4.176s] -- Found pcl_ros: 2.6.2 (/opt/ros/jazzy/share/pcl_ros/cmake)
[4.335s] -- Found ament_lint_auto: 0.17.1 (/opt/ros/jazzy/share/ament_lint_auto/cmake)
[4.468s] -- Added test 'copyright' to check source files copyright and LICENSE
[4.470s] -- Added test 'cppcheck' to perform static code analysis on C / C++ code
[4.470s] -- Configured cppcheck include dirs: 
[4.470s] -- Configured cppcheck exclude dirs and/or files: 
[4.472s] -- Added test 'cpplint' to check C / C++ code against the Google style
[4.472s] -- Configured cpplint exclude dirs and/or files: 
[4.473s] -- Added test 'flake8' to check Python code syntax and style conventions
[4.473s] -- Configured 'flake8' exclude dirs and/or files: 
[4.474s] -- Added test 'lint_cmake' to check CMake code style
[4.474s] -- Added test 'pep257' to check Python code against some of the docstring style conventions in PEP 257
[4.476s] -- Added test 'uncrustify' to check C / C++ code style
[4.476s] -- Configured uncrustify additional arguments: 
[4.476s] -- Added test 'xmllint' to check XML markup files
[4.479s] -- Configuring done (4.5s)
[4.539s] -- Generating done (0.0s)
[4.548s] -- Build files have been written to: /home/yuanyan/Robot/build/visualization_tools
[4.575s] Invoked command in '/home/yuanyan/Robot/build/visualization_tools' returned '0': CMAKE_PREFIX_PATH=${CMAKE_PREFIX_PATH}:/opt/ros/jazzy DEBUGINFOD_URLS=https://debuginfod.ubuntu.com /usr/bin/cmake /home/yuanyan/Robot/src/autonomous_exploration_development_environment/src/visualization_tools -DAMENT_CMAKE_SYMLINK_INSTALL=1 -DCMAKE_INSTALL_PREFIX=/home/yuanyan/Robot/install/visualization_tools
[4.577s] Invoking command in '/home/yuanyan/Robot/build/visualization_tools': CMAKE_PREFIX_PATH=${CMAKE_PREFIX_PATH}:/opt/ros/jazzy DEBUGINFOD_URLS=https://debuginfod.ubuntu.com /usr/bin/cmake --build /home/yuanyan/Robot/build/visualization_tools -- -j16 -l16
[4.634s] [ 50%] [32mBuilding CXX object CMakeFiles/visualizationTools.dir/src/visualizationTools.cpp.o[0m
[4.643s] [ 50%] Built target ament_cmake_python_symlink_visualization_tools
[4.866s] running egg_info
[4.867s] creating visualization_tools.egg-info
[4.885s] writing visualization_tools.egg-info/PKG-INFO
[4.885s] writing dependency_links to visualization_tools.egg-info/dependency_links.txt
[4.885s] writing top-level names to visualization_tools.egg-info/top_level.txt
[4.885s] writing manifest file 'visualization_tools.egg-info/SOURCES.txt'
[4.939s] reading manifest file 'visualization_tools.egg-info/SOURCES.txt'
[4.939s] writing manifest file 'visualization_tools.egg-info/SOURCES.txt'
[4.973s] [ 50%] Built target ament_cmake_python_build_visualization_tools_egg
[22.161s] [100%] [32m[1mLinking CXX executable visualizationTools[0m
[23.342s] [100%] Built target visualizationTools
[23.354s] Invoked command in '/home/yuanyan/Robot/build/visualization_tools' returned '0': CMAKE_PREFIX_PATH=${CMAKE_PREFIX_PATH}:/opt/ros/jazzy DEBUGINFOD_URLS=https://debuginfod.ubuntu.com /usr/bin/cmake --build /home/yuanyan/Robot/build/visualization_tools -- -j16 -l16
[23.355s] Invoking command in '/home/yuanyan/Robot/build/visualization_tools': CMAKE_PREFIX_PATH=${CMAKE_PREFIX_PATH}:/opt/ros/jazzy DEBUGINFOD_URLS=https://debuginfod.ubuntu.com /usr/bin/cmake --install /home/yuanyan/Robot/build/visualization_tools
[23.361s] -- Install configuration: ""
[23.361s] -- Execute custom install script
[23.362s] -- Symlinking: /home/yuanyan/Robot/install/visualization_tools/lib/visualization_tools/visualizationTools
[23.371s] -- Symlinking: /home/yuanyan/Robot/install/visualization_tools/share/visualization_tools/launch/visualization_tools.launch
[23.378s] -- Symlinking: /home/yuanyan/Robot/install/visualization_tools/share/visualization_tools/environment/pythonpath.sh
[23.388s] -- Symlinking: /home/yuanyan/Robot/install/visualization_tools/share/visualization_tools/environment/pythonpath.dsv
[23.395s] -- Symlinking: /home/yuanyan/Robot/install/visualization_tools/lib/python3.12/site-packages/visualization_tools-0.0.1-py3.12.egg-info/PKG-INFO
[23.403s] -- Symlinking: /home/yuanyan/Robot/install/visualization_tools/lib/python3.12/site-packages/visualization_tools-0.0.1-py3.12.egg-info/SOURCES.txt
[23.411s] -- Symlinking: /home/yuanyan/Robot/install/visualization_tools/lib/python3.12/site-packages/visualization_tools-0.0.1-py3.12.egg-info/dependency_links.txt
[23.419s] -- Symlinking: /home/yuanyan/Robot/install/visualization_tools/lib/python3.12/site-packages/visualization_tools-0.0.1-py3.12.egg-info/top_level.txt
[23.426s] -- Symlinking: /home/yuanyan/Robot/install/visualization_tools/lib/python3.12/site-packages/visualization_tools/__init__.py
[23.435s] -- Symlinking: /home/yuanyan/Robot/install/visualization_tools/lib/visualization_tools/realTimePlot.py
[23.442s] -- Symlinking: /home/yuanyan/Robot/install/visualization_tools/share/ament_index/resource_index/package_run_dependencies/visualization_tools
[23.450s] -- Symlinking: /home/yuanyan/Robot/install/visualization_tools/share/ament_index/resource_index/parent_prefix_path/visualization_tools
[23.458s] -- Symlinking: /home/yuanyan/Robot/install/visualization_tools/share/visualization_tools/environment/ament_prefix_path.sh
[23.465s] -- Symlinking: /home/yuanyan/Robot/install/visualization_tools/share/visualization_tools/environment/ament_prefix_path.dsv
[23.472s] -- Symlinking: /home/yuanyan/Robot/install/visualization_tools/share/visualization_tools/environment/path.sh
[23.482s] -- Symlinking: /home/yuanyan/Robot/install/visualization_tools/share/visualization_tools/environment/path.dsv
[23.490s] -- Symlinking: /home/yuanyan/Robot/install/visualization_tools/share/visualization_tools/local_setup.bash
[23.498s] -- Symlinking: /home/yuanyan/Robot/install/visualization_tools/share/visualization_tools/local_setup.sh
[23.505s] -- Symlinking: /home/yuanyan/Robot/install/visualization_tools/share/visualization_tools/local_setup.zsh
[23.512s] -- Symlinking: /home/yuanyan/Robot/install/visualization_tools/share/visualization_tools/local_setup.dsv
[23.522s] -- Symlinking: /home/yuanyan/Robot/install/visualization_tools/share/visualization_tools/package.dsv
[23.531s] -- Symlinking: /home/yuanyan/Robot/install/visualization_tools/share/ament_index/resource_index/packages/visualization_tools
[23.539s] -- Symlinking: /home/yuanyan/Robot/install/visualization_tools/share/visualization_tools/cmake/visualization_toolsConfig.cmake
[23.548s] -- Symlinking: /home/yuanyan/Robot/install/visualization_tools/share/visualization_tools/cmake/visualization_toolsConfig-version.cmake
[23.555s] -- Symlinking: /home/yuanyan/Robot/install/visualization_tools/share/visualization_tools/package.xml
[23.587s] Listing '/home/yuanyan/Robot/install/visualization_tools/lib/python3.12/site-packages/visualization_tools'...
[23.587s] Compiling '/home/yuanyan/Robot/install/visualization_tools/lib/python3.12/site-packages/visualization_tools/__init__.py'...
[23.592s] Invoked command in '/home/yuanyan/Robot/build/visualization_tools' returned '0': CMAKE_PREFIX_PATH=${CMAKE_PREFIX_PATH}:/opt/ros/jazzy DEBUGINFOD_URLS=https://debuginfod.ubuntu.com /usr/bin/cmake --install /home/yuanyan/Robot/build/visualization_tools
