[0.006s] Invoking command in '/home/yuanyan/LIO-SAM-ros2/build/lio_sam': CMAKE_PREFIX_PATH=${CMAKE_PREFIX_PATH}:/opt/ros/jazzy DEBUGINFOD_URLS=https://debuginfod.ubuntu.com /usr/bin/cmake /home/yuanyan/LIO-SAM-ros2 -DAMENT_CMAKE_SYMLINK_INSTALL=1 -DCMAKE_INSTALL_PREFIX=/home/yuanyan/LIO-SAM-ros2/install/lio_sam
[0.042s] -- The C compiler identification is GNU 13.3.0
[0.080s] -- The CXX compiler identification is GNU 13.3.0
[0.092s] -- Detecting C compiler ABI info
[0.154s] -- Detecting C compiler ABI info - done
[0.159s] -- Check for working C compiler: /usr/bin/cc - skipped
[0.160s] -- Detecting C compile features
[0.160s] -- Detecting C compile features - done
[0.167s] -- Detecting CXX compiler ABI info
[0.233s] -- Detecting CXX compiler ABI info - done
[0.239s] -- Check for working CXX compiler: /usr/bin/c++ - skipped
[0.240s] -- Detecting CXX compile features
[0.240s] -- Detecting CXX compile features - done
[0.242s] -- Found ament_cmake: 2.5.3 (/opt/ros/jazzy/share/ament_cmake/cmake)
[0.343s] -- Found Python3: /usr/bin/python3 (found version "3.12.3") found components: Interpreter 
[0.386s] -- Override CMake install command with custom implementation using symlinks instead of copying resources
[0.412s] -- Found rosidl_default_generators: 1.6.0 (/opt/ros/jazzy/share/rosidl_default_generators/cmake)
[0.416s] -- Using all available rosidl_typesupport_c: rosidl_typesupport_fastrtps_c;rosidl_typesupport_introspection_c
[0.451s] -- Using all available rosidl_typesupport_cpp: rosidl_typesupport_fastrtps_cpp;rosidl_typesupport_introspection_cpp
[0.479s] -- Found rosidl_adapter: 4.6.5 (/opt/ros/jazzy/share/rosidl_adapter/cmake)
[0.482s] -- Found rclcpp: 28.1.6 (/opt/ros/jazzy/share/rclcpp/cmake)
[0.535s] -- Found rmw_implementation_cmake: 7.3.1 (/opt/ros/jazzy/share/rmw_implementation_cmake/cmake)
[0.537s] -- Found rmw_fastrtps_cpp: 8.4.1 (/opt/ros/jazzy/share/rmw_fastrtps_cpp/cmake)
[0.599s] -- Found OpenSSL: /usr/lib/x86_64-linux-gnu/libcrypto.so (found version "3.0.13")  
[0.613s] -- Found FastRTPS: /opt/ros/jazzy/include (Required is at least version "2.13") 
[0.631s] -- Using RMW implementation 'rmw_fastrtps_cpp' as default
[0.680s] -- Found rclpy: 7.1.3 (/opt/ros/jazzy/share/rclpy/cmake)
[0.682s] -- Found cv_bridge: 4.1.0 (/opt/ros/jazzy/share/cv_bridge/cmake)
[0.729s] -- Found nav_msgs: 5.3.5 (/opt/ros/jazzy/share/nav_msgs/cmake)
[0.747s] -- Found visualization_msgs: 5.3.5 (/opt/ros/jazzy/share/visualization_msgs/cmake)
[0.765s] -- Found pcl_msgs: 1.0.0 (/opt/ros/jazzy/share/pcl_msgs/cmake)
[0.781s] -- Found tf2: 0.36.8 (/opt/ros/jazzy/share/tf2/cmake)
[0.784s] -- Found tf2_geometry_msgs: 0.36.8 (/opt/ros/jazzy/share/tf2_geometry_msgs/cmake)
[0.795s] -- Found eigen3_cmake_module: 0.3.0 (/opt/ros/jazzy/share/eigen3_cmake_module/cmake)
[0.795s] -- Found Eigen3: TRUE (found version "3.4.0") 
[0.796s] -- Ensuring Eigen3 include directory is part of orocos-kdl CMake target
[0.880s] -- Found tf2_sensor_msgs: 0.36.8 (/opt/ros/jazzy/share/tf2_sensor_msgs/cmake)
[0.884s] -- Found tf2_eigen: 0.36.8 (/opt/ros/jazzy/share/tf2_eigen/cmake)
[0.888s] -- Found OpenCV: /usr (found version "4.6.0") 
[0.911s] -- Found Boost: /usr/lib/x86_64-linux-gnu/cmake/Boost-1.83.0/BoostConfig.cmake (found suitable version "1.83.0", minimum required is "1.65.0") found components: system filesystem iostreams serialization 
[0.911s] [33mCMake Warning (dev) at /usr/lib/x86_64-linux-gnu/cmake/pcl/Modules/FindFLANN.cmake:45 (find_package):
[0.911s]   Policy CMP0144 is not set: find_package uses upper-case <PACKAGENAME>_ROOT
[0.912s]   variables.  Run "cmake --help-policy CMP0144" for policy details.  Use the
[0.912s]   cmake_policy command to set the policy and suppress this warning.
[0.912s] 
[0.912s]   CMake variable FLANN_ROOT is set to:
[0.912s] 
[0.912s]     /usr
[0.912s] 
[0.912s]   For compatibility, find_package is ignoring the variable, but code in a
[0.912s]   .cmake module might still use it.
[0.912s] Call Stack (most recent call first):
[0.912s]   /usr/lib/x86_64-linux-gnu/cmake/pcl/PCLConfig.cmake:261 (find_package)
[0.912s]   /usr/lib/x86_64-linux-gnu/cmake/pcl/PCLConfig.cmake:306 (find_flann)
[0.912s]   /usr/lib/x86_64-linux-gnu/cmake/pcl/PCLConfig.cmake:570 (find_external_library)
[0.912s]   CMakeLists.txt:27 (find_package)
[0.912s] This warning is for project developers.  Use -Wno-dev to suppress it.
[0.912s] [0m
[0.912s] -- Found flann version 1.9.2
[1.115s] -- Found OpenMP_CXX: -fopenmp (found version "4.5") 
[1.115s] -- Found OpenMP: TRUE (found version "4.5") found components: CXX 
[1.140s] -- Performing Test CMAKE_HAVE_LIBC_PTHREAD
[1.199s] -- Performing Test CMAKE_HAVE_LIBC_PTHREAD - Success
[1.200s] -- Found Threads: TRUE  
[1.202s] -- Found GLEW: /usr/lib/x86_64-linux-gnu/libGLEW.so  
[1.207s] -- Found OpenGL: /usr/lib/x86_64-linux-gnu/libOpenGL.so  found components: OpenGL GLX 
[1.322s] -- Found MPI_C: /usr/lib/x86_64-linux-gnu/libmpi.so (found version "3.1") 
[1.322s] -- Found MPI: TRUE (found version "3.1") found components: C 
[1.324s] -- Found JsonCpp: /usr/lib/x86_64-linux-gnu/libjsoncpp.so (found suitable version "1.9.5", minimum required is "0.7.0") 
[1.333s] -- Found ZLIB: /usr/lib/x86_64-linux-gnu/libz.so (found version "1.3")  
[1.348s] -- Found PNG: /usr/lib/x86_64-linux-gnu/libpng.so (found version "1.6.43") 
[1.356s] -- Found Eigen3: /usr/include/eigen3 (found version "3.4.0") 
[1.455s] -- Found X11: /usr/include   
[1.455s] -- Looking for XOpenDisplay in /usr/lib/x86_64-linux-gnu/libX11.so;/usr/lib/x86_64-linux-gnu/libXext.so
[1.519s] -- Looking for XOpenDisplay in /usr/lib/x86_64-linux-gnu/libX11.so;/usr/lib/x86_64-linux-gnu/libXext.so - found
[1.519s] -- Looking for gethostbyname
[1.575s] -- Looking for gethostbyname - found
[1.575s] -- Looking for connect
[1.635s] -- Looking for connect - found
[1.635s] -- Looking for remove
[1.693s] -- Looking for remove - found
[1.693s] -- Looking for shmat
[1.753s] -- Looking for shmat - found
[1.753s] -- Looking for IceConnectionNumber in ICE
[1.814s] -- Looking for IceConnectionNumber in ICE - found
[1.907s] -- Found EXPAT: /usr/lib/x86_64-linux-gnu/libexpat.so (found version "2.6.1") 
[1.908s] -- Found double-conversion: /usr/lib/x86_64-linux-gnu/libdouble-conversion.so  
[1.910s] -- Found LZ4: /usr/lib/x86_64-linux-gnu/liblz4.so (found version "1.9.4") 
[1.911s] -- Found LZMA: /usr/lib/x86_64-linux-gnu/liblzma.so (found version "5.4.5") 
[1.920s] -- Found JPEG: /usr/lib/x86_64-linux-gnu/libjpeg.so (found version "80") 
[1.931s] -- Found TIFF: /usr/lib/x86_64-linux-gnu/libtiff.so (found version "4.5.1")  
[1.935s] -- Found Freetype: /usr/lib/x86_64-linux-gnu/libfreetype.so (found version "2.13.2") 
[1.938s] -- Found utf8cpp: /usr/include/utf8cpp  
[2.005s] -- Checking for module 'libusb-1.0'
[2.018s] --   Found libusb-1.0, version 1.0.27
[2.047s] -- Found libusb: /usr/lib/x86_64-linux-gnu/libusb-1.0.so  
[2.048s] -- Found OpenNI: /usr/lib/libOpenNI.so;libusb::libusb (found version "1.5.4.0") 
[2.048s] -- OpenNI found (version: 1.5.4.0, include: /usr/include/ni, lib: /usr/lib/libOpenNI.so;libusb::libusb)
[2.090s] -- Found OpenNI2: /usr/lib/x86_64-linux-gnu/libOpenNI2.so;libusb::libusb (found version "2.2.0.33") 
[2.090s] -- OpenNI2 found (version: 2.2.0.33, include: /usr/include/openni2, lib: /usr/lib/x86_64-linux-gnu/libOpenNI2.so;libusb::libusb)
[2.092s] -- Could NOT find Pcap (missing: PCAP_LIBRARIES PCAP_INCLUDE_DIRS) 
[2.092s] [0m** WARNING ** io features related to pcap will be disabled[0m
[2.384s] -- OpenNI found (version: 1.5.4.0, include: /usr/include/ni, lib: /usr/lib/libOpenNI.so;libusb::libusb)
[2.388s] -- OpenNI2 found (version: 2.2.0.33, include: /usr/include/openni2, lib: /usr/lib/x86_64-linux-gnu/libOpenNI2.so;libusb::libusb)
[2.656s] -- Found Qhull version 8.0.2
[2.932s] -- OpenNI found (version: 1.5.4.0, include: /usr/include/ni, lib: /usr/lib/libOpenNI.so;libusb::libusb)
[3.194s] -- looking for PCL_COMMON
[3.195s] -- Found PCL_COMMON: /usr/lib/x86_64-linux-gnu/libpcl_common.so  
[3.195s] -- looking for PCL_KDTREE
[3.196s] -- Found PCL_KDTREE: /usr/lib/x86_64-linux-gnu/libpcl_kdtree.so  
[3.196s] -- looking for PCL_OCTREE
[3.197s] -- Found PCL_OCTREE: /usr/lib/x86_64-linux-gnu/libpcl_octree.so  
[3.197s] -- looking for PCL_SEARCH
[3.197s] -- Found PCL_SEARCH: /usr/lib/x86_64-linux-gnu/libpcl_search.so  
[3.197s] -- looking for PCL_SAMPLE_CONSENSUS
[3.198s] -- Found PCL_SAMPLE_CONSENSUS: /usr/lib/x86_64-linux-gnu/libpcl_sample_consensus.so  
[3.198s] -- looking for PCL_FILTERS
[3.199s] -- Found PCL_FILTERS: /usr/lib/x86_64-linux-gnu/libpcl_filters.so  
[3.199s] -- looking for PCL_2D
[3.199s] -- Found PCL_2D: /usr/include/pcl-1.14  
[3.199s] -- looking for PCL_GEOMETRY
[3.200s] -- Found PCL_GEOMETRY: /usr/include/pcl-1.14  
[3.200s] -- looking for PCL_IO
[3.200s] -- Found PCL_IO: /usr/lib/x86_64-linux-gnu/libpcl_io.so  
[3.200s] -- looking for PCL_FEATURES
[3.201s] -- Found PCL_FEATURES: /usr/lib/x86_64-linux-gnu/libpcl_features.so  
[3.201s] -- looking for PCL_ML
[3.202s] -- Found PCL_ML: /usr/lib/x86_64-linux-gnu/libpcl_ml.so  
[3.202s] -- looking for PCL_SEGMENTATION
[3.203s] -- Found PCL_SEGMENTATION: /usr/lib/x86_64-linux-gnu/libpcl_segmentation.so  
[3.203s] -- looking for PCL_VISUALIZATION
[3.204s] -- Found PCL_VISUALIZATION: /usr/lib/x86_64-linux-gnu/libpcl_visualization.so  
[3.204s] -- looking for PCL_SURFACE
[3.205s] -- Found PCL_SURFACE: /usr/lib/x86_64-linux-gnu/libpcl_surface.so  
[3.205s] -- looking for PCL_REGISTRATION
[3.206s] -- Found PCL_REGISTRATION: /usr/lib/x86_64-linux-gnu/libpcl_registration.so  
[3.206s] -- looking for PCL_KEYPOINTS
[3.206s] -- Found PCL_KEYPOINTS: /usr/lib/x86_64-linux-gnu/libpcl_keypoints.so  
[3.207s] -- looking for PCL_TRACKING
[3.207s] -- Found PCL_TRACKING: /usr/lib/x86_64-linux-gnu/libpcl_tracking.so  
[3.208s] -- looking for PCL_RECOGNITION
[3.208s] -- Found PCL_RECOGNITION: /usr/lib/x86_64-linux-gnu/libpcl_recognition.so  
[3.209s] -- looking for PCL_STEREO
[3.209s] -- Found PCL_STEREO: /usr/lib/x86_64-linux-gnu/libpcl_stereo.so  
[3.210s] -- looking for PCL_APPS
[3.210s] -- Found PCL_APPS: /usr/lib/x86_64-linux-gnu/libpcl_apps.so  
[3.211s] -- looking for PCL_IN_HAND_SCANNER
[3.211s] -- Found PCL_IN_HAND_SCANNER: /usr/include/pcl-1.14  
[3.211s] -- looking for PCL_MODELER
[3.211s] -- Found PCL_MODELER: /usr/include/pcl-1.14  
[3.211s] -- looking for PCL_POINT_CLOUD_EDITOR
[3.212s] -- Found PCL_POINT_CLOUD_EDITOR: /usr/include/pcl-1.14  
[3.212s] -- looking for PCL_OUTOFCORE
[3.213s] -- Found PCL_OUTOFCORE: /usr/lib/x86_64-linux-gnu/libpcl_outofcore.so  
[3.213s] -- looking for PCL_PEOPLE
[3.214s] -- Found PCL_PEOPLE: /usr/lib/x86_64-linux-gnu/libpcl_people.so  
[3.214s] -- Found PCL: pcl_common;pcl_kdtree;pcl_octree;pcl_search;pcl_sample_consensus;pcl_filters;pcl_io;pcl_features;pcl_ml;pcl_segmentation;pcl_visualization;pcl_surface;pcl_registration;pcl_keypoints;pcl_tracking;pcl_recognition;pcl_stereo;pcl_apps;pcl_outofcore;pcl_people;Boost::system;Boost::filesystem;Boost::iostreams;Boost::serialization;/usr/lib/libOpenNI.so;libusb::libusb;/usr/lib/x86_64-linux-gnu/libOpenNI2.so;libusb::libusb;VTK::ChartsCore;VTK::CommonColor;VTK::CommonComputationalGeometry;VTK::CommonCore;VTK::CommonDataModel;VTK::CommonExecutionModel;VTK::CommonMath;VTK::CommonMisc;VTK::CommonTransforms;VTK::FiltersCore;VTK::FiltersExtraction;VTK::FiltersGeneral;VTK::FiltersGeometry;VTK::FiltersModeling;VTK::FiltersSources;VTK::ImagingCore;VTK::ImagingSources;VTK::InteractionImage;VTK::InteractionStyle;VTK::InteractionWidgets;VTK::IOCore;VTK::IOGeometry;VTK::IOImage;VTK::IOLegacy;VTK::IOPLY;VTK::RenderingAnnotation;VTK::RenderingCore;VTK::RenderingContext2D;VTK::RenderingLOD;VTK::RenderingFreeType;VTK::ViewsCore;VTK::ViewsContext2D;VTK::RenderingOpenGL2;VTK::RenderingContextOpenGL2;VTK::GUISupportQt;FLANN::FLANN;QHULL::QHULL  
[3.234s] -- Found Boost: /usr/lib/x86_64-linux-gnu/cmake/Boost-1.83.0/BoostConfig.cmake (found suitable version "1.83.0", minimum required is "1.65") found components: serialization system filesystem thread program_options date_time timer chrono regex 
[3.236s] -- GTSAM include directory:  /usr/local/lib/cmake/GTSAM/../../../include
[3.237s] -- Found Eigen3: TRUE (found version "3.4.0") 
[3.239s] -- Found pcl_conversions: 2.6.2 (/opt/ros/jazzy/share/pcl_conversions/cmake)
[3.654s] -- Found ament_cmake_ros: 0.12.0 (/opt/ros/jazzy/share/ament_cmake_ros/cmake)
[4.009s] -- Using all available rosidl_typesupport_c: rosidl_typesupport_fastrtps_c;rosidl_typesupport_introspection_c
[4.457s] -- Using all available rosidl_typesupport_cpp: rosidl_typesupport_fastrtps_cpp;rosidl_typesupport_introspection_cpp
[4.459s] -- Found python_cmake_module: 0.11.1 (/opt/ros/jazzy/share/python_cmake_module/cmake)
[4.557s] -- Found PythonExtra: /usr/bin/python3  
[4.831s] -- Found Python3: /usr/bin/python3 (found version "3.12.3") found components: Interpreter Development NumPy Development.Module Development.Embed 
[4.893s] [0mCMake Deprecation Warning at /opt/ros/jazzy/share/rosidl_cmake/cmake/rosidl_target_interfaces.cmake:32 (message):
[4.893s]   Use rosidl_get_typesupport_target() and target_link_libraries() instead of
[4.893s]   rosidl_target_interfaces().  i.e:
[4.893s] 
[4.893s]     rosidl_get_typesupport_target(cpp_typesupport_target "${PROJECT_NAME}" "rosidl_typesupport_cpp")
[4.893s]     target_link_libraries(${PROJECT_NAME}_node "${cpp_typesupport_target}")
[4.893s] 
[4.894s] Call Stack (most recent call first):
[4.894s]   CMakeLists.txt:40 (rosidl_target_interfaces)
[4.894s] 
[4.894s] [0m
[4.912s] [0mCMake Deprecation Warning at /opt/ros/jazzy/share/rosidl_cmake/cmake/rosidl_target_interfaces.cmake:32 (message):
[4.912s]   Use rosidl_get_typesupport_target() and target_link_libraries() instead of
[4.912s]   rosidl_target_interfaces().  i.e:
[4.912s] 
[4.912s]     rosidl_get_typesupport_target(cpp_typesupport_target "${PROJECT_NAME}" "rosidl_typesupport_cpp")
[4.912s]     target_link_libraries(${PROJECT_NAME}_node "${cpp_typesupport_target}")
[4.912s] 
[4.912s] Call Stack (most recent call first):
[4.912s]   CMakeLists.txt:44 (rosidl_target_interfaces)
[4.912s] 
[4.912s] [0m
[4.930s] [0mCMake Deprecation Warning at /opt/ros/jazzy/share/rosidl_cmake/cmake/rosidl_target_interfaces.cmake:32 (message):
[4.930s]   Use rosidl_get_typesupport_target() and target_link_libraries() instead of
[4.930s]   rosidl_target_interfaces().  i.e:
[4.930s] 
[4.930s]     rosidl_get_typesupport_target(cpp_typesupport_target "${PROJECT_NAME}" "rosidl_typesupport_cpp")
[4.930s]     target_link_libraries(${PROJECT_NAME}_node "${cpp_typesupport_target}")
[4.930s] 
[4.930s] Call Stack (most recent call first):
[4.930s]   CMakeLists.txt:49 (rosidl_target_interfaces)
[4.930s] 
[4.930s] [0m
[4.948s] [0mCMake Deprecation Warning at /opt/ros/jazzy/share/rosidl_cmake/cmake/rosidl_target_interfaces.cmake:32 (message):
[4.948s]   Use rosidl_get_typesupport_target() and target_link_libraries() instead of
[4.948s]   rosidl_target_interfaces().  i.e:
[4.948s] 
[4.948s]     rosidl_get_typesupport_target(cpp_typesupport_target "${PROJECT_NAME}" "rosidl_typesupport_cpp")
[4.948s]     target_link_libraries(${PROJECT_NAME}_node "${cpp_typesupport_target}")
[4.948s] 
[4.948s] Call Stack (most recent call first):
[4.948s]   CMakeLists.txt:54 (rosidl_target_interfaces)
[4.948s] 
[4.948s] [0m
[4.950s] -- Found ament_lint_auto: 0.17.1 (/opt/ros/jazzy/share/ament_lint_auto/cmake)
[4.969s] -- Added test 'copyright' to check source files copyright and LICENSE
[4.984s] -- Added test 'cppcheck' to perform static code analysis on C / C++ code
[4.986s] -- Configured cppcheck include dirs: /home/yuanyan/LIO-SAM-ros2/include/lio_sam;$<BUILD_INTERFACE:/home/yuanyan/LIO-SAM-ros2/build/lio_sam/rosidl_generator_c>;$<BUILD_INTERFACE:/home/yuanyan/LIO-SAM-ros2/build/lio_sam/rosidl_typesupport_fastrtps_c>;$<BUILD_INTERFACE:/home/yuanyan/LIO-SAM-ros2/build/lio_sam/rosidl_typesupport_introspection_c>;$<BUILD_INTERFACE:/home/yuanyan/LIO-SAM-ros2/build/lio_sam/rosidl_generator_cpp>;$<BUILD_INTERFACE:/home/yuanyan/LIO-SAM-ros2/build/lio_sam/rosidl_typesupport_fastrtps_cpp>;$<BUILD_INTERFACE:/home/yuanyan/LIO-SAM-ros2/build/lio_sam/rosidl_typesupport_introspection_cpp>;/home/yuanyan/LIO-SAM-ros2/build/lio_sam/rosidl_generator_c;/home/yuanyan/LIO-SAM-ros2/build/lio_sam/rosidl_generator_py
[4.986s] -- Configured cppcheck exclude dirs and/or files: 
[5.000s] -- Added test 'cpplint' to check C / C++ code against the Google style
[5.000s] -- Configured cpplint exclude dirs and/or files: 
[5.002s] -- Added test 'flake8' to check Python code syntax and style conventions
[5.002s] -- Configured 'flake8' exclude dirs and/or files: 
[5.006s] -- Added test 'lint_cmake' to check CMake code style
[5.009s] -- Added test 'pep257' to check Python code against some of the docstring style conventions in PEP 257
[5.023s] -- Added test 'uncrustify' to check C / C++ code style
[5.023s] -- Configured uncrustify additional arguments: 
[5.025s] -- Added test 'xmllint' to check XML markup files
[5.027s] -- Configuring done (5.0s)
[5.119s] -- Generating done (0.1s)
[5.136s] -- Build files have been written to: /home/yuanyan/LIO-SAM-ros2/build/lio_sam
[5.151s] Invoked command in '/home/yuanyan/LIO-SAM-ros2/build/lio_sam' returned '0': CMAKE_PREFIX_PATH=${CMAKE_PREFIX_PATH}:/opt/ros/jazzy DEBUGINFOD_URLS=https://debuginfod.ubuntu.com /usr/bin/cmake /home/yuanyan/LIO-SAM-ros2 -DAMENT_CMAKE_SYMLINK_INSTALL=1 -DCMAKE_INSTALL_PREFIX=/home/yuanyan/LIO-SAM-ros2/install/lio_sam
[5.152s] Invoking command in '/home/yuanyan/LIO-SAM-ros2/build/lio_sam': CMAKE_PREFIX_PATH=${CMAKE_PREFIX_PATH}:/opt/ros/jazzy DEBUGINFOD_URLS=https://debuginfod.ubuntu.com /usr/bin/cmake --build /home/yuanyan/LIO-SAM-ros2/build/lio_sam -- -j16 -l16
[5.192s] [  1%] Built target lio_sam__rosidl_generator_type_description
[5.198s] [  1%] Built target ament_cmake_python_symlink_lio_sam
[5.207s] [ 17%] Built target lio_sam__rosidl_generator_c
[5.208s] [ 19%] Built target lio_sam__cpp
[5.223s] [ 42%] Built target lio_sam__rosidl_typesupport_introspection_c
[5.224s] [ 42%] Built target lio_sam__rosidl_typesupport_fastrtps_cpp
[5.224s] [ 42%] Built target lio_sam__rosidl_typesupport_c
[5.224s] [ 50%] Built target lio_sam__rosidl_typesupport_introspection_cpp
[5.226s] [ 57%] Built target lio_sam__rosidl_typesupport_fastrtps_c
[5.241s] [ 65%] Built target lio_sam__rosidl_typesupport_cpp
[5.255s] [ 65%] Built target lio_sam
[5.275s] [ 67%] Built target lio_sam__py
[5.285s] [ 71%] Built target lio_sam_imageProjection
[5.285s] [ 75%] Built target lio_sam_featureExtraction
[5.287s] [ 78%] Built target lio_sam_mapOptimization
[5.289s] [ 80%] [32mBuilding CXX object CMakeFiles/lio_sam_imuPreintegration.dir/src/imuPreintegration.cpp.o[0m
[5.298s] [ 86%] Built target lio_sam__rosidl_generator_py
[5.314s] [ 94%] Built target lio_sam_s__rosidl_typesupport_introspection_c
[5.314s] [ 94%] Built target lio_sam_s__rosidl_typesupport_c
[5.316s] [ 98%] Built target lio_sam_s__rosidl_typesupport_fastrtps_c
[5.332s] running egg_info
[5.344s] writing lio_sam.egg-info/PKG-INFO
[5.344s] writing dependency_links to lio_sam.egg-info/dependency_links.txt
[5.344s] writing top-level names to lio_sam.egg-info/top_level.txt
[5.375s] reading manifest file 'lio_sam.egg-info/SOURCES.txt'
[5.375s] writing manifest file 'lio_sam.egg-info/SOURCES.txt'
[5.393s] [ 98%] Built target ament_cmake_python_build_lio_sam_egg
[25.649s] [100%] [32m[1mLinking CXX executable lio_sam_imuPreintegration[0m
[26.087s] [100%] Built target lio_sam_imuPreintegration
[26.096s] Invoked command in '/home/yuanyan/LIO-SAM-ros2/build/lio_sam' returned '0': CMAKE_PREFIX_PATH=${CMAKE_PREFIX_PATH}:/opt/ros/jazzy DEBUGINFOD_URLS=https://debuginfod.ubuntu.com /usr/bin/cmake --build /home/yuanyan/LIO-SAM-ros2/build/lio_sam -- -j16 -l16
[26.102s] Invoking command in '/home/yuanyan/LIO-SAM-ros2/build/lio_sam': CMAKE_PREFIX_PATH=${CMAKE_PREFIX_PATH}:/opt/ros/jazzy DEBUGINFOD_URLS=https://debuginfod.ubuntu.com /usr/bin/cmake --install /home/yuanyan/LIO-SAM-ros2/build/lio_sam
[26.109s] -- Install configuration: "Release"
[26.110s] -- Execute custom install script
[26.110s] -- Symlinking: /home/yuanyan/LIO-SAM-ros2/install/lio_sam/share/ament_index/resource_index/rosidl_interfaces/lio_sam
[26.117s] -- Symlinking: /home/yuanyan/LIO-SAM-ros2/install/lio_sam/share/lio_sam/msg/CloudInfo.json
[26.122s] -- Symlinking: /home/yuanyan/LIO-SAM-ros2/install/lio_sam/share/lio_sam/srv/SaveMap.json
[26.129s] -- Symlinking: /home/yuanyan/LIO-SAM-ros2/install/lio_sam/include/lio_sam/lio_sam/msg/cloud_info.h
[26.136s] -- Symlinking: /home/yuanyan/LIO-SAM-ros2/install/lio_sam/include/lio_sam/lio_sam/msg/detail/cloud_info__functions.h
[26.142s] -- Symlinking: /home/yuanyan/LIO-SAM-ros2/install/lio_sam/include/lio_sam/lio_sam/msg/detail/cloud_info__struct.h
[26.148s] -- Symlinking: /home/yuanyan/LIO-SAM-ros2/install/lio_sam/include/lio_sam/lio_sam/msg/detail/cloud_info__type_support.h
[26.153s] -- Symlinking: /home/yuanyan/LIO-SAM-ros2/install/lio_sam/include/lio_sam/lio_sam/msg/rosidl_generator_c__visibility_control.h
[26.159s] -- Symlinking: /home/yuanyan/LIO-SAM-ros2/install/lio_sam/include/lio_sam/lio_sam/srv/detail/save_map__functions.h
[26.165s] -- Symlinking: /home/yuanyan/LIO-SAM-ros2/install/lio_sam/include/lio_sam/lio_sam/srv/detail/save_map__struct.h
[26.170s] -- Symlinking: /home/yuanyan/LIO-SAM-ros2/install/lio_sam/include/lio_sam/lio_sam/srv/detail/save_map__type_support.h
[26.175s] -- Symlinking: /home/yuanyan/LIO-SAM-ros2/install/lio_sam/include/lio_sam/lio_sam/srv/save_map.h
[26.181s] -- Symlinking: /home/yuanyan/LIO-SAM-ros2/install/lio_sam/share/lio_sam/environment/library_path.sh
[26.186s] -- Symlinking: /home/yuanyan/LIO-SAM-ros2/install/lio_sam/share/lio_sam/environment/library_path.dsv
[26.191s] -- Symlinking: /home/yuanyan/LIO-SAM-ros2/install/lio_sam/include/lio_sam/lio_sam/msg/detail/cloud_info__rosidl_typesupport_fastrtps_c.h
[26.197s] -- Symlinking: /home/yuanyan/LIO-SAM-ros2/install/lio_sam/include/lio_sam/lio_sam/msg/rosidl_typesupport_fastrtps_c__visibility_control.h
[26.202s] -- Symlinking: /home/yuanyan/LIO-SAM-ros2/install/lio_sam/include/lio_sam/lio_sam/srv/detail/save_map__rosidl_typesupport_fastrtps_c.h
[26.207s] -- Symlinking: /home/yuanyan/LIO-SAM-ros2/install/lio_sam/include/lio_sam/lio_sam/msg/detail/cloud_info__rosidl_typesupport_introspection_c.h
[26.212s] -- Symlinking: /home/yuanyan/LIO-SAM-ros2/install/lio_sam/include/lio_sam/lio_sam/msg/rosidl_typesupport_introspection_c__visibility_control.h
[26.218s] -- Symlinking: /home/yuanyan/LIO-SAM-ros2/install/lio_sam/include/lio_sam/lio_sam/srv/detail/save_map__rosidl_typesupport_introspection_c.h
[26.223s] -- Symlinking: /home/yuanyan/LIO-SAM-ros2/install/lio_sam/include/lio_sam/lio_sam/msg/cloud_info.hpp
[26.228s] -- Symlinking: /home/yuanyan/LIO-SAM-ros2/install/lio_sam/include/lio_sam/lio_sam/msg/detail/cloud_info__builder.hpp
[26.233s] -- Symlinking: /home/yuanyan/LIO-SAM-ros2/install/lio_sam/include/lio_sam/lio_sam/msg/detail/cloud_info__struct.hpp
[26.239s] -- Symlinking: /home/yuanyan/LIO-SAM-ros2/install/lio_sam/include/lio_sam/lio_sam/msg/detail/cloud_info__traits.hpp
[26.244s] -- Symlinking: /home/yuanyan/LIO-SAM-ros2/install/lio_sam/include/lio_sam/lio_sam/msg/detail/cloud_info__type_support.hpp
[26.250s] -- Symlinking: /home/yuanyan/LIO-SAM-ros2/install/lio_sam/include/lio_sam/lio_sam/msg/rosidl_generator_cpp__visibility_control.hpp
[26.255s] -- Symlinking: /home/yuanyan/LIO-SAM-ros2/install/lio_sam/include/lio_sam/lio_sam/srv/detail/save_map__builder.hpp
[26.260s] -- Symlinking: /home/yuanyan/LIO-SAM-ros2/install/lio_sam/include/lio_sam/lio_sam/srv/detail/save_map__struct.hpp
[26.266s] -- Symlinking: /home/yuanyan/LIO-SAM-ros2/install/lio_sam/include/lio_sam/lio_sam/srv/detail/save_map__traits.hpp
[26.271s] -- Symlinking: /home/yuanyan/LIO-SAM-ros2/install/lio_sam/include/lio_sam/lio_sam/srv/detail/save_map__type_support.hpp
[26.276s] -- Symlinking: /home/yuanyan/LIO-SAM-ros2/install/lio_sam/include/lio_sam/lio_sam/srv/save_map.hpp
[26.283s] -- Symlinking: /home/yuanyan/LIO-SAM-ros2/install/lio_sam/include/lio_sam/lio_sam/msg/detail/cloud_info__rosidl_typesupport_fastrtps_cpp.hpp
[26.288s] -- Symlinking: /home/yuanyan/LIO-SAM-ros2/install/lio_sam/include/lio_sam/lio_sam/msg/rosidl_typesupport_fastrtps_cpp__visibility_control.h
[26.294s] -- Symlinking: /home/yuanyan/LIO-SAM-ros2/install/lio_sam/include/lio_sam/lio_sam/srv/detail/save_map__rosidl_typesupport_fastrtps_cpp.hpp
[26.300s] -- Symlinking: /home/yuanyan/LIO-SAM-ros2/install/lio_sam/include/lio_sam/lio_sam/msg/detail/cloud_info__rosidl_typesupport_introspection_cpp.hpp
[26.307s] -- Symlinking: /home/yuanyan/LIO-SAM-ros2/install/lio_sam/include/lio_sam/lio_sam/srv/detail/save_map__rosidl_typesupport_introspection_cpp.hpp
[26.315s] -- Symlinking: /home/yuanyan/LIO-SAM-ros2/install/lio_sam/share/lio_sam/environment/pythonpath.sh
[26.321s] -- Symlinking: /home/yuanyan/LIO-SAM-ros2/install/lio_sam/share/lio_sam/environment/pythonpath.dsv
[26.326s] -- Symlinking: /home/yuanyan/LIO-SAM-ros2/install/lio_sam/lib/python3.12/site-packages/lio_sam-1.0.0-py3.12.egg-info/PKG-INFO
[26.332s] -- Symlinking: /home/yuanyan/LIO-SAM-ros2/install/lio_sam/lib/python3.12/site-packages/lio_sam-1.0.0-py3.12.egg-info/SOURCES.txt
[26.339s] -- Symlinking: /home/yuanyan/LIO-SAM-ros2/install/lio_sam/lib/python3.12/site-packages/lio_sam-1.0.0-py3.12.egg-info/dependency_links.txt
[26.343s] -- Symlinking: /home/yuanyan/LIO-SAM-ros2/install/lio_sam/lib/python3.12/site-packages/lio_sam-1.0.0-py3.12.egg-info/top_level.txt
[26.350s] -- Symlinking: /home/yuanyan/LIO-SAM-ros2/install/lio_sam/lib/python3.12/site-packages/lio_sam/__init__.py
[26.356s] -- Symlinking: /home/yuanyan/LIO-SAM-ros2/install/lio_sam/lib/python3.12/site-packages/lio_sam/_lio_sam_s.ep.rosidl_typesupport_c.c
[26.362s] -- Symlinking: /home/yuanyan/LIO-SAM-ros2/install/lio_sam/lib/python3.12/site-packages/lio_sam/_lio_sam_s.ep.rosidl_typesupport_fastrtps_c.c
[26.366s] -- Symlinking: /home/yuanyan/LIO-SAM-ros2/install/lio_sam/lib/python3.12/site-packages/lio_sam/_lio_sam_s.ep.rosidl_typesupport_introspection_c.c
[26.372s] -- Symlinking: /home/yuanyan/LIO-SAM-ros2/install/lio_sam/lib/python3.12/site-packages/lio_sam/lio_sam_s__rosidl_typesupport_c.so
[26.378s] -- Symlinking: /home/yuanyan/LIO-SAM-ros2/install/lio_sam/lib/python3.12/site-packages/lio_sam/lio_sam_s__rosidl_typesupport_fastrtps_c.so
[26.384s] -- Symlinking: /home/yuanyan/LIO-SAM-ros2/install/lio_sam/lib/python3.12/site-packages/lio_sam/lio_sam_s__rosidl_typesupport_introspection_c.so
[26.389s] -- Symlinking: /home/yuanyan/LIO-SAM-ros2/install/lio_sam/lib/python3.12/site-packages/lio_sam/msg/__init__.py
[26.393s] -- Symlinking: /home/yuanyan/LIO-SAM-ros2/install/lio_sam/lib/python3.12/site-packages/lio_sam/msg/_cloud_info.py
[26.399s] -- Symlinking: /home/yuanyan/LIO-SAM-ros2/install/lio_sam/lib/python3.12/site-packages/lio_sam/msg/_cloud_info_s.c
[26.405s] -- Symlinking: /home/yuanyan/LIO-SAM-ros2/install/lio_sam/lib/python3.12/site-packages/lio_sam/srv/__init__.py
[26.411s] -- Symlinking: /home/yuanyan/LIO-SAM-ros2/install/lio_sam/lib/python3.12/site-packages/lio_sam/srv/_save_map.py
[26.417s] -- Symlinking: /home/yuanyan/LIO-SAM-ros2/install/lio_sam/lib/python3.12/site-packages/lio_sam/srv/_save_map_s.c
[26.422s] -- Up-to-date symlink: /home/yuanyan/LIO-SAM-ros2/install/lio_sam/lib/python3.12/site-packages/lio_sam/lio_sam_s__rosidl_typesupport_fastrtps_c.so
[26.422s] -- Up-to-date symlink: /home/yuanyan/LIO-SAM-ros2/install/lio_sam/lib/python3.12/site-packages/lio_sam/lio_sam_s__rosidl_typesupport_introspection_c.so
[26.422s] -- Up-to-date symlink: /home/yuanyan/LIO-SAM-ros2/install/lio_sam/lib/python3.12/site-packages/lio_sam/lio_sam_s__rosidl_typesupport_c.so
[26.422s] -- Symlinking: /home/yuanyan/LIO-SAM-ros2/install/lio_sam/share/lio_sam/msg/CloudInfo.idl
[26.428s] -- Symlinking: /home/yuanyan/LIO-SAM-ros2/install/lio_sam/share/lio_sam/srv/SaveMap.idl
[26.435s] -- Symlinking: /home/yuanyan/LIO-SAM-ros2/install/lio_sam/share/lio_sam/msg/CloudInfo.msg
[26.442s] -- Symlinking: /home/yuanyan/LIO-SAM-ros2/install/lio_sam/share/lio_sam/srv/SaveMap.srv
[26.450s] -- Symlinking: /home/yuanyan/LIO-SAM-ros2/install/lio_sam/share/lio_sam//launch/run.launch.py
[26.458s] -- Symlinking: /home/yuanyan/LIO-SAM-ros2/install/lio_sam/share/lio_sam//config/doc/demo.gif
[26.465s] -- Symlinking: /home/yuanyan/LIO-SAM-ros2/install/lio_sam/share/lio_sam//config/doc/device-boat.png
[26.472s] -- Symlinking: /home/yuanyan/LIO-SAM-ros2/install/lio_sam/share/lio_sam//config/doc/device-hand-2.png
[26.477s] -- Symlinking: /home/yuanyan/LIO-SAM-ros2/install/lio_sam/share/lio_sam//config/doc/device-hand.png
[26.483s] -- Symlinking: /home/yuanyan/LIO-SAM-ros2/install/lio_sam/share/lio_sam//config/doc/device-jackal.png
[26.488s] -- Symlinking: /home/yuanyan/LIO-SAM-ros2/install/lio_sam/share/lio_sam//config/doc/gps-demo.gif
[26.494s] -- Symlinking: /home/yuanyan/LIO-SAM-ros2/install/lio_sam/share/lio_sam//config/doc/imu-debug.gif
[26.500s] -- Symlinking: /home/yuanyan/LIO-SAM-ros2/install/lio_sam/share/lio_sam//config/doc/imu-transform.png
[26.507s] -- Symlinking: /home/yuanyan/LIO-SAM-ros2/install/lio_sam/share/lio_sam//config/doc/kitti-demo.gif
[26.511s] -- Symlinking: /home/yuanyan/LIO-SAM-ros2/install/lio_sam/share/lio_sam//config/doc/kitti-map.png
[26.519s] -- Symlinking: /home/yuanyan/LIO-SAM-ros2/install/lio_sam/share/lio_sam//config/doc/kitti2bag/README.md
[26.524s] -- Symlinking: /home/yuanyan/LIO-SAM-ros2/install/lio_sam/share/lio_sam//config/doc/kitti2bag/kitti2bag.py
[26.532s] -- Symlinking: /home/yuanyan/LIO-SAM-ros2/install/lio_sam/share/lio_sam//config/doc/loop-closure-2.gif
[26.538s] -- Symlinking: /home/yuanyan/LIO-SAM-ros2/install/lio_sam/share/lio_sam//config/doc/loop-closure.gif
[26.544s] -- Symlinking: /home/yuanyan/LIO-SAM-ros2/install/lio_sam/share/lio_sam//config/doc/ouster-demo.gif
[26.549s] -- Symlinking: /home/yuanyan/LIO-SAM-ros2/install/lio_sam/share/lio_sam//config/doc/ouster-device.jpg
[26.555s] -- Symlinking: /home/yuanyan/LIO-SAM-ros2/install/lio_sam/share/lio_sam//config/doc/paper.pdf
[26.560s] -- Symlinking: /home/yuanyan/LIO-SAM-ros2/install/lio_sam/share/lio_sam//config/doc/system.png
[26.565s] -- Symlinking: /home/yuanyan/LIO-SAM-ros2/install/lio_sam/share/lio_sam//config/params.yaml
[26.571s] -- Symlinking: /home/yuanyan/LIO-SAM-ros2/install/lio_sam/share/lio_sam//config/robot.urdf.xacro
[26.577s] -- Symlinking: /home/yuanyan/LIO-SAM-ros2/install/lio_sam/share/lio_sam//config/rviz2.rviz
[26.582s] -- Symlinking: /home/yuanyan/LIO-SAM-ros2/install/lio_sam/lib/lio_sam/lio_sam_imageProjection
[26.587s] -- Symlinking: /home/yuanyan/LIO-SAM-ros2/install/lio_sam/lib/lio_sam/lio_sam_imuPreintegration
[26.592s] -- Symlinking: /home/yuanyan/LIO-SAM-ros2/install/lio_sam/lib/lio_sam/lio_sam_featureExtraction
[26.598s] -- Symlinking: /home/yuanyan/LIO-SAM-ros2/install/lio_sam/lib/lio_sam/lio_sam_mapOptimization
[26.603s] -- Symlinking: /home/yuanyan/LIO-SAM-ros2/install/lio_sam/include/lio_sam/utility.hpp
[26.608s] -- Symlinking: /home/yuanyan/LIO-SAM-ros2/install/lio_sam/share/ament_index/resource_index/package_run_dependencies/lio_sam
[26.614s] -- Symlinking: /home/yuanyan/LIO-SAM-ros2/install/lio_sam/share/ament_index/resource_index/parent_prefix_path/lio_sam
[26.619s] -- Symlinking: /home/yuanyan/LIO-SAM-ros2/install/lio_sam/share/lio_sam/environment/ament_prefix_path.sh
[26.624s] -- Symlinking: /home/yuanyan/LIO-SAM-ros2/install/lio_sam/share/lio_sam/environment/ament_prefix_path.dsv
[26.630s] -- Symlinking: /home/yuanyan/LIO-SAM-ros2/install/lio_sam/share/lio_sam/environment/path.sh
[26.635s] -- Symlinking: /home/yuanyan/LIO-SAM-ros2/install/lio_sam/share/lio_sam/environment/path.dsv
[26.639s] -- Symlinking: /home/yuanyan/LIO-SAM-ros2/install/lio_sam/share/lio_sam/local_setup.bash
[26.644s] -- Symlinking: /home/yuanyan/LIO-SAM-ros2/install/lio_sam/share/lio_sam/local_setup.sh
[26.649s] -- Symlinking: /home/yuanyan/LIO-SAM-ros2/install/lio_sam/share/lio_sam/local_setup.zsh
[26.657s] -- Symlinking: /home/yuanyan/LIO-SAM-ros2/install/lio_sam/share/lio_sam/local_setup.dsv
[26.662s] -- Symlinking: /home/yuanyan/LIO-SAM-ros2/install/lio_sam/share/lio_sam/package.dsv
[26.669s] -- Symlinking: /home/yuanyan/LIO-SAM-ros2/install/lio_sam/share/ament_index/resource_index/packages/lio_sam
[26.676s] -- Symlinking: /home/yuanyan/LIO-SAM-ros2/install/lio_sam/share/lio_sam/cmake/rosidl_cmake-extras.cmake
[26.683s] -- Symlinking: /home/yuanyan/LIO-SAM-ros2/install/lio_sam/share/lio_sam/cmake/ament_cmake_export_dependencies-extras.cmake
[26.689s] -- Symlinking: /home/yuanyan/LIO-SAM-ros2/install/lio_sam/share/lio_sam/cmake/ament_cmake_export_include_directories-extras.cmake
[26.695s] -- Symlinking: /home/yuanyan/LIO-SAM-ros2/install/lio_sam/share/lio_sam/cmake/ament_cmake_export_libraries-extras.cmake
[26.701s] -- Symlinking: /home/yuanyan/LIO-SAM-ros2/install/lio_sam/share/lio_sam/cmake/ament_cmake_export_targets-extras.cmake
[26.707s] -- Symlinking: /home/yuanyan/LIO-SAM-ros2/install/lio_sam/share/lio_sam/cmake/rosidl_cmake_export_typesupport_targets-extras.cmake
[26.713s] -- Symlinking: /home/yuanyan/LIO-SAM-ros2/install/lio_sam/share/lio_sam/cmake/rosidl_cmake_export_typesupport_libraries-extras.cmake
[26.718s] -- Symlinking: /home/yuanyan/LIO-SAM-ros2/install/lio_sam/share/lio_sam/cmake/lio_samConfig.cmake
[26.725s] -- Symlinking: /home/yuanyan/LIO-SAM-ros2/install/lio_sam/share/lio_sam/cmake/lio_samConfig-version.cmake
[26.731s] -- Symlinking: /home/yuanyan/LIO-SAM-ros2/install/lio_sam/share/lio_sam/package.xml
[26.736s] -- Installing: /home/yuanyan/LIO-SAM-ros2/install/lio_sam/lib/liblio_sam__rosidl_generator_c.so
[26.736s] -- Set non-toolchain portion of runtime path of "/home/yuanyan/LIO-SAM-ros2/install/lio_sam/lib/liblio_sam__rosidl_generator_c.so" to ""
[26.736s] -- Installing: /home/yuanyan/LIO-SAM-ros2/install/lio_sam/lib/liblio_sam__rosidl_typesupport_fastrtps_c.so
[26.736s] -- Set non-toolchain portion of runtime path of "/home/yuanyan/LIO-SAM-ros2/install/lio_sam/lib/liblio_sam__rosidl_typesupport_fastrtps_c.so" to ""
[26.736s] -- Installing: /home/yuanyan/LIO-SAM-ros2/install/lio_sam/lib/liblio_sam__rosidl_typesupport_introspection_c.so
[26.736s] -- Set non-toolchain portion of runtime path of "/home/yuanyan/LIO-SAM-ros2/install/lio_sam/lib/liblio_sam__rosidl_typesupport_introspection_c.so" to ""
[26.736s] -- Installing: /home/yuanyan/LIO-SAM-ros2/install/lio_sam/lib/liblio_sam__rosidl_typesupport_c.so
[26.737s] -- Set non-toolchain portion of runtime path of "/home/yuanyan/LIO-SAM-ros2/install/lio_sam/lib/liblio_sam__rosidl_typesupport_c.so" to ""
[26.737s] -- Installing: /home/yuanyan/LIO-SAM-ros2/install/lio_sam/lib/liblio_sam__rosidl_typesupport_fastrtps_cpp.so
[26.737s] -- Set non-toolchain portion of runtime path of "/home/yuanyan/LIO-SAM-ros2/install/lio_sam/lib/liblio_sam__rosidl_typesupport_fastrtps_cpp.so" to ""
[26.737s] -- Installing: /home/yuanyan/LIO-SAM-ros2/install/lio_sam/lib/liblio_sam__rosidl_typesupport_introspection_cpp.so
[26.737s] -- Set non-toolchain portion of runtime path of "/home/yuanyan/LIO-SAM-ros2/install/lio_sam/lib/liblio_sam__rosidl_typesupport_introspection_cpp.so" to ""
[26.737s] -- Installing: /home/yuanyan/LIO-SAM-ros2/install/lio_sam/lib/liblio_sam__rosidl_typesupport_cpp.so
[26.737s] -- Set non-toolchain portion of runtime path of "/home/yuanyan/LIO-SAM-ros2/install/lio_sam/lib/liblio_sam__rosidl_typesupport_cpp.so" to ""
[26.767s] Listing '/home/yuanyan/LIO-SAM-ros2/install/lio_sam/lib/python3.12/site-packages/lio_sam'...
[26.767s] Compiling '/home/yuanyan/LIO-SAM-ros2/install/lio_sam/lib/python3.12/site-packages/lio_sam/__init__.py'...
[26.767s] Listing '/home/yuanyan/LIO-SAM-ros2/install/lio_sam/lib/python3.12/site-packages/lio_sam/msg'...
[26.767s] Compiling '/home/yuanyan/LIO-SAM-ros2/install/lio_sam/lib/python3.12/site-packages/lio_sam/msg/__init__.py'...
[26.767s] Compiling '/home/yuanyan/LIO-SAM-ros2/install/lio_sam/lib/python3.12/site-packages/lio_sam/msg/_cloud_info.py'...
[26.767s] Listing '/home/yuanyan/LIO-SAM-ros2/install/lio_sam/lib/python3.12/site-packages/lio_sam/srv'...
[26.767s] Compiling '/home/yuanyan/LIO-SAM-ros2/install/lio_sam/lib/python3.12/site-packages/lio_sam/srv/__init__.py'...
[26.767s] Compiling '/home/yuanyan/LIO-SAM-ros2/install/lio_sam/lib/python3.12/site-packages/lio_sam/srv/_save_map.py'...
[26.771s] -- Installing: /home/yuanyan/LIO-SAM-ros2/install/lio_sam/lib/liblio_sam__rosidl_generator_py.so
[26.771s] -- Set non-toolchain portion of runtime path of "/home/yuanyan/LIO-SAM-ros2/install/lio_sam/lib/liblio_sam__rosidl_generator_py.so" to ""
[26.772s] -- Installing: /home/yuanyan/LIO-SAM-ros2/install/lio_sam/share/lio_sam/cmake/export_lio_sam__rosidl_generator_cExport.cmake
[26.772s] -- Installing: /home/yuanyan/LIO-SAM-ros2/install/lio_sam/share/lio_sam/cmake/export_lio_sam__rosidl_generator_cExport-release.cmake
[26.772s] -- Installing: /home/yuanyan/LIO-SAM-ros2/install/lio_sam/share/lio_sam/cmake/export_lio_sam__rosidl_typesupport_fastrtps_cExport.cmake
[26.772s] -- Installing: /home/yuanyan/LIO-SAM-ros2/install/lio_sam/share/lio_sam/cmake/export_lio_sam__rosidl_typesupport_fastrtps_cExport-release.cmake
[26.772s] -- Installing: /home/yuanyan/LIO-SAM-ros2/install/lio_sam/share/lio_sam/cmake/lio_sam__rosidl_typesupport_introspection_cExport.cmake
[26.772s] -- Installing: /home/yuanyan/LIO-SAM-ros2/install/lio_sam/share/lio_sam/cmake/lio_sam__rosidl_typesupport_introspection_cExport-release.cmake
[26.772s] -- Installing: /home/yuanyan/LIO-SAM-ros2/install/lio_sam/share/lio_sam/cmake/lio_sam__rosidl_typesupport_cExport.cmake
[26.772s] -- Installing: /home/yuanyan/LIO-SAM-ros2/install/lio_sam/share/lio_sam/cmake/lio_sam__rosidl_typesupport_cExport-release.cmake
[26.772s] -- Installing: /home/yuanyan/LIO-SAM-ros2/install/lio_sam/share/lio_sam/cmake/export_lio_sam__rosidl_generator_cppExport.cmake
[26.772s] -- Installing: /home/yuanyan/LIO-SAM-ros2/install/lio_sam/share/lio_sam/cmake/export_lio_sam__rosidl_typesupport_fastrtps_cppExport.cmake
[26.772s] -- Installing: /home/yuanyan/LIO-SAM-ros2/install/lio_sam/share/lio_sam/cmake/export_lio_sam__rosidl_typesupport_fastrtps_cppExport-release.cmake
[26.772s] -- Installing: /home/yuanyan/LIO-SAM-ros2/install/lio_sam/share/lio_sam/cmake/lio_sam__rosidl_typesupport_introspection_cppExport.cmake
[26.772s] -- Installing: /home/yuanyan/LIO-SAM-ros2/install/lio_sam/share/lio_sam/cmake/lio_sam__rosidl_typesupport_introspection_cppExport-release.cmake
[26.772s] -- Installing: /home/yuanyan/LIO-SAM-ros2/install/lio_sam/share/lio_sam/cmake/lio_sam__rosidl_typesupport_cppExport.cmake
[26.772s] -- Installing: /home/yuanyan/LIO-SAM-ros2/install/lio_sam/share/lio_sam/cmake/lio_sam__rosidl_typesupport_cppExport-release.cmake
[26.772s] -- Installing: /home/yuanyan/LIO-SAM-ros2/install/lio_sam/share/lio_sam/cmake/export_lio_sam__rosidl_generator_pyExport.cmake
[26.772s] -- Installing: /home/yuanyan/LIO-SAM-ros2/install/lio_sam/share/lio_sam/cmake/export_lio_sam__rosidl_generator_pyExport-release.cmake
[26.774s] Invoked command in '/home/yuanyan/LIO-SAM-ros2/build/lio_sam' returned '0': CMAKE_PREFIX_PATH=${CMAKE_PREFIX_PATH}:/opt/ros/jazzy DEBUGINFOD_URLS=https://debuginfod.ubuntu.com /usr/bin/cmake --install /home/yuanyan/LIO-SAM-ros2/build/lio_sam
